Archive member included to satisfy reference by file (symbol)

/usr/lib/gcc/arm-none-eabi/14.2.1/../../../arm-none-eabi/lib/thumb/v7e-m/nofp/libm.a(libm_a-sf_sin.o)
                              ./build/obj/dac_ex.o (symbol from plugin) (sinf)
/usr/lib/gcc/arm-none-eabi/14.2.1/../../../arm-none-eabi/lib/thumb/v7e-m/nofp/libm.a(libm_a-kf_sin.o)
                              /usr/lib/gcc/arm-none-eabi/14.2.1/../../../arm-none-eabi/lib/thumb/v7e-m/nofp/libm.a(libm_a-sf_sin.o) (__kernel_sinf)
/usr/lib/gcc/arm-none-eabi/14.2.1/../../../arm-none-eabi/lib/thumb/v7e-m/nofp/libm.a(libm_a-ef_rem_pio2.o)
                              /usr/lib/gcc/arm-none-eabi/14.2.1/../../../arm-none-eabi/lib/thumb/v7e-m/nofp/libm.a(libm_a-sf_sin.o) (__ieee754_rem_pio2f)
/usr/lib/gcc/arm-none-eabi/14.2.1/../../../arm-none-eabi/lib/thumb/v7e-m/nofp/libm.a(libm_a-sf_fabs.o)
                              /usr/lib/gcc/arm-none-eabi/14.2.1/../../../arm-none-eabi/lib/thumb/v7e-m/nofp/libm.a(libm_a-ef_rem_pio2.o) (fabsf)
/usr/lib/gcc/arm-none-eabi/14.2.1/../../../arm-none-eabi/lib/thumb/v7e-m/nofp/libm.a(libm_a-kf_rem_pio2.o)
                              /usr/lib/gcc/arm-none-eabi/14.2.1/../../../arm-none-eabi/lib/thumb/v7e-m/nofp/libm.a(libm_a-ef_rem_pio2.o) (__kernel_rem_pio2f)
/usr/lib/gcc/arm-none-eabi/14.2.1/../../../arm-none-eabi/lib/thumb/v7e-m/nofp/libm.a(libm_a-sf_scalbn.o)
                              /usr/lib/gcc/arm-none-eabi/14.2.1/../../../arm-none-eabi/lib/thumb/v7e-m/nofp/libm.a(libm_a-kf_rem_pio2.o) (scalbnf)
/usr/lib/gcc/arm-none-eabi/14.2.1/../../../arm-none-eabi/lib/thumb/v7e-m/nofp/libm.a(libm_a-kf_cos.o)
                              /usr/lib/gcc/arm-none-eabi/14.2.1/../../../arm-none-eabi/lib/thumb/v7e-m/nofp/libm.a(libm_a-sf_sin.o) (__kernel_cosf)
/usr/lib/gcc/arm-none-eabi/14.2.1/../../../arm-none-eabi/lib/thumb/v7e-m/nofp/libm.a(libm_a-sf_floor.o)
                              /usr/lib/gcc/arm-none-eabi/14.2.1/../../../arm-none-eabi/lib/thumb/v7e-m/nofp/libm.a(libm_a-kf_rem_pio2.o) (floorf)
/usr/lib/gcc/arm-none-eabi/14.2.1/thumb/v7e-m/nofp/libgcc.a(_arm_mulsf3.o)
                              /usr/lib/gcc/arm-none-eabi/14.2.1/../../../arm-none-eabi/lib/thumb/v7e-m/nofp/libm.a(libm_a-kf_sin.o) (__aeabi_fmul)
/usr/lib/gcc/arm-none-eabi/14.2.1/thumb/v7e-m/nofp/libgcc.a(_arm_addsubsf3.o)
                              /usr/lib/gcc/arm-none-eabi/14.2.1/../../../arm-none-eabi/lib/thumb/v7e-m/nofp/libm.a(libm_a-sf_sin.o) (__aeabi_fsub)
/usr/lib/gcc/arm-none-eabi/14.2.1/thumb/v7e-m/nofp/libgcc.a(_arm_cmpsf2.o)
                              /usr/lib/gcc/arm-none-eabi/14.2.1/../../../arm-none-eabi/lib/thumb/v7e-m/nofp/libm.a(libm_a-ef_rem_pio2.o) (__aeabi_fcmpeq)
/usr/lib/gcc/arm-none-eabi/14.2.1/thumb/v7e-m/nofp/libgcc.a(_arm_fixsfsi.o)
                              /usr/lib/gcc/arm-none-eabi/14.2.1/../../../arm-none-eabi/lib/thumb/v7e-m/nofp/libm.a(libm_a-kf_sin.o) (__aeabi_f2iz)
/usr/lib/gcc/arm-none-eabi/14.2.1/../../../arm-none-eabi/lib/thumb/v7e-m/nofp/libg.a(libc_a-ctype_.o)
                              ./build/obj/chscanf.o (symbol from plugin) (_ctype_)
/usr/lib/gcc/arm-none-eabi/14.2.1/thumb/v7e-m/nofp/libgcc.a(_arm_muldf3.o)
                              /tmp/ccrHsyst.ltrans0.ltrans.o (__aeabi_dmul)
/usr/lib/gcc/arm-none-eabi/14.2.1/thumb/v7e-m/nofp/libgcc.a(_arm_addsubdf3.o)
                              /tmp/ccrHsyst.ltrans0.ltrans.o (__aeabi_i2d)
/usr/lib/gcc/arm-none-eabi/14.2.1/thumb/v7e-m/nofp/libgcc.a(_arm_muldivdf3.o)
                              /tmp/ccrHsyst.ltrans0.ltrans.o (__aeabi_ddiv)
/usr/lib/gcc/arm-none-eabi/14.2.1/thumb/v7e-m/nofp/libgcc.a(_arm_truncdfsf2.o)
                              /tmp/ccrHsyst.ltrans0.ltrans.o (__aeabi_d2f)
/usr/lib/gcc/arm-none-eabi/14.2.1/thumb/v7e-m/nofp/libgcc.a(_arm_fixunssfsi.o)
                              /tmp/ccrHsyst.ltrans0.ltrans.o (__aeabi_f2uiz)
/usr/lib/gcc/arm-none-eabi/14.2.1/../../../arm-none-eabi/lib/thumb/v7e-m/nofp/libg.a(libc_a-memset.o)
                              /tmp/ccrHsyst.ltrans0.ltrans.o (memset)
/usr/lib/gcc/arm-none-eabi/14.2.1/../../../arm-none-eabi/lib/thumb/v7e-m/nofp/libg.a(libc_a-memcpy.o)
                              /tmp/ccrHsyst.ltrans0.ltrans.o (memcpy)

Discarded input sections

 .data          0x00000000        0x0 ./build/obj/crt0_v7m.o
 .bss           0x00000000        0x0 ./build/obj/crt0_v7m.o
 .data          0x00000000        0x0 ./build/obj/vectors.o
 .bss           0x00000000        0x0 ./build/obj/vectors.o
 .data          0x00000000        0x0 ./build/obj/chcoreasm.o
 .bss           0x00000000        0x0 ./build/obj/chcoreasm.o
 .text          0x00000000        0x0 /tmp/ccrHsyst.ltrans0.ltrans.o
 .data          0x00000000        0x0 /tmp/ccrHsyst.ltrans0.ltrans.o
 .bss           0x00000000        0x0 /tmp/ccrHsyst.ltrans0.ltrans.o
 .comment       0x00000000       0x27 /tmp/ccOHubZJ.debug.temp.o
 .debug_info    0x00000000      0x12e /tmp/ccbfEL7G.debug.temp.o
[...]
Memory Configuration

Name             Origin             Length             Attributes
flash0           0x08000000         0x00200000         xr
flash1           0x08000000         0x00100000         xr
flash2           0x08100000         0x00100000         xr
flash3           0x00000000         0x00000000         xr
flash4           0x00000000         0x00000000         xr
flash5           0x00000000         0x00000000         xr
flash6           0x00000000         0x00000000         xr
flash7           0x00000000         0x00000000         xr
ram0             0x24000000         0x00080000         xw
ram1             0x30000000         0x00040000         xw
ram2             0x30000000         0x00048000         xw
ram3             0x30040000         0x00008000         xw
ram4             0x38000000         0x00010000         xw
ram5             0x20000000         0x00020000         xw
ram6             0x00000000         0x00010000         xw
ram7             0x38800000         0x00001000         xw
*default*        0x00000000         0xffffffff

Linker script and memory map

LOAD ./build/obj/crt0_v7m.o
LOAD ./build/obj/vectors.o
LOAD ./build/obj/chcoreasm.o
LOAD ./build/obj/crt1.o
LOAD /tmp/ccrHsyst.ltrans0.ltrans.o
LOAD /tmp/ccOHubZJ.debug.temp.o
LOAD /tmp/ccbfEL7G.debug.temp.o
LOAD /tmp/ccdYMqpb.debug.temp.o
LOAD /tmp/ccFa0CEz.debug.temp.o
LOAD /tmp/cckWRTTy.debug.temp.o
LOAD /tmp/ccbVSL3P.debug.temp.o
LOAD /tmp/cchtYY7g.debug.temp.o
LOAD /tmp/ccB1m7ln.debug.temp.o
LOAD /tmp/ccnC4zYR.debug.temp.o
LOAD /tmp/ccsJKFNx.debug.temp.o
LOAD /tmp/ccGvdJ8U.debug.temp.o
LOAD /tmp/cccUs1RH.debug.temp.o
LOAD /tmp/ccfWHsu2.debug.temp.o
LOAD /tmp/ccrj4D9z.debug.temp.o
LOAD /tmp/ccTGfoOG.debug.temp.o
LOAD /tmp/cclQuCkj.debug.temp.o
LOAD /tmp/ccZtHZjB.debug.temp.o
LOAD /tmp/cc03rXvr.debug.temp.o
LOAD /tmp/ccO2jpyU.debug.temp.o
LOAD /tmp/ccal8y5u.debug.temp.o
LOAD /tmp/ccd1SjUr.debug.temp.o
LOAD /tmp/cclLmJfO.debug.temp.o
LOAD /tmp/ccyWhgn5.debug.temp.o
LOAD /tmp/cc1Qjl86.debug.temp.o
LOAD /tmp/cckhnNwk.debug.temp.o
LOAD /tmp/cca2ibYp.debug.temp.o
LOAD /tmp/ccOTT6P3.debug.temp.o
LOAD /tmp/cckOzbWh.debug.temp.o
LOAD /tmp/cca4I3MV.debug.temp.o
LOAD /tmp/ccbZHVY4.debug.temp.o
LOAD /tmp/ccVfoCcM.debug.temp.o
LOAD /tmp/cca0M4TC.debug.temp.o
LOAD /tmp/ccMeakWd.debug.temp.o
LOAD /tmp/cc9lHWLh.debug.temp.o
LOAD /tmp/ccCHdDxf.debug.temp.o
LOAD /tmp/cc41C0K7.debug.temp.o
LOAD /tmp/ccBinCS7.debug.temp.o
LOAD /tmp/cc1AetPn.debug.temp.o
LOAD /tmp/ccKR8HiW.debug.temp.o
LOAD /tmp/ccmrFYVR.debug.temp.o
LOAD /tmp/ccCNXhMF.debug.temp.o
LOAD /tmp/ccCFZ3Z5.debug.temp.o
LOAD /tmp/ccHudmjB.debug.temp.o
LOAD /tmp/ccq7avKh.debug.temp.o
LOAD /tmp/cc5KOfS3.debug.temp.o
LOAD /tmp/ccNa9VRX.debug.temp.o
LOAD /tmp/ccC9S4Oo.debug.temp.o
LOAD /tmp/cccRrQRX.debug.temp.o
LOAD /tmp/ccNLUmVQ.debug.temp.o
LOAD /tmp/ccrpZ1kU.debug.temp.o
LOAD /tmp/ccoHyjAi.debug.temp.o
LOAD /tmp/cc2hRZEu.debug.temp.o
LOAD /tmp/cc8PsGWH.debug.temp.o
LOAD /tmp/cctxMiN9.debug.temp.o
LOAD /tmp/cc5OnYSM.debug.temp.o
LOAD /tmp/ccH2qxrr.debug.temp.o
LOAD /tmp/cc84M0a6.debug.temp.o
LOAD /tmp/cco6jUe6.debug.temp.o
LOAD /tmp/cc3ACAfC.debug.temp.o
LOAD /tmp/ccawoCjr.debug.temp.o
LOAD /tmp/ccWF2HDB.debug.temp.o
LOAD /tmp/ccBsIfGh.debug.temp.o
LOAD /tmp/ccFpzqa2.debug.temp.o
LOAD /tmp/ccZoRtO0.debug.temp.o
LOAD /tmp/cc1yMHCb.debug.temp.o
LOAD /tmp/ccP3rWhn.debug.temp.o
LOAD /tmp/cczprGpe.debug.temp.o
LOAD /tmp/ccbz7hLB.debug.temp.o
LOAD /tmp/ccckO33Y.debug.temp.o
LOAD /tmp/ccp1zXEe.debug.temp.o
LOAD /tmp/ccxBvY0w.debug.temp.o
LOAD /tmp/ccVVZkMc.debug.temp.o
LOAD /tmp/ccgCZf36.debug.temp.o
LOAD /tmp/ccI3ceSs.debug.temp.o
LOAD /tmp/ccZQoUk6.debug.temp.o
LOAD /tmp/ccLeOyIB.debug.temp.o
LOAD /tmp/ccHaJHft.debug.temp.o
LOAD /tmp/ccAMSqwF.debug.temp.o
LOAD /tmp/ccKzKF8K.debug.temp.o
LOAD /tmp/ccejmwzh.debug.temp.o
LOAD /tmp/cczPGks0.debug.temp.o
LOAD /tmp/ccZTVyeX.debug.temp.o
LOAD /tmp/ccqPCXTh.debug.temp.o
LOAD /tmp/cc84iDso.debug.temp.o
LOAD /tmp/ccWXywBF.debug.temp.o
LOAD /tmp/ccbXgNgH.debug.temp.o
LOAD ./build/obj/oop_base_object.o
LOAD ./build/obj/hal.o
LOAD ./build/obj/hal_st.o
LOAD ./build/obj/hal_buffered_serial.o
LOAD ./build/obj/hal_buffers.o
LOAD ./build/obj/hal_queues.o
LOAD ./build/obj/hal_mmcsd.o
LOAD ./build/obj/hal_dac.o
LOAD ./build/obj/hal_gpt.o
LOAD ./build/obj/hal_pal.o
LOAD ./build/obj/hal_serial.o
LOAD ./build/obj/hal_spi.o
LOAD ./build/obj/hal_flash.o
LOAD ./build/obj/nvic.o
LOAD ./build/obj/stm32_isr.o
LOAD ./build/obj/hal_lld.o
LOAD ./build/obj/stm32_bdma.o
LOAD ./build/obj/hal_dac_lld.o
LOAD ./build/obj/stm32_dma.o
LOAD ./build/obj/stm32_exti.o
LOAD ./build/obj/hal_pal_lld.o
LOAD ./build/obj/stm32_mdma.o
LOAD ./build/obj/hal_spi_v2_lld.o
LOAD ./build/obj/hal_st_lld.o
LOAD ./build/obj/hal_gpt_lld.o
LOAD ./build/obj/hal_serial_lld.o
LOAD ./build/obj/board.o
LOAD ./build/obj/osal.o
LOAD ./build/obj/chsys.o
LOAD ./build/obj/chrfcu.o
LOAD ./build/obj/chdebug.o
LOAD ./build/obj/chtrace.o
LOAD ./build/obj/chvt.o
LOAD ./build/obj/chschd.o
LOAD ./build/obj/chinstances.o
LOAD ./build/obj/chthreads.o
LOAD ./build/obj/chtm.o
LOAD ./build/obj/chregistry.o
LOAD ./build/obj/chsem.o
LOAD ./build/obj/chmtx.o
LOAD ./build/obj/chcond.o
LOAD ./build/obj/chevents.o
LOAD ./build/obj/chmsg.o
LOAD ./build/obj/chdynamic.o
LOAD ./build/obj/chmemchecks.o
LOAD ./build/obj/chmboxes.o
LOAD ./build/obj/chmemcore.o
LOAD ./build/obj/chmemheaps.o
LOAD ./build/obj/chmempools.o
LOAD ./build/obj/chpipes.o
LOAD ./build/obj/chobjcaches.o
LOAD ./build/obj/chdelegates.o
LOAD ./build/obj/chfactory.o
LOAD ./build/obj/chcore.o
LOAD ./build/obj/chprintf.o
LOAD ./build/obj/chscanf.o
LOAD ./build/obj/memstreams.o
LOAD ./build/obj/nullstreams.o
LOAD ./build/obj/bufstreams.o
LOAD ./build/obj/ch_test.o
LOAD ./build/obj/ch_test_printf.o
LOAD ./build/obj/rt_test_root.o
LOAD ./build/obj/rt_test_sequence_001.o
LOAD ./build/obj/rt_test_sequence_002.o
LOAD ./build/obj/rt_test_sequence_003.o
LOAD ./build/obj/rt_test_sequence_004.o
LOAD ./build/obj/rt_test_sequence_005.o
LOAD ./build/obj/rt_test_sequence_006.o
LOAD ./build/obj/rt_test_sequence_007.o
LOAD ./build/obj/rt_test_sequence_008.o
LOAD ./build/obj/rt_test_sequence_009.o
LOAD ./build/obj/rt_test_sequence_010.o
LOAD ./build/obj/rt_test_sequence_011.o
LOAD ./build/obj/rt_test_sequence_012.o
LOAD ./build/obj/oslib_test_root.o
LOAD ./build/obj/oslib_test_sequence_001.o
LOAD ./build/obj/oslib_test_sequence_002.o
LOAD ./build/obj/oslib_test_sequence_003.o
LOAD ./build/obj/oslib_test_sequence_004.o
LOAD ./build/obj/oslib_test_sequence_005.o
LOAD ./build/obj/oslib_test_sequence_006.o
LOAD ./build/obj/oslib_test_sequence_007.o
LOAD ./build/obj/oslib_test_sequence_008.o
LOAD ./build/obj/oslib_test_sequence_009.o
LOAD ./build/obj/dac_ex.o
LOAD /usr/lib/gcc/arm-none-eabi/14.2.1/../../../arm-none-eabi/lib/thumb/v7e-m/nofp/libm.a

.mstack         0x20000000      0x400
                0x20000000                        . = ALIGN (0x8)
                0x20000000                        __main_stack_base__ = .
                0x20000400                        . = (. + __main_stack_size__)
 *fill*         0x20000000      0x400 
                0x20000400                        . = ALIGN (0x8)
                0x20000400                        __main_stack_end__ = .

.pstack         0x20000400      0x400
                0x20000400                        . = ALIGN (0x8)
                0x20000400                        __process_stack_base__ = .
                0x20000400                        __main_thread_stack_base__ = .
                0x20000800                        . = (. + __process_stack_size__)
 *fill*         0x20000400      0x400 
                0x20000800                        . = ALIGN (0x8)
                0x20000800                        __process_stack_end__ = .
                0x20000800                        __main_thread_stack_end__ = .

.nocache        0x30040000        0x0
                0x30040000                        __nocache_base__ = .
 *(.nocache)
 *(.nocache.*)
 *(.bss.__nocache_*)
                0x30040000                        . = ALIGN (0x4)
                0x30040000                        __nocache_end__ = .

.eth            0x30040000        0x0
                0x30040000                        __eth_base__ = .
 *(.eth)
 *(.eth.*)
 *(.bss.__eth_*)
                0x30040000                        . = ALIGN (0x4)
                0x30040000                        __eth_end__ = .

.vectors        0x08000000      0x2e0
                0x08000000                        __textvectors_base__ = LOADADDR (.vectors)
                0x08000000                        __vectors_base__ = .
 *(.vectors)
 .vectors       0x08000000      0x2e0 ./build/obj/vectors.o
                0x08000000                _vectors
                0x080002e0                        __vectors_end__ = .

.xtors          0x080002e0        0x0
                0x080002e0                        __init_array_base__ = .
 *(SORT_BY_NAME(.init_array.*))
 *(.init_array)
                0x080002e0                        __init_array_end__ = .
                0x080002e0                        __fini_array_base__ = .
 *(.fini_array)
 *(SORT_BY_NAME(.fini_array.*))
                0x080002e0                        __fini_array_end__ = .

.text           0x080002e0     0x4fec
                0x080002e0                        __text_base__ = .
 *(.text)
 .text          0x080002e0       0xd8 ./build/obj/crt0_v7m.o
                0x080002e0                _crt0_entry
 .text          0x080003b8        0x8 ./build/obj/vectors.o
                0x080003b8                Reset_Handler
                0x080003ba                Vector58
                0x080003ba                VectorE8
                0x080003ba                Vector9C
                0x080003ba                Vector2C4
                0x080003ba                VectorAC
                0x080003ba                DebugMon_Handler
                0x080003ba                Vector2B0
                0x080003ba                Vector26C
                0x080003ba                Vector22C
                0x080003ba                Vector1A0
                0x080003ba                Vector2C0
                0x080003ba                Vector5C
                0x080003ba                Vector224
                0x080003ba                Vector11C
                0x080003ba                HardFault_Handler
                0x080003ba                Vector1B8
                0x080003ba                Vector1F0
                0x080003ba                Vector19C
                0x080003ba                Vector1EC
                0x080003ba                Vector8C
                0x080003ba                SysTick_Handler
                0x080003ba                Vector2D8
                0x080003ba                PendSV_Handler
                0x080003ba                Vector168
                0x080003ba                NMI_Handler
                0x080003ba                Vector270
                0x080003ba                Vector110
                0x080003ba                Vector274
                0x080003ba                Vector1D8
                0x080003ba                Vector1F4
                0x080003ba                VectorC8
                0x080003ba                Vector2CC
                0x080003ba                Vector94
                0x080003ba                VectorA8
                0x080003ba                Vector204
                0x080003ba                Vector2AC
                0x080003ba                VectorB4
                0x080003ba                Vector1FC
                0x080003ba                Vector160
                0x080003ba                Vector1B0
                0x080003ba                UsageFault_Handler
                0x080003ba                VectorEC
                0x080003ba                Vector234
                0x080003ba                Vector264
                0x080003ba                Vector40
                0x080003ba                VectorF8
                0x080003ba                Vector108
                0x080003ba                VectorBC
                0x080003ba                Vector190
                0x080003ba                Vector1E0
                0x080003ba                Vector1F8
                0x080003ba                Vector27C
                0x080003ba                Vector1C4
                0x080003ba                Vector1CC
                0x080003ba                Vector2A8
                0x080003ba                Vector1E4
                0x080003ba                Vector20C
                0x080003ba                Vector148
                0x080003ba                Vector188
                0x080003ba                Vector23C
                0x080003ba                Vector64
                0x080003ba                Vector54
                0x080003ba                Vector98
                0x080003ba                Vector2B8
                0x080003ba                Vector284
                0x080003ba                Vector218
                0x080003ba                VectorD8
                0x080003ba                Vector138
                0x080003ba                Vector24
                0x080003ba                Vector200
                0x080003ba                Vector1AC
                0x080003ba                Vector178
                0x080003ba                SecureFault_Handler
                0x080003ba                Vector1A4
                0x080003ba                VectorD0
                0x080003ba                Vector2A0
                0x080003ba                Vector1B4
                0x080003ba                Vector28C
                0x080003ba                Vector140
                0x080003ba                VectorE4
                0x080003ba                VectorC0
                0x080003ba                Vector1C0
                0x080003ba                Vector214
                0x080003ba                Vector2D0
                0x080003ba                Vector134
                0x080003ba                Vector1D0
                0x080003ba                Vector2DC
                0x080003ba                VectorF0
                0x080003ba                Vector210
                0x080003ba                Vector2BC
                0x080003ba                Vector13C
                0x080003ba                Vector280
                0x080003ba                Vector100
                0x080003ba                VectorE0
                0x080003ba                VectorF4
                0x080003ba                Vector2B4
                0x080003ba                Vector2C8
                0x080003ba                MemManage_Handler
                0x080003ba                Vector238
                0x080003ba                VectorA0
                0x080003ba                VectorC4
                0x080003ba                Vector180
                0x080003ba                Vector288
                0x080003ba                Vector208
                0x080003ba                Vector90
                0x080003ba                Vector294
                0x080003ba                Vector164
                0x080003ba                Vector60
                0x080003ba                Vector1BC
                0x080003ba                Vector1D4
                0x080003ba                Vector17C
                0x080003ba                Vector48
                0x080003ba                Vector240
                0x080003ba                Vector1A8
                0x080003ba                Vector16C
                0x080003ba                Vector228
                0x080003ba                VectorD4
                0x080003ba                Vector2D4
                0x080003ba                Vector278
                0x080003ba                Vector4C
                0x080003ba                Vector144
                0x080003ba                Vector15C
                0x080003ba                Vector68
                0x080003ba                Vector230
                0x080003ba                Vector290
                0x080003ba                Vector1E8
                0x080003ba                Vector170
                0x080003ba                Vector220
                0x080003ba                Vector298
                0x080003ba                Vector88
                0x080003ba                Vector29C
                0x080003ba                Vector104
                0x080003ba                Vector184
                0x080003ba                Vector10C
                0x080003ba                Vector21C
                0x080003ba                Vector268
                0x080003ba                Vector14C
                0x080003ba                BusFault_Handler
                0x080003ba                Vector50
                0x080003ba                Vector1C8
                0x080003ba                Vector194
                0x080003ba                Vector1DC
                0x080003ba                Vector44
                0x080003ba                Vector28
                0x080003ba                VectorB8
                0x080003ba                Vector2A4
                0x080003ba                Vector34
                0x080003ba                VectorA4
                0x080003ba                Vector20
                0x080003ba                Vector18C
                0x080003ba                Vector174
                0x080003be                _unhandled_exception
 .text          0x080003c0       0x2a ./build/obj/chcoreasm.o
                0x080003c0                __port_switch
                0x080003d0                __port_thread_start
                0x080003e2                __port_switch_from_isr
                0x080003e6                __port_exit_from_isr
 *fill*         0x080003ea        0x2 
 .text          0x080003ec       0x70 /usr/lib/gcc/arm-none-eabi/14.2.1/../../../arm-none-eabi/lib/thumb/v7e-m/nofp/libm.a(libm_a-sf_sin.o)
                0x080003ec                sinf
 .text          0x0800045c       0xec /usr/lib/gcc/arm-none-eabi/14.2.1/../../../arm-none-eabi/lib/thumb/v7e-m/nofp/libm.a(libm_a-kf_sin.o)
                0x0800045c                __kernel_sinf
 .text          0x08000548      0x2d4 /usr/lib/gcc/arm-none-eabi/14.2.1/../../../arm-none-eabi/lib/thumb/v7e-m/nofp/libm.a(libm_a-ef_rem_pio2.o)
                0x08000548                __ieee754_rem_pio2f
 .text          0x0800081c        0x8 /usr/lib/gcc/arm-none-eabi/14.2.1/../../../arm-none-eabi/lib/thumb/v7e-m/nofp/libm.a(libm_a-sf_fabs.o)
                0x0800081c                fabsf
 .text          0x08000824      0x728 /usr/lib/gcc/arm-none-eabi/14.2.1/../../../arm-none-eabi/lib/thumb/v7e-m/nofp/libm.a(libm_a-kf_rem_pio2.o)
                0x08000824                __kernel_rem_pio2f
 .text          0x08000f4c       0xb0 /usr/lib/gcc/arm-none-eabi/14.2.1/../../../arm-none-eabi/lib/thumb/v7e-m/nofp/libm.a(libm_a-sf_scalbn.o)
                0x08000f4c                scalbnf
 .text          0x08000ffc      0x188 /usr/lib/gcc/arm-none-eabi/14.2.1/../../../arm-none-eabi/lib/thumb/v7e-m/nofp/libm.a(libm_a-kf_cos.o)
                0x08000ffc                __kernel_cosf
 .text          0x08001184       0x88 /usr/lib/gcc/arm-none-eabi/14.2.1/../../../arm-none-eabi/lib/thumb/v7e-m/nofp/libm.a(libm_a-sf_floor.o)
                0x08001184                floorf
 .text          0x0800120c      0x168 /usr/lib/gcc/arm-none-eabi/14.2.1/thumb/v7e-m/nofp/libgcc.a(_arm_mulsf3.o)
                0x0800120c                __mulsf3
                0x0800120c                __aeabi_fmul
 .text          0x08001374      0x21c /usr/lib/gcc/arm-none-eabi/14.2.1/thumb/v7e-m/nofp/libgcc.a(_arm_addsubsf3.o)
                0x08001374                __aeabi_frsub
                0x0800137c                __subsf3
                0x0800137c                __aeabi_fsub
                0x08001380                __aeabi_fadd
                0x08001380                __addsf3
                0x080014e0                __aeabi_ui2f
                0x080014e0                __floatunsisf
                0x080014e8                __aeabi_i2f
                0x080014e8                __floatsisf
                0x08001504                __floatundisf
                0x08001504                __aeabi_ul2f
                0x08001514                __floatdisf
                0x08001514                __aeabi_l2f
 .text          0x08001590       0xec /usr/lib/gcc/arm-none-eabi/14.2.1/thumb/v7e-m/nofp/libgcc.a(_arm_cmpsf2.o)
                0x08001590                __gtsf2
                0x08001590                __gesf2
                0x08001598                __lesf2
                0x08001598                __ltsf2
                0x080015a0                __nesf2
                0x080015a0                __eqsf2
                0x080015a0                __cmpsf2
                0x08001600                __aeabi_cfrcmple
                0x08001608                __aeabi_cfcmple
                0x08001608                __aeabi_cfcmpeq
                0x08001618                __aeabi_fcmpeq
                0x0800162c                __aeabi_fcmplt
                0x08001640                __aeabi_fcmple
                0x08001654                __aeabi_fcmpge
                0x08001668                __aeabi_fcmpgt
 .text          0x0800167c       0x4c /usr/lib/gcc/arm-none-eabi/14.2.1/thumb/v7e-m/nofp/libgcc.a(_arm_fixsfsi.o)
                0x0800167c                __fixsfsi
                0x0800167c                __aeabi_f2iz
 .text          0x080016c8      0x378 /usr/lib/gcc/arm-none-eabi/14.2.1/thumb/v7e-m/nofp/libgcc.a(_arm_addsubdf3.o)
                0x080016c8                __aeabi_drsub
                0x080016d0                __aeabi_dsub
                0x080016d0                __subdf3
                0x080016d4                __adddf3
                0x080016d4                __aeabi_dadd
                0x0800194c                __aeabi_ui2d
                0x0800194c                __floatunsidf
                0x0800196c                __floatsidf
                0x0800196c                __aeabi_i2d
                0x08001990                __extendsfdf2
                0x08001990                __aeabi_f2d
                0x080019d4                __aeabi_ul2d
                0x080019d4                __floatundidf
                0x080019e4                __floatdidf
                0x080019e4                __aeabi_l2d
 .text          0x08001a40      0x424 /usr/lib/gcc/arm-none-eabi/14.2.1/thumb/v7e-m/nofp/libgcc.a(_arm_muldivdf3.o)
                0x08001a40                __aeabi_dmul
                0x08001a40                __muldf3
                0x08001c94                __aeabi_ddiv
                0x08001c94                __divdf3
 .text          0x08001e64       0xa0 /usr/lib/gcc/arm-none-eabi/14.2.1/thumb/v7e-m/nofp/libgcc.a(_arm_truncdfsf2.o)
                0x08001e64                __aeabi_d2f
                0x08001e64                __truncdfsf2
 .text          0x08001f04       0x40 /usr/lib/gcc/arm-none-eabi/14.2.1/thumb/v7e-m/nofp/libgcc.a(_arm_fixunssfsi.o)
                0x08001f04                __aeabi_f2uiz
                0x08001f04                __fixunssfsi
 .text          0x08001f44       0xa4 /usr/lib/gcc/arm-none-eabi/14.2.1/../../../arm-none-eabi/lib/thumb/v7e-m/nofp/libg.a(libc_a-memset.o)
                0x08001f44                memset
 .text          0x08001fe8      0x134 /usr/lib/gcc/arm-none-eabi/14.2.1/../../../arm-none-eabi/lib/thumb/v7e-m/nofp/libg.a(libc_a-memcpy.o)
                0x08001fe8                memcpy
 *(.text.*)
 *fill*         0x0800211c        0x4 
 .text._ctl     0x08002120        0xc /tmp/ccrHsyst.ltrans0.ltrans.o
 *fill*         0x0800212c        0x4 
 .text.__port_irq_epilogue
                0x08002130       0x4c /tmp/ccrHsyst.ltrans0.ltrans.o
 *fill*         0x0800217c        0x4 
 .text._pal_lld_setgroupmode
                0x08002180       0xd8 /tmp/ccrHsyst.ltrans0.ltrans.o
 *fill*         0x08002258        0x8 
 .text.notify3  0x08002260       0x10 /tmp/ccrHsyst.ltrans0.ltrans.o
 .text.notify5  0x08002270       0x10 /tmp/ccrHsyst.ltrans0.ltrans.o
 .text.chSysHalt
                0x08002280       0x18 /tmp/ccrHsyst.ltrans0.ltrans.o
 *fill*         0x08002298        0x8 
 .text.__idle_thread
                0x080022a0        0x4 /tmp/ccrHsyst.ltrans0.ltrans.o
 *fill*         0x080022a4        0xc 
 .text.chTMStartMeasurementX
                0x080022b0        0xc /tmp/ccrHsyst.ltrans0.ltrans.o
 *fill*         0x080022bc        0x4 
 .text.chTMStopMeasurementX
                0x080022c0       0x44 /tmp/ccrHsyst.ltrans0.ltrans.o
 *fill*         0x08002304        0xc 
 .text.chCoreAllocAlignedI
                0x08002310       0x20 /tmp/ccrHsyst.ltrans0.ltrans.o
 .text.long_to_string_with_divisor.constprop.0
                0x08002330       0x3c /tmp/ccrHsyst.ltrans0.ltrans.o
 *fill*         0x0800236c        0x4 
 .text.chSysUnlock.lto_priv.1
                0x08002370       0x2c /tmp/ccrHsyst.ltrans0.ltrans.o
 *fill*         0x0800239c        0x4 
 .text.dac_lld_stop_conversion
                0x080023a0       0xec /tmp/ccrHsyst.ltrans0.ltrans.o
 *fill*         0x0800248c        0x4 
 .text.spi_lld_stop_abort
                0x08002490      0x144 /tmp/ccrHsyst.ltrans0.ltrans.o
 *fill*         0x080025d4        0xc 
 .text.__sch_wakeup
                0x080025e0       0x84 /tmp/ccrHsyst.ltrans0.ltrans.o
 *fill*         0x08002664        0xc 
 .text.chThdResumeI
                0x08002670       0x38 /tmp/ccrHsyst.ltrans0.ltrans.o
 *fill*         0x080026a8        0x8 
 .text.dac_lld_serve_tx_interrupt
                0x080026b0       0x98 /tmp/ccrHsyst.ltrans0.ltrans.o
 *fill*         0x08002748        0x8 
 .text.chEvtBroadcastFlagsI
                0x08002750       0x7c /tmp/ccrHsyst.ltrans0.ltrans.o
 *fill*         0x080027cc        0x4 
 .text.chCoreAllocFromTop
                0x080027d0       0x58 /tmp/ccrHsyst.ltrans0.ltrans.o
 *fill*         0x08002828        0x8 
 .text.vt_insert_first.constprop.0
                0x08002830       0x84 /tmp/ccrHsyst.ltrans0.ltrans.o
 *fill*         0x080028b4        0xc 
 .text.vt_set_alarm.constprop.0
                0x080028c0       0x58 /tmp/ccrHsyst.ltrans0.ltrans.o
 *fill*         0x08002918        0x8 
 .text.chThdDequeueNextI.constprop.0
                0x08002920       0x3c /tmp/ccrHsyst.ltrans0.ltrans.o
 *fill*         0x0800295c        0x4 
 .text.sd_lld_serve_interrupt
                0x08002960      0x170 /tmp/ccrHsyst.ltrans0.ltrans.o
 .text.chSchGoSleepS
                0x08002ad0       0x48 /tmp/ccrHsyst.ltrans0.ltrans.o
 *fill*         0x08002b18        0x8 
 .text.chSchGoSleepTimeoutS
                0x08002b20      0x104 /tmp/ccrHsyst.ltrans0.ltrans.o
 *fill*         0x08002c24        0xc 
 .text.oqWriteTimeout
                0x08002c30      0x128 /tmp/ccrHsyst.ltrans0.ltrans.o
 *fill*         0x08002d58        0x8 
 .text._write   0x08002d60        0xc /tmp/ccrHsyst.ltrans0.ltrans.o
 *fill*         0x08002d6c        0x4 
 .text._writet  0x08002d70        0x8 /tmp/ccrHsyst.ltrans0.ltrans.o
 *fill*         0x08002d78        0x8 
 .text.iqGetTimeout
                0x08002d80       0xa4 /tmp/ccrHsyst.ltrans0.ltrans.o
 *fill*         0x08002e24        0xc 
 .text._get     0x08002e30        0xc /tmp/ccrHsyst.ltrans0.ltrans.o
 *fill*         0x08002e3c        0x4 
 .text._gett    0x08002e40        0x8 /tmp/ccrHsyst.ltrans0.ltrans.o
 *fill*         0x08002e48        0x8 
 .text.iqReadTimeout
                0x08002e50      0x128 /tmp/ccrHsyst.ltrans0.ltrans.o
 *fill*         0x08002f78        0x8 
 .text._read    0x08002f80        0xc /tmp/ccrHsyst.ltrans0.ltrans.o
 *fill*         0x08002f8c        0x4 
 .text._readt   0x08002f90        0x8 /tmp/ccrHsyst.ltrans0.ltrans.o
 *fill*         0x08002f98        0x8 
 .text.oqPutTimeout
                0x08002fa0       0xb0 /tmp/ccrHsyst.ltrans0.ltrans.o
 .text._put     0x08003050        0xc /tmp/ccrHsyst.ltrans0.ltrans.o
 *fill*         0x0800305c        0x4 
 .text._putt    0x08003060        0x8 /tmp/ccrHsyst.ltrans0.ltrans.o
 *fill*         0x08003068        0x8 
 .text.chprintf
                0x08003070      0x3fc /tmp/ccrHsyst.ltrans0.ltrans.o
 *fill*         0x0800346c        0x4 
 .text.__cpu_init
                0x08003470       0x80 /tmp/ccrHsyst.ltrans0.ltrans.o
                0x08003470                __cpu_init
 .text.__late_init
                0x080034f0        0x4 /tmp/ccrHsyst.ltrans0.ltrans.o
                0x080034f0                __late_init
 *fill*         0x080034f4        0xc 
 .text.__default_exit
                0x08003500        0x4 /tmp/ccrHsyst.ltrans0.ltrans.o
                0x08003500                __default_exit
 *fill*         0x08003504        0xc 
 .text.__init_ram_areas
                0x08003510       0xb0 /tmp/ccrHsyst.ltrans0.ltrans.o
                0x08003510                __init_ram_areas
 .text.VectorDC
                0x080035c0       0x58 /tmp/ccrHsyst.ltrans0.ltrans.o
                0x080035c0                VectorDC
 *fill*         0x08003618        0x8 
 .text.Vector114
                0x08003620       0x58 /tmp/ccrHsyst.ltrans0.ltrans.o
                0x08003620                Vector114
 *fill*         0x08003678        0x8 
 .text.VectorB0
                0x08003680      0x13c /tmp/ccrHsyst.ltrans0.ltrans.o
                0x08003680                VectorB0
 *fill*         0x080037bc        0x4 
 .text.Vector118
                0x080037c0       0x94 /tmp/ccrHsyst.ltrans0.ltrans.o
                0x080037c0                Vector118
 *fill*         0x08003854        0xc 
 .text.Vector244
                0x08003860       0x6c /tmp/ccrHsyst.ltrans0.ltrans.o
                0x08003860                Vector244
 *fill*         0x080038cc        0x4 
 .text.Vector248
                0x080038d0       0x70 /tmp/ccrHsyst.ltrans0.ltrans.o
                0x080038d0                Vector248
 .text.Vector24C
                0x08003940       0x70 /tmp/ccrHsyst.ltrans0.ltrans.o
                0x08003940                Vector24C
 .text.Vector250
                0x080039b0       0x70 /tmp/ccrHsyst.ltrans0.ltrans.o
                0x080039b0                Vector250
 .text.Vector254
                0x08003a20       0x70 /tmp/ccrHsyst.ltrans0.ltrans.o
                0x08003a20                Vector254
 .text.Vector258
                0x08003a90       0x70 /tmp/ccrHsyst.ltrans0.ltrans.o
                0x08003a90                Vector258
 .text.Vector25C
                0x08003b00       0x70 /tmp/ccrHsyst.ltrans0.ltrans.o
                0x08003b00                Vector25C
 .text.Vector260
                0x08003b70       0x70 /tmp/ccrHsyst.ltrans0.ltrans.o
                0x08003b70                Vector260
 .text.Vector6C
                0x08003be0       0x6c /tmp/ccrHsyst.ltrans0.ltrans.o
                0x08003be0                Vector6C
 *fill*         0x08003c4c        0x4 
 .text.Vector70
                0x08003c50       0x70 /tmp/ccrHsyst.ltrans0.ltrans.o
                0x08003c50                Vector70
 .text.Vector74
                0x08003cc0       0x70 /tmp/ccrHsyst.ltrans0.ltrans.o
                0x08003cc0                Vector74
 .text.Vector78
                0x08003d30       0x70 /tmp/ccrHsyst.ltrans0.ltrans.o
                0x08003d30                Vector78
 .text.Vector7C
                0x08003da0       0x6c /tmp/ccrHsyst.ltrans0.ltrans.o
                0x08003da0                Vector7C
 *fill*         0x08003e0c        0x4 
 .text.Vector80
                0x08003e10       0x70 /tmp/ccrHsyst.ltrans0.ltrans.o
                0x08003e10                Vector80
 .text.Vector84
                0x08003e80       0x70 /tmp/ccrHsyst.ltrans0.ltrans.o
                0x08003e80                Vector84
 .text.VectorFC
                0x08003ef0       0x70 /tmp/ccrHsyst.ltrans0.ltrans.o
                0x08003ef0                VectorFC
 .text.Vector120
                0x08003f60       0x6c /tmp/ccrHsyst.ltrans0.ltrans.o
                0x08003f60                Vector120
 *fill*         0x08003fcc        0x4 
 .text.Vector124
                0x08003fd0       0x70 /tmp/ccrHsyst.ltrans0.ltrans.o
                0x08003fd0                Vector124
 .text.Vector128
                0x08004040       0x70 /tmp/ccrHsyst.ltrans0.ltrans.o
                0x08004040                Vector128
 .text.Vector12C
                0x080040b0       0x70 /tmp/ccrHsyst.ltrans0.ltrans.o
                0x080040b0                Vector12C
 .text.Vector130
                0x08004120       0x6c /tmp/ccrHsyst.ltrans0.ltrans.o
                0x08004120                Vector130
 *fill*         0x0800418c        0x4 
 .text.Vector150
                0x08004190       0x70 /tmp/ccrHsyst.ltrans0.ltrans.o
                0x08004190                Vector150
 .text.Vector154
                0x08004200       0x70 /tmp/ccrHsyst.ltrans0.ltrans.o
                0x08004200                Vector154
 .text.Vector158
                0x08004270       0x70 /tmp/ccrHsyst.ltrans0.ltrans.o
                0x08004270                Vector158
 .text.VectorCC
                0x080042e0       0x50 /tmp/ccrHsyst.ltrans0.ltrans.o
                0x080042e0                VectorCC
 .text.Vector198
                0x08004330       0x50 /tmp/ccrHsyst.ltrans0.ltrans.o
                0x08004330                Vector198
 .text.__early_init
                0x08004380      0x3c0 /tmp/ccrHsyst.ltrans0.ltrans.o
                0x08004380                __early_init
 .text.chSchDoPreemption
                0x08004740       0x54 /tmp/ccrHsyst.ltrans0.ltrans.o
                0x08004740                chSchDoPreemption
 *fill*         0x08004794        0xc 
 .text.chThdExit
                0x080047a0       0x7c /tmp/ccrHsyst.ltrans0.ltrans.o
                0x080047a0                chThdExit
 *fill*         0x0800481c        0x4 
 .text.SVC_Handler
                0x08004820       0x14 /tmp/ccrHsyst.ltrans0.ltrans.o
                0x08004820                SVC_Handler
 *fill*         0x08004834        0xc 
 .text.startup.main
                0x08004840      0xa8c /tmp/ccrHsyst.ltrans0.ltrans.o
                0x08004840                main
 *(.glue_7t)
 .glue_7t       0x080052cc        0x0 linker stubs
 *(.glue_7)
 .glue_7        0x080052cc        0x0 linker stubs
 *(.gcc*)
                0x080052cc                        __text_end__ = .

.vfp11_veneer   0x080052cc        0x0
 .vfp11_veneer  0x080052cc        0x0 linker stubs

.v4_bx          0x080052cc        0x0
 .v4_bx         0x080052cc        0x0 linker stubs

.iplt           0x080052cc        0x0
 .iplt          0x080052cc        0x0 ./build/obj/crt0_v7m.o

.rodata         0x080052cc      0x880
                0x080052cc                        __rodata_base__ = .
 *(.rodata)
 .rodata        0x080052cc      0x398 /usr/lib/gcc/arm-none-eabi/14.2.1/../../../arm-none-eabi/lib/thumb/v7e-m/nofp/libm.a(libm_a-ef_rem_pio2.o)
 .rodata        0x08005664       0x38 /usr/lib/gcc/arm-none-eabi/14.2.1/../../../arm-none-eabi/lib/thumb/v7e-m/nofp/libm.a(libm_a-kf_rem_pio2.o)
 *(.rodata.*)
 .rodata.chprintf.str1.4
                0x0800569c       0x6b /tmp/ccrHsyst.ltrans0.ltrans.o
                                  0x7 (size before relaxing)
 .rodata.main.str1.4
                0x08005707       0x5e /tmp/ccrHsyst.ltrans0.ltrans.o
 *fill*         0x08005707        0x1 
 .rodata.__func__.0.lto_priv.6
                0x08005708       0x14 /tmp/ccrHsyst.ltrans0.ltrans.o
 .rodata.__func__.1.lto_priv.0
                0x0800571c        0xb /tmp/ccrHsyst.ltrans0.ltrans.o
 *fill*         0x08005727        0x1 
 .rodata.__func__.2.lto_priv.0
                0x08005728        0xd /tmp/ccrHsyst.ltrans0.ltrans.o
 *fill*         0x08005735        0x3 
 .rodata._stm32_bdma_streams
                0x08005738       0xa0 /tmp/ccrHsyst.ltrans0.ltrans.o
 .rodata.dac1_ch2_params
                0x080057d8       0x20 /tmp/ccrHsyst.ltrans0.ltrans.o
 .rodata.dac1_ch1_params
                0x080057f8       0x20 /tmp/ccrHsyst.ltrans0.ltrans.o
 .rodata.vmt    0x08005818       0x28 /tmp/ccrHsyst.ltrans0.ltrans.o
 .rodata.str1.4
                0x08005840        0x3 /tmp/ccrHsyst.ltrans0.ltrans.o
 .rodata.ch_core0_cfg
                0x08005840       0x14 /tmp/ccrHsyst.ltrans0.ltrans.o
 .rodata.__func__.1.lto_priv.1
                0x08005854        0xc /tmp/ccrHsyst.ltrans0.ltrans.o
 .rodata.__func__.2.lto_priv.1
                0x08005860        0x8 /tmp/ccrHsyst.ltrans0.ltrans.o
 .rodata.__func__.7.lto_priv.0
                0x08005868        0x9 /tmp/ccrHsyst.ltrans0.ltrans.o
 *fill*         0x08005871        0x3 
 .rodata._stm32_dma_streams
                0x08005874      0x100 /tmp/ccrHsyst.ltrans0.ltrans.o
 .rodata.__func__.0.lto_priv.1
                0x08005974       0x19 /tmp/ccrHsyst.ltrans0.ltrans.o
 *fill*         0x0800598d        0x3 
 .rodata.__func__.3.lto_priv.0
                0x08005990       0x14 /tmp/ccrHsyst.ltrans0.ltrans.o
 .rodata.__func__.15
                0x080059a4        0xc /tmp/ccrHsyst.ltrans0.ltrans.o
 .rodata.dac_grp_cfg
                0x080059b0       0x10 /tmp/ccrHsyst.ltrans0.ltrans.o
 .rodata.dac_cfg
                0x080059c0       0x10 /tmp/ccrHsyst.ltrans0.ltrans.o
 .rodata.__func__.0.lto_priv.7
                0x080059d0        0xc /tmp/ccrHsyst.ltrans0.ltrans.o
 .rodata.__func__.3.lto_priv.3
                0x080059dc        0xd /tmp/ccrHsyst.ltrans0.ltrans.o
 *fill*         0x080059e9        0x3 
 .rodata.__func__.7.lto_priv.1
                0x080059ec        0xb /tmp/ccrHsyst.ltrans0.ltrans.o
 *fill*         0x080059f7        0x1 
 .rodata.__func__.0.lto_priv.4
                0x080059f8       0x12 /tmp/ccrHsyst.ltrans0.ltrans.o
 *fill*         0x08005a0a        0x2 
 .rodata.__func__.0.lto_priv.3
                0x08005a0c       0x14 /tmp/ccrHsyst.ltrans0.ltrans.o
 .rodata.__func__.2.lto_priv.2
                0x08005a20        0xe /tmp/ccrHsyst.ltrans0.ltrans.o
 *fill*         0x08005a2e        0x2 
 .rodata.__func__.3.lto_priv.2
                0x08005a30       0x13 /tmp/ccrHsyst.ltrans0.ltrans.o
 *fill*         0x08005a43        0x1 
 .rodata.__func__.9
                0x08005a44        0xd /tmp/ccrHsyst.ltrans0.ltrans.o
 *fill*         0x08005a51        0x3 
 .rodata.__func__.8
                0x08005a54        0xd /tmp/ccrHsyst.ltrans0.ltrans.o
 *fill*         0x08005a61        0x3 
 .rodata.__func__.10
                0x08005a64       0x13 /tmp/ccrHsyst.ltrans0.ltrans.o
 *fill*         0x08005a77        0x1 
 .rodata.__func__.0.lto_priv.2
                0x08005a78        0xf /tmp/ccrHsyst.ltrans0.ltrans.o
 *fill*         0x08005a87        0x1 
 .rodata.__func__.1.lto_priv.3
                0x08005a88        0xf /tmp/ccrHsyst.ltrans0.ltrans.o
 *fill*         0x08005a97        0x1 
 .rodata.__func__.4
                0x08005a98       0x10 /tmp/ccrHsyst.ltrans0.ltrans.o
 .rodata.__func__.1.lto_priv.6
                0x08005aa8        0xc /tmp/ccrHsyst.ltrans0.ltrans.o
 .rodata.__func__.6
                0x08005ab4        0xc /tmp/ccrHsyst.ltrans0.ltrans.o
 .rodata.__func__.0.lto_priv.0
                0x08005ac0        0xc /tmp/ccrHsyst.ltrans0.ltrans.o
 .rodata.ram_areas
                0x08005acc       0x80 /tmp/ccrHsyst.ltrans0.ltrans.o
                0x08005b4c                        . = ALIGN (0x4)
                0x08005b4c                        __rodata_end__ = .

.ARM.extab
 *(.ARM.extab* .gnu.linkonce.armextab.*)

.ARM.exidx      0x08005b4c        0x8
                0x08005b4c                        __exidx_base__ = .
                0x08005b4c                        __exidx_start = .
 *(.ARM.exidx* .gnu.linkonce.armexidx.*)
 .ARM.exidx     0x08005b4c        0x8 /usr/lib/gcc/arm-none-eabi/14.2.1/../../../arm-none-eabi/lib/thumb/v7e-m/nofp/libg.a(libc_a-memcpy.o)
                0x08005b54                        __exidx_end__ = .
                0x08005b54                        __exidx_end = .

.rel.dyn        0x08005b54        0x0
 .rel.iplt      0x08005b54        0x0 ./build/obj/crt0_v7m.o

.eh_frame_hdr
 *(.eh_frame_hdr)

.eh_frame
 *(.eh_frame)

.data           0x24000000        0x0 load address 0x08005b54
                [!provide]                        PROVIDE (_textdata = LOADADDR (.data))
                [!provide]                        PROVIDE (_data = .)
                0x08005b54                        __textdata_base__ = LOADADDR (.data)
                0x24000000                        __data_base__ = .
 *(.data)
 *(.data.*)
 *(.ramtext)
                0x24000000                        . = ALIGN (0x4)
                [!provide]                        PROVIDE (_edata = .)
                0x24000000                        __data_end__ = .

.igot.plt       0x24000000        0x0 load address 0x08005b54
 .igot.plt      0x24000000        0x0 ./build/obj/crt0_v7m.o

.bss            0x24000000      0x6a8 load address 0x08005b54
                0x24000000                        __bss_base__ = .
 *(.bss)
 *(.bss.*)
 .bss.ch_c0_idle_thread_wa
                0x24000000      0x100 /tmp/ccrHsyst.ltrans0.ltrans.o
 .bss.sd_out_buf5
                0x24000100       0x10 /tmp/ccrHsyst.ltrans0.ltrans.o
 .bss.sd_in_buf5
                0x24000110       0x10 /tmp/ccrHsyst.ltrans0.ltrans.o
 .bss.sd_out_buf3
                0x24000120       0x10 /tmp/ccrHsyst.ltrans0.ltrans.o
 .bss.sd_in_buf3
                0x24000130       0x10 /tmp/ccrHsyst.ltrans0.ltrans.o
 .bss.default_heap
                0x24000140       0x24 /tmp/ccrHsyst.ltrans0.ltrans.o
 .bss.ch_factory
                0x24000164       0x48 /tmp/ccrHsyst.ltrans0.ltrans.o
 .bss.DACD2     0x240001ac       0x30 /tmp/ccrHsyst.ltrans0.ltrans.o
 .bss.stereo_table
                0x240001dc      0x190 /tmp/ccrHsyst.ltrans0.ltrans.o
 .bss.DACD1     0x2400036c       0x30 /tmp/ccrHsyst.ltrans0.ltrans.o
 .bss.ch_memcore
                0x2400039c        0x8 /tmp/ccrHsyst.ltrans0.ltrans.o
 .bss.ch_system
                0x240003a4        0xc /tmp/ccrHsyst.ltrans0.ltrans.o
 .bss.SPID6     0x240003b0       0x3c /tmp/ccrHsyst.ltrans0.ltrans.o
 .bss.SPID1     0x240003ec       0x3c /tmp/ccrHsyst.ltrans0.ltrans.o
 .bss.dma       0x24000428       0x84 /tmp/ccrHsyst.ltrans0.ltrans.o
 .bss.bdma      0x240004ac       0x44 /tmp/ccrHsyst.ltrans0.ltrans.o
 .bss.GPTD6     0x240004f0       0x10 /tmp/ccrHsyst.ltrans0.ltrans.o
 .bss.SD5       0x24000500       0x60 /tmp/ccrHsyst.ltrans0.ltrans.o
 .bss.SD3       0x24000560       0x60 /tmp/ccrHsyst.ltrans0.ltrans.o
 .bss.ch0       0x240005c0       0xe8 /tmp/ccrHsyst.ltrans0.ltrans.o
 *(COMMON)
                0x240006a8                        . = ALIGN (0x4)
                0x240006a8                        __bss_end__ = .
                [!provide]                        PROVIDE (end = .)
                0x24000000                        __ram0_base__ = ORIGIN (ram0)
                0x00080000                        __ram0_size__ = LENGTH (ram0)
                0x24080000                        __ram0_end__ = (__ram0_base__ + __ram0_size__)
                0x30000000                        __ram1_base__ = ORIGIN (ram1)
                0x00040000                        __ram1_size__ = LENGTH (ram1)
                0x30040000                        __ram1_end__ = (__ram1_base__ + __ram1_size__)
                0x30000000                        __ram2_base__ = ORIGIN (ram2)
                0x00048000                        __ram2_size__ = LENGTH (ram2)
                0x30048000                        __ram2_end__ = (__ram2_base__ + __ram2_size__)
                0x30040000                        __ram3_base__ = ORIGIN (ram3)
                0x00008000                        __ram3_size__ = LENGTH (ram3)
                0x30048000                        __ram3_end__ = (__ram3_base__ + __ram3_size__)
                0x38000000                        __ram4_base__ = ORIGIN (ram4)
                0x00010000                        __ram4_size__ = LENGTH (ram4)
                0x38010000                        __ram4_end__ = (__ram4_base__ + __ram4_size__)
                0x20000000                        __ram5_base__ = ORIGIN (ram5)
                0x00020000                        __ram5_size__ = LENGTH (ram5)
                0x20020000                        __ram5_end__ = (__ram5_base__ + __ram5_size__)
                0x00000000                        __ram6_base__ = ORIGIN (ram6)
                0x00010000                        __ram6_size__ = LENGTH (ram6)
                0x00010000                        __ram6_end__ = (__ram6_base__ + __ram6_size__)
                0x38800000                        __ram7_base__ = ORIGIN (ram7)
                0x00001000                        __ram7_size__ = LENGTH (ram7)
                0x38801000                        __ram7_end__ = (__ram7_base__ + __ram7_size__)
                0x08000000                        __flash0_base__ = ORIGIN (flash0)
                0x00200000                        __flash0_size__ = LENGTH (flash0)
                0x08200000                        __flash0_end__ = (__flash0_base__ + __flash0_size__)
                0x08000000                        __flash1_base__ = ORIGIN (flash1)
                0x00100000                        __flash1_size__ = LENGTH (flash1)
                0x08100000                        __flash1_end__ = (__flash1_base__ + __flash1_size__)
                0x08100000                        __flash2_base__ = ORIGIN (flash2)
                0x00100000                        __flash2_size__ = LENGTH (flash2)
                0x08200000                        __flash2_end__ = (__flash2_base__ + __flash2_size__)
                0x00000000                        __flash3_base__ = ORIGIN (flash3)
                0x00000000                        __flash3_size__ = LENGTH (flash3)
                0x00000000                        __flash3_end__ = (__flash3_base__ + __flash3_size__)
                0x00000000                        __flash4_base__ = ORIGIN (flash4)
                0x00000000                        __flash4_size__ = LENGTH (flash4)
                0x00000000                        __flash4_end__ = (__flash4_base__ + __flash4_size__)
                0x00000000                        __flash5_base__ = ORIGIN (flash5)
                0x00000000                        __flash5_size__ = LENGTH (flash5)
                0x00000000                        __flash5_end__ = (__flash5_base__ + __flash5_size__)
                0x00000000                        __flash6_base__ = ORIGIN (flash6)
                0x00000000                        __flash6_size__ = LENGTH (flash6)
                0x00000000                        __flash6_end__ = (__flash6_base__ + __flash6_size__)
                0x00000000                        __flash7_base__ = ORIGIN (flash7)
                0x00000000                        __flash7_size__ = LENGTH (flash7)
                0x00000000                        __flash7_end__ = (__flash7_base__ + __flash7_size__)

.ram0_init      0x240006a8        0x0 load address 0x08005b54
                0x08005b54                        __ram0_init_text__ = LOADADDR (.ram0_init)
                0x240006a8                        __ram0_init__ = .
 *(.ram0_init)
 *(.ram0_init.*)
                0x240006a8                        . = ALIGN (0x4)

.ram0           0x240006a8        0x0 load address 0x08005b54
                0x240006a8                        __ram0_clear__ = .
 *(.ram0_clear)
 *(.ram0_clear.*)
                0x240006a8                        . = ALIGN (0x4)
                0x240006a8                        __ram0_noinit__ = .
 *(.ram0)
 *(.ram0.*)
                0x240006a8                        . = ALIGN (0x4)
                0x240006a8                        __ram0_free__ = .

.ram1_init      0x30000000        0x0 load address 0x08005b54
                0x08005b54                        __ram1_init_text__ = LOADADDR (.ram1_init)
                0x30000000                        __ram1_init__ = .
 *(.ram1_init)
 *(.ram1_init.*)
                0x30000000                        . = ALIGN (0x4)

.ram1           0x30000000        0x0 load address 0x08005b54
                0x30000000                        __ram1_clear__ = .
 *(.ram1_clear)
 *(.ram1_clear.*)
                0x30000000                        . = ALIGN (0x4)
                0x30000000                        __ram1_noinit__ = .
 *(.ram1)
 *(.ram1.*)
                0x30000000                        . = ALIGN (0x4)
                0x30000000                        __ram1_free__ = .

.ram2_init      0x30000000        0x0 load address 0x08005b54
                0x08005b54                        __ram2_init_text__ = LOADADDR (.ram2_init)
                0x30000000                        __ram2_init__ = .
 *(.ram2_init)
 *(.ram2_init.*)
                0x30000000                        . = ALIGN (0x4)

.ram2           0x30000000        0x0 load address 0x08005b54
                0x30000000                        __ram2_clear__ = .
 *(.ram2_clear)
 *(.ram2_clear.*)
                0x30000000                        . = ALIGN (0x4)
                0x30000000                        __ram2_noinit__ = .
 *(.ram2)
 *(.ram2.*)
                0x30000000                        . = ALIGN (0x4)
                0x30000000                        __ram2_free__ = .

.ram3_init      0x30040000        0x0 load address 0x08005b54
                0x08005b54                        __ram3_init_text__ = LOADADDR (.ram3_init)
                0x30040000                        __ram3_init__ = .
 *(.ram3_init)
 *(.ram3_init.*)
                0x30040000                        . = ALIGN (0x4)

.ram3           0x30040000        0x0 load address 0x08005b54
                0x30040000                        __ram3_clear__ = .
 *(.ram3_clear)
 *(.ram3_clear.*)
                0x30040000                        . = ALIGN (0x4)
                0x30040000                        __ram3_noinit__ = .
 *(.ram3)
 *(.ram3.*)
                0x30040000                        . = ALIGN (0x4)
                0x30040000                        __ram3_free__ = .

.ram4_init      0x38000000        0x0 load address 0x08005b54
                0x08005b54                        __ram4_init_text__ = LOADADDR (.ram4_init)
                0x38000000                        __ram4_init__ = .
 *(.ram4_init)
 *(.ram4_init.*)
                0x38000000                        . = ALIGN (0x4)

.ram4           0x38000000        0x0 load address 0x08005b54
                0x38000000                        __ram4_clear__ = .
 *(.ram4_clear)
 *(.ram4_clear.*)
                0x38000000                        . = ALIGN (0x4)
                0x38000000                        __ram4_noinit__ = .
 *(.ram4)
 *(.ram4.*)
                0x38000000                        . = ALIGN (0x4)
                0x38000000                        __ram4_free__ = .

.ram5_init      0x20000800        0x0 load address 0x08005b54
                0x08005b54                        __ram5_init_text__ = LOADADDR (.ram5_init)
                0x20000800                        __ram5_init__ = .
 *(.ram5_init)
 *(.ram5_init.*)
                0x20000800                        . = ALIGN (0x4)

.ram5           0x20000800        0x0 load address 0x08005b54
                0x20000800                        __ram5_clear__ = .
 *(.ram5_clear)
 *(.ram5_clear.*)
                0x20000800                        . = ALIGN (0x4)
                0x20000800                        __ram5_noinit__ = .
 *(.ram5)
 *(.ram5.*)
                0x20000800                        . = ALIGN (0x4)
                0x20000800                        __ram5_free__ = .

.ram6_init      0x00000000        0x0 load address 0x08005b54
                0x08005b54                        __ram6_init_text__ = LOADADDR (.ram6_init)
                0x00000000                        __ram6_init__ = .
 *(.ram6_init)
 *(.ram6_init.*)
                0x00000000                        . = ALIGN (0x4)

.ram6           0x00000000        0x0 load address 0x08005b54
                0x00000000                        __ram6_clear__ = .
 *(.ram6_clear)
 *(.ram6_clear.*)
                0x00000000                        . = ALIGN (0x4)
                0x00000000                        __ram6_noinit__ = .
 *(.ram6)
 *(.ram6.*)
                0x00000000                        . = ALIGN (0x4)
                0x00000000                        __ram6_free__ = .

.ram7_init      0x38800000        0x0 load address 0x08005b54
                0x08005b54                        __ram7_init_text__ = LOADADDR (.ram7_init)
                0x38800000                        __ram7_init__ = .
 *(.ram7_init)
 *(.ram7_init.*)
                0x38800000                        . = ALIGN (0x4)

.ram7           0x38800000        0x0 load address 0x08005b54
                0x38800000                        __ram7_clear__ = .
 *(.ram7_clear)
 *(.ram7_clear.*)
                0x38800000                        . = ALIGN (0x4)
                0x38800000                        __ram7_noinit__ = .
 *(.ram7)
 *(.ram7.*)
                0x38800000                        . = ALIGN (0x4)
                0x38800000                        __ram7_free__ = .

.flash0         0x08000000        0x0
                0x08000000                        __flash0_init__ = .
 *(.flash0_init)
 *(.flash0_init.*)
                0x08000000                        __flash0_free__ = .

.flash1         0x08005b54        0x0
                0x08005b54                        __flash1_init__ = .
 *(.flash1_init)
 *(.flash1_init.*)
                0x08005b54                        __flash1_free__ = .

.flash2         0x08100000        0x0
                0x08100000                        __flash2_init__ = .
 *(.flash2_init)
 *(.flash2_init.*)
                0x08100000                        __flash2_free__ = .

.flash3         0x00000000        0x0
                0x00000000                        __flash3_init__ = .
 *(.flash3_init)
 *(.flash3_init.*)
                0x00000000                        __flash3_free__ = .

.flash4         0x00000000        0x0
                0x00000000                        __flash4_init__ = .
 *(.flash4_init)
 *(.flash4_init.*)
                0x00000000                        __flash4_free__ = .

.flash5         0x00000000        0x0
                0x00000000                        __flash5_init__ = .
 *(.flash5_init)
 *(.flash5_init.*)
                0x00000000                        __flash5_free__ = .

.flash6         0x00000000        0x0
                0x00000000                        __flash6_init__ = .
 *(.flash6_init)
 *(.flash6_init.*)
                0x00000000                        __flash6_free__ = .

.flash7         0x00000000        0x0
                0x00000000                        __flash7_init__ = .
 *(.flash7_init)
 *(.flash7_init.*)
                0x00000000                        __flash7_free__ = .

.heap           0x240006a8    0x7f958
                0x240006a8                        . = ALIGN (0x8)
                0x240006a8                        __heap_base__ = .
                0x24080000                        . = (ORIGIN (HEAP_RAM) + LENGTH (HEAP_RAM))
 *fill*         0x240006a8    0x7f958 
                0x24080000                        __heap_end__ = .
                0x00000400                        __process_stack_size__ = 0x400
                0x00000400                        __main_stack_size__ = 0x400
START GROUP
LOAD /usr/lib/gcc/arm-none-eabi/14.2.1/thumb/v7e-m/nofp/libgcc.a
LOAD /usr/lib/gcc/arm-none-eabi/14.2.1/../../../arm-none-eabi/lib/thumb/v7e-m/nofp/libg.a
LOAD /usr/lib/gcc/arm-none-eabi/14.2.1/../../../arm-none-eabi/lib/thumb/v7e-m/nofp/libc.a
END GROUP
OUTPUT(build/ch.elf elf32-littlearm)
LOAD linker stubs

.ARM.attributes
                0x00000000       0x2f
 .ARM.attributes
                0x00000000       0x21 ./build/obj/crt0_v7m.o
 .ARM.attributes
                0x00000021       0x21 ./build/obj/vectors.o
 .ARM.attributes
                0x00000042       0x21 ./build/obj/chcoreasm.o
 .ARM.attributes
                0x00000063       0x2c /tmp/ccrHsyst.ltrans0.ltrans.o
 .ARM.attributes
                0x0000008f       0x2e /usr/lib/gcc/arm-none-eabi/14.2.1/../../../arm-none-eabi/lib/thumb/v7e-m/nofp/libm.a(libm_a-sf_sin.o)
 .ARM.attributes
                0x000000bd       0x2e /usr/lib/gcc/arm-none-eabi/14.2.1/../../../arm-none-eabi/lib/thumb/v7e-m/nofp/libm.a(libm_a-kf_sin.o)
 .ARM.attributes
                0x000000eb       0x2e /usr/lib/gcc/arm-none-eabi/14.2.1/../../../arm-none-eabi/lib/thumb/v7e-m/nofp/libm.a(libm_a-ef_rem_pio2.o)
 .ARM.attributes
                0x00000119       0x2e /usr/lib/gcc/arm-none-eabi/14.2.1/../../../arm-none-eabi/lib/thumb/v7e-m/nofp/libm.a(libm_a-sf_fabs.o)
 .ARM.attributes
                0x00000147       0x2e /usr/lib/gcc/arm-none-eabi/14.2.1/../../../arm-none-eabi/lib/thumb/v7e-m/nofp/libm.a(libm_a-kf_rem_pio2.o)
 .ARM.attributes
                0x00000175       0x2e /usr/lib/gcc/arm-none-eabi/14.2.1/../../../arm-none-eabi/lib/thumb/v7e-m/nofp/libm.a(libm_a-sf_scalbn.o)
 .ARM.attributes
                0x000001a3       0x2e /usr/lib/gcc/arm-none-eabi/14.2.1/../../../arm-none-eabi/lib/thumb/v7e-m/nofp/libm.a(libm_a-kf_cos.o)
 .ARM.attributes
                0x000001d1       0x2e /usr/lib/gcc/arm-none-eabi/14.2.1/../../../arm-none-eabi/lib/thumb/v7e-m/nofp/libm.a(libm_a-sf_floor.o)
 .ARM.attributes
                0x000001ff       0x1e /usr/lib/gcc/arm-none-eabi/14.2.1/thumb/v7e-m/nofp/libgcc.a(_arm_mulsf3.o)
 .ARM.attributes
                0x0000021d       0x1e /usr/lib/gcc/arm-none-eabi/14.2.1/thumb/v7e-m/nofp/libgcc.a(_arm_addsubsf3.o)
 .ARM.attributes
                0x0000023b       0x1e /usr/lib/gcc/arm-none-eabi/14.2.1/thumb/v7e-m/nofp/libgcc.a(_arm_cmpsf2.o)
 .ARM.attributes
                0x00000259       0x1e /usr/lib/gcc/arm-none-eabi/14.2.1/thumb/v7e-m/nofp/libgcc.a(_arm_fixsfsi.o)
 .ARM.attributes
                0x00000277       0x1e /usr/lib/gcc/arm-none-eabi/14.2.1/thumb/v7e-m/nofp/libgcc.a(_arm_addsubdf3.o)
 .ARM.attributes
                0x00000295       0x1e /usr/lib/gcc/arm-none-eabi/14.2.1/thumb/v7e-m/nofp/libgcc.a(_arm_muldivdf3.o)
 .ARM.attributes
                0x000002b3       0x1e /usr/lib/gcc/arm-none-eabi/14.2.1/thumb/v7e-m/nofp/libgcc.a(_arm_truncdfsf2.o)
 .ARM.attributes
                0x000002d1       0x1e /usr/lib/gcc/arm-none-eabi/14.2.1/thumb/v7e-m/nofp/libgcc.a(_arm_fixunssfsi.o)
 .ARM.attributes
                0x000002ef       0x2e /usr/lib/gcc/arm-none-eabi/14.2.1/../../../arm-none-eabi/lib/thumb/v7e-m/nofp/libg.a(libc_a-memset.o)
 .ARM.attributes
                0x0000031d       0x1c /usr/lib/gcc/arm-none-eabi/14.2.1/../../../arm-none-eabi/lib/thumb/v7e-m/nofp/libg.a(libc_a-memcpy.o)

.comment        0x00000000       0x4c
 .comment       0x00000000       0x27 /tmp/ccrHsyst.ltrans0.ltrans.o
 .comment       0x00000000       0x4c /usr/lib/gcc/arm-none-eabi/14.2.1/../../../arm-none-eabi/lib/thumb/v7e-m/nofp/libm.a(libm_a-sf_sin.o)
                                 0x27 (size before relaxing)
 .comment       0x0000004c       0x27 /usr/lib/gcc/arm-none-eabi/14.2.1/../../../arm-none-eabi/lib/thumb/v7e-m/nofp/libm.a(libm_a-kf_sin.o)
 .comment       0x0000004c       0x27 /usr/lib/gcc/arm-none-eabi/14.2.1/../../../arm-none-eabi/lib/thumb/v7e-m/nofp/libm.a(libm_a-ef_rem_pio2.o)
 .comment       0x0000004c       0x27 /usr/lib/gcc/arm-none-eabi/14.2.1/../../../arm-none-eabi/lib/thumb/v7e-m/nofp/libm.a(libm_a-sf_fabs.o)
 .comment       0x0000004c       0x27 /usr/lib/gcc/arm-none-eabi/14.2.1/../../../arm-none-eabi/lib/thumb/v7e-m/nofp/libm.a(libm_a-kf_rem_pio2.o)
 .comment       0x0000004c       0x27 /usr/lib/gcc/arm-none-eabi/14.2.1/../../../arm-none-eabi/lib/thumb/v7e-m/nofp/libm.a(libm_a-sf_scalbn.o)
 .comment       0x0000004c       0x27 /usr/lib/gcc/arm-none-eabi/14.2.1/../../../arm-none-eabi/lib/thumb/v7e-m/nofp/libm.a(libm_a-kf_cos.o)
 .comment       0x0000004c       0x27 /usr/lib/gcc/arm-none-eabi/14.2.1/../../../arm-none-eabi/lib/thumb/v7e-m/nofp/libm.a(libm_a-sf_floor.o)
 .comment       0x0000004c       0x27 /usr/lib/gcc/arm-none-eabi/14.2.1/../../../arm-none-eabi/lib/thumb/v7e-m/nofp/libg.a(libc_a-memset.o)

.debug_line     0x00000000     0xbdab
 .debug_line    0x00000000       0xa6 ./build/obj/crt0_v7m.o
 .debug_line    0x000000a6       0x4f ./build/obj/vectors.o
 .debug_line    0x000000f5       0x5d ./build/obj/chcoreasm.o
 .debug_line    0x00000152     0x80cc /tmp/ccrHsyst.ltrans0.ltrans.o
 .debug_line    0x0000821e       0x51 /tmp/ccOHubZJ.debug.temp.o
 .debug_line    0x0000826f       0x7b /tmp/ccdYMqpb.debug.temp.o
 .debug_line    0x000082ea       0x63 /tmp/ccFa0CEz.debug.temp.o
 .debug_line    0x0000834d       0xb4 /tmp/cchtYY7g.debug.temp.o
 .debug_line    0x00008401       0xc6 /tmp/ccnC4zYR.debug.temp.o
 .debug_line    0x000084c7       0xaf /tmp/ccsJKFNx.debug.temp.o
 .debug_line    0x00008576       0xc7 /tmp/cccUs1RH.debug.temp.o
 .debug_line    0x0000863d       0xe2 /tmp/ccfWHsu2.debug.temp.o
 .debug_line    0x0000871f       0x4c /tmp/ccTGfoOG.debug.temp.o
 .debug_line    0x0000876b      0x1ac /tmp/cclQuCkj.debug.temp.o
 .debug_line    0x00008917       0x6d /tmp/ccZtHZjB.debug.temp.o
 .debug_line    0x00008984       0xb8 /tmp/cc03rXvr.debug.temp.o
 .debug_line    0x00008a3c       0xcb /tmp/ccO2jpyU.debug.temp.o
 .debug_line    0x00008b07       0xb8 /tmp/ccal8y5u.debug.temp.o
 .debug_line    0x00008bbf       0x4d /tmp/cclLmJfO.debug.temp.o
 .debug_line    0x00008c0c       0xeb /tmp/cc1Qjl86.debug.temp.o
 .debug_line    0x00008cf7       0x82 /tmp/cckhnNwk.debug.temp.o
 .debug_line    0x00008d79       0x71 /tmp/cca2ibYp.debug.temp.o
 .debug_line    0x00008dea       0xc7 /tmp/ccOTT6P3.debug.temp.o
 .debug_line    0x00008eb1       0x63 /tmp/cckOzbWh.debug.temp.o
 .debug_line    0x00008f14       0xc5 /tmp/ccbZHVY4.debug.temp.o
 .debug_line    0x00008fd9       0x86 /tmp/ccVfoCcM.debug.temp.o
 .debug_line    0x0000905f       0x9d /tmp/cc9lHWLh.debug.temp.o
 .debug_line    0x000090fc       0x94 /tmp/ccCHdDxf.debug.temp.o
 .debug_line    0x00009190       0xa3 /tmp/cc41C0K7.debug.temp.o
 .debug_line    0x00009233       0xb1 /tmp/ccBinCS7.debug.temp.o
 .debug_line    0x000092e4       0x94 /tmp/cc1AetPn.debug.temp.o
 .debug_line    0x00009378       0x99 /tmp/ccCNXhMF.debug.temp.o
 .debug_line    0x00009411       0x9e /tmp/ccHudmjB.debug.temp.o
 .debug_line    0x000094af       0xa2 /tmp/cccRrQRX.debug.temp.o
 .debug_line    0x00009551       0x99 /tmp/ccNLUmVQ.debug.temp.o
 .debug_line    0x000095ea       0xa7 /tmp/ccrpZ1kU.debug.temp.o
 .debug_line    0x00009691       0xbb /tmp/cctxMiN9.debug.temp.o
 .debug_line    0x0000974c       0x99 /tmp/cc5OnYSM.debug.temp.o
 .debug_line    0x000097e5       0x69 /tmp/ccH2qxrr.debug.temp.o
 .debug_line    0x0000984e       0xff /tmp/ccbXgNgH.debug.temp.o
 .debug_line    0x0000994d      0x1e0 /usr/lib/gcc/arm-none-eabi/14.2.1/../../../arm-none-eabi/lib/thumb/v7e-m/nofp/libm.a(libm_a-sf_sin.o)
 .debug_line    0x00009b2d      0x1be /usr/lib/gcc/arm-none-eabi/14.2.1/../../../arm-none-eabi/lib/thumb/v7e-m/nofp/libm.a(libm_a-kf_sin.o)
 .debug_line    0x00009ceb      0x528 /usr/lib/gcc/arm-none-eabi/14.2.1/../../../arm-none-eabi/lib/thumb/v7e-m/nofp/libm.a(libm_a-ef_rem_pio2.o)
 .debug_line    0x0000a213      0x15c /usr/lib/gcc/arm-none-eabi/14.2.1/../../../arm-none-eabi/lib/thumb/v7e-m/nofp/libm.a(libm_a-sf_fabs.o)
 .debug_line    0x0000a36f      0xa92 /usr/lib/gcc/arm-none-eabi/14.2.1/../../../arm-none-eabi/lib/thumb/v7e-m/nofp/libm.a(libm_a-kf_rem_pio2.o)
 .debug_line    0x0000ae01      0x24a /usr/lib/gcc/arm-none-eabi/14.2.1/../../../arm-none-eabi/lib/thumb/v7e-m/nofp/libm.a(libm_a-sf_scalbn.o)
 .debug_line    0x0000b04b      0x218 /usr/lib/gcc/arm-none-eabi/14.2.1/../../../arm-none-eabi/lib/thumb/v7e-m/nofp/libm.a(libm_a-kf_cos.o)
 .debug_line    0x0000b263      0x252 /usr/lib/gcc/arm-none-eabi/14.2.1/../../../arm-none-eabi/lib/thumb/v7e-m/nofp/libm.a(libm_a-sf_floor.o)
 .debug_line    0x0000b4b5       0xbd /usr/lib/gcc/arm-none-eabi/14.2.1/thumb/v7e-m/nofp/libgcc.a(_arm_mulsf3.o)
 .debug_line    0x0000b572      0x103 /usr/lib/gcc/arm-none-eabi/14.2.1/thumb/v7e-m/nofp/libgcc.a(_arm_addsubsf3.o)
 .debug_line    0x0000b675       0x9a /usr/lib/gcc/arm-none-eabi/14.2.1/thumb/v7e-m/nofp/libgcc.a(_arm_cmpsf2.o)
 .debug_line    0x0000b70f       0x62 /usr/lib/gcc/arm-none-eabi/14.2.1/thumb/v7e-m/nofp/libgcc.a(_arm_fixsfsi.o)
 .debug_line    0x0000b771      0x16f /usr/lib/gcc/arm-none-eabi/14.2.1/thumb/v7e-m/nofp/libgcc.a(_arm_addsubdf3.o)
 .debug_line    0x0000b8e0      0x184 /usr/lib/gcc/arm-none-eabi/14.2.1/thumb/v7e-m/nofp/libgcc.a(_arm_muldivdf3.o)
 .debug_line    0x0000ba64       0x76 /usr/lib/gcc/arm-none-eabi/14.2.1/thumb/v7e-m/nofp/libgcc.a(_arm_truncdfsf2.o)
 .debug_line    0x0000bada       0x5e /usr/lib/gcc/arm-none-eabi/14.2.1/thumb/v7e-m/nofp/libgcc.a(_arm_fixunssfsi.o)
 .debug_line    0x0000bb38      0x1ba /usr/lib/gcc/arm-none-eabi/14.2.1/../../../arm-none-eabi/lib/thumb/v7e-m/nofp/libg.a(libc_a-memset.o)
 .debug_line    0x0000bcf2       0xb9 /usr/lib/gcc/arm-none-eabi/14.2.1/../../../arm-none-eabi/lib/thumb/v7e-m/nofp/libg.a(libc_a-memcpy.o)

.debug_line_str
                0x00000000     0x13df
 .debug_line_str
                0x00000000     0x13df ./build/obj/crt0_v7m.o
                                 0x83 (size before relaxing)
 .debug_line_str
                0x000013df       0x82 ./build/obj/vectors.o
 .debug_line_str
                0x000013df       0x83 ./build/obj/chcoreasm.o
 .debug_line_str
                0x000013df      0x146 /tmp/ccOHubZJ.debug.temp.o
 .debug_line_str
                0x000013df      0x1ce /tmp/ccdYMqpb.debug.temp.o
 .debug_line_str
                0x000013df      0x178 /tmp/ccFa0CEz.debug.temp.o
 .debug_line_str
                0x000013df      0x290 /tmp/cchtYY7g.debug.temp.o
 .debug_line_str
                0x000013df      0x326 /tmp/ccnC4zYR.debug.temp.o
 .debug_line_str
                0x000013df      0x2a1 /tmp/ccsJKFNx.debug.temp.o
 .debug_line_str
                0x000013df      0x30b /tmp/cccUs1RH.debug.temp.o
 .debug_line_str
                0x000013df      0x3c8 /tmp/ccfWHsu2.debug.temp.o
 .debug_line_str
                0x000013df      0x122 /tmp/ccTGfoOG.debug.temp.o
 .debug_line_str
                0x000013df      0x719 /tmp/cclQuCkj.debug.temp.o
 .debug_line_str
                0x000013df      0x1ce /tmp/ccZtHZjB.debug.temp.o
 .debug_line_str
                0x000013df      0x313 /tmp/cc03rXvr.debug.temp.o
 .debug_line_str
                0x000013df      0x35e /tmp/ccO2jpyU.debug.temp.o
 .debug_line_str
                0x000013df      0x30e /tmp/ccal8y5u.debug.temp.o
 .debug_line_str
                0x000013df      0x10c /tmp/cclLmJfO.debug.temp.o
 .debug_line_str
                0x000013df      0x42f /tmp/cc1Qjl86.debug.temp.o
 .debug_line_str
                0x000013df      0x285 /tmp/cckhnNwk.debug.temp.o
 .debug_line_str
                0x000013df      0x1e0 /tmp/cca2ibYp.debug.temp.o
 .debug_line_str
                0x000013df      0x33c /tmp/ccOTT6P3.debug.temp.o
 .debug_line_str
                0x000013df      0x1b3 /tmp/cckOzbWh.debug.temp.o
 .debug_line_str
                0x000013df      0x27e /tmp/ccbZHVY4.debug.temp.o
 .debug_line_str
                0x000013df      0x1ae /tmp/ccVfoCcM.debug.temp.o
 .debug_line_str
                0x000013df      0x22e /tmp/cc9lHWLh.debug.temp.o
 .debug_line_str
                0x000013df      0x1fb /tmp/ccCHdDxf.debug.temp.o
 .debug_line_str
                0x000013df      0x216 /tmp/cc41C0K7.debug.temp.o
 .debug_line_str
                0x000013df      0x263 /tmp/ccBinCS7.debug.temp.o
 .debug_line_str
                0x000013df      0x1f6 /tmp/cc1AetPn.debug.temp.o
 .debug_line_str
                0x000013df      0x207 /tmp/ccCNXhMF.debug.temp.o
 .debug_line_str
                0x000013df      0x218 /tmp/ccHudmjB.debug.temp.o
 .debug_line_str
                0x000013df      0x249 /tmp/cccRrQRX.debug.temp.o
 .debug_line_str
                0x000013df      0x20a /tmp/ccNLUmVQ.debug.temp.o
 .debug_line_str
                0x000013df      0x253 /tmp/ccrpZ1kU.debug.temp.o
 .debug_line_str
                0x000013df      0x260 /tmp/cctxMiN9.debug.temp.o
 .debug_line_str
                0x000013df      0x22d /tmp/cc5OnYSM.debug.temp.o
 .debug_line_str
                0x000013df      0x15e /tmp/ccH2qxrr.debug.temp.o
 .debug_line_str
                0x000013df      0x3cf /tmp/ccbXgNgH.debug.temp.o
 .debug_line_str
                0x000013df       0x92 /usr/lib/gcc/arm-none-eabi/14.2.1/thumb/v7e-m/nofp/libgcc.a(_arm_mulsf3.o)
 .debug_line_str
                0x000013df       0x92 /usr/lib/gcc/arm-none-eabi/14.2.1/thumb/v7e-m/nofp/libgcc.a(_arm_addsubsf3.o)
 .debug_line_str
                0x000013df       0x92 /usr/lib/gcc/arm-none-eabi/14.2.1/thumb/v7e-m/nofp/libgcc.a(_arm_cmpsf2.o)
 .debug_line_str
                0x000013df       0x92 /usr/lib/gcc/arm-none-eabi/14.2.1/thumb/v7e-m/nofp/libgcc.a(_arm_fixsfsi.o)
 .debug_line_str
                0x000013df       0x92 /usr/lib/gcc/arm-none-eabi/14.2.1/thumb/v7e-m/nofp/libgcc.a(_arm_addsubdf3.o)
 .debug_line_str
                0x000013df       0x92 /usr/lib/gcc/arm-none-eabi/14.2.1/thumb/v7e-m/nofp/libgcc.a(_arm_muldivdf3.o)
 .debug_line_str
                0x000013df       0x92 /usr/lib/gcc/arm-none-eabi/14.2.1/thumb/v7e-m/nofp/libgcc.a(_arm_truncdfsf2.o)
 .debug_line_str
                0x000013df       0x92 /usr/lib/gcc/arm-none-eabi/14.2.1/thumb/v7e-m/nofp/libgcc.a(_arm_fixunssfsi.o)
 .debug_line_str
                0x000013df       0x95 /usr/lib/gcc/arm-none-eabi/14.2.1/../../../arm-none-eabi/lib/thumb/v7e-m/nofp/libg.a(libc_a-memcpy.o)

.debug_info     0x00000000    0x283fa
 .debug_info    0x00000000       0x25 ./build/obj/crt0_v7m.o
 .debug_info    0x00000025       0x24 ./build/obj/vectors.o
 .debug_info    0x00000049       0x24 ./build/obj/chcoreasm.o
 .debug_info    0x0000006d     0x9775 /tmp/ccrHsyst.ltrans0.ltrans.o
 .debug_info    0x000097e2      0x64f /tmp/ccOHubZJ.debug.temp.o
                0x000097e2                crt1.c.85f0efe8
 .debug_info    0x00009e31       0xcd /tmp/ccdYMqpb.debug.temp.o
                0x00009e31                hal.c.0af7e7f4
 .debug_info    0x00009efe      0x2ee /tmp/ccFa0CEz.debug.temp.o
                0x00009efe                hal_st.c.fd1621d0
 .debug_info    0x0000a1ec      0xe3e /tmp/cchtYY7g.debug.temp.o
                0x0000a1ec                hal_queues.c.09c8b179
 .debug_info    0x0000b02a     0x11ef /tmp/ccnC4zYR.debug.temp.o
                0x0000b02a                hal_dac.c.9c5618e7
 .debug_info    0x0000c219      0xced /tmp/ccsJKFNx.debug.temp.o
                0x0000c219                hal_gpt.c.a7aa4d2a
 .debug_info    0x0000cf06     0x11da /tmp/cccUs1RH.debug.temp.o
                0x0000cf06                hal_serial.c.ae559ab2
 .debug_info    0x0000e0e0     0x1577 /tmp/ccfWHsu2.debug.temp.o
                0x0000e0e0                hal_spi.c.68f9f874
 .debug_info    0x0000f657      0x5d6 /tmp/ccTGfoOG.debug.temp.o
                0x0000f657                nvic.c.14744dad
 .debug_info    0x0000fc2d     0x1138 /tmp/cclQuCkj.debug.temp.o
                0x0000fc2d                stm32_isr.c.bd6fbf37
 .debug_info    0x00010d65      0xbb6 /tmp/ccZtHZjB.debug.temp.o
                0x00010d65                hal_lld.c.996f2bfa
 .debug_info    0x0001191b      0xdd7 /tmp/cc03rXvr.debug.temp.o
                0x0001191b                stm32_bdma.c.7ac2c084
 .debug_info    0x000126f2     0x10c3 /tmp/ccO2jpyU.debug.temp.o
                0x000126f2                hal_dac_lld.c.9fb905ff
 .debug_info    0x000137b5      0xec0 /tmp/ccal8y5u.debug.temp.o
                0x000137b5                stm32_dma.c.b034c20e
 .debug_info    0x00014675      0x230 /tmp/cclLmJfO.debug.temp.o
                0x00014675                hal_pal_lld.c.8ed6331b
 .debug_info    0x000148a5     0x1a0e /tmp/cc1Qjl86.debug.temp.o
                0x000148a5                hal_spi_v2_lld.c.7c005bdc
 .debug_info    0x000162b3      0x4ff /tmp/cckhnNwk.debug.temp.o
                0x000162b3                hal_st_lld.c.ca39c5d5
 .debug_info    0x000167b2      0x9ff /tmp/cca2ibYp.debug.temp.o
                0x000167b2                hal_gpt_lld.c.665a0ed8
 .debug_info    0x000171b1     0x1117 /tmp/ccOTT6P3.debug.temp.o
                0x000171b1                hal_serial_lld.c.1e525ef3
 .debug_info    0x000182c8      0x7dd /tmp/cckOzbWh.debug.temp.o
                0x000182c8                board.c.597f9f71
 .debug_info    0x00018aa5      0xe2e /tmp/ccbZHVY4.debug.temp.o
                0x00018aa5                chsys.c.9fd1563d
 .debug_info    0x000198d3      0x77c /tmp/ccVfoCcM.debug.temp.o
                0x000198d3                chrfcu.c.79873f48
 .debug_info    0x0001a04f      0xe6e /tmp/cc9lHWLh.debug.temp.o
                0x0001a04f                chvt.c.eb626d2b
 .debug_info    0x0001aebd      0xcb6 /tmp/ccCHdDxf.debug.temp.o
                0x0001aebd                chschd.c.ecf87976
 .debug_info    0x0001bb73      0xa85 /tmp/cc41C0K7.debug.temp.o
                0x0001bb73                chinstances.c.5a6eec2d
 .debug_info    0x0001c5f8     0x124c /tmp/ccBinCS7.debug.temp.o
                0x0001c5f8                chthreads.c.69210320
 .debug_info    0x0001d844      0xb1b /tmp/cc1AetPn.debug.temp.o
                0x0001d844                chtm.c.5a619f66
 .debug_info    0x0001e35f      0xb01 /tmp/ccCNXhMF.debug.temp.o
                0x0001e35f                chmtx.c.60b6174f
 .debug_info    0x0001ee60      0xd9c /tmp/ccHudmjB.debug.temp.o
                0x0001ee60                chevents.c.a882e37b
 .debug_info    0x0001fbfc      0x9a4 /tmp/cccRrQRX.debug.temp.o
                0x0001fbfc                chmemcore.c.221616e9
 .debug_info    0x000205a0      0xbdd /tmp/ccNLUmVQ.debug.temp.o
                0x000205a0                chmemheaps.c.d3824f61
 .debug_info    0x0002117d      0xc29 /tmp/ccrpZ1kU.debug.temp.o
                0x0002117d                chmempools.c.d13f04b9
 .debug_info    0x00021da6     0x1606 /tmp/cctxMiN9.debug.temp.o
                0x00021da6                chfactory.c.50ae810b
 .debug_info    0x000233ac     0x1436 /tmp/cc5OnYSM.debug.temp.o
                0x000233ac                chcore.c.27f149ff
 .debug_info    0x000247e2      0x50b /tmp/ccH2qxrr.debug.temp.o
                0x000247e2                chprintf.c.4419cd27
 .debug_info    0x00024ced     0x17e9 /tmp/ccbXgNgH.debug.temp.o
                0x00024ced                dac_ex.c.5436cda2
 .debug_info    0x000264d6      0x236 /usr/lib/gcc/arm-none-eabi/14.2.1/../../../arm-none-eabi/lib/thumb/v7e-m/nofp/libm.a(libm_a-sf_sin.o)
 .debug_info    0x0002670c      0x2db /usr/lib/gcc/arm-none-eabi/14.2.1/../../../arm-none-eabi/lib/thumb/v7e-m/nofp/libm.a(libm_a-kf_sin.o)
 .debug_info    0x000269e7      0x610 /usr/lib/gcc/arm-none-eabi/14.2.1/../../../arm-none-eabi/lib/thumb/v7e-m/nofp/libm.a(libm_a-ef_rem_pio2.o)
 .debug_info    0x00026ff7      0x13e /usr/lib/gcc/arm-none-eabi/14.2.1/../../../arm-none-eabi/lib/thumb/v7e-m/nofp/libm.a(libm_a-sf_fabs.o)
 .debug_info    0x00027135      0x5ce /usr/lib/gcc/arm-none-eabi/14.2.1/../../../arm-none-eabi/lib/thumb/v7e-m/nofp/libm.a(libm_a-kf_rem_pio2.o)
 .debug_info    0x00027703      0x25d /usr/lib/gcc/arm-none-eabi/14.2.1/../../../arm-none-eabi/lib/thumb/v7e-m/nofp/libm.a(libm_a-sf_scalbn.o)
 .debug_info    0x00027960      0x39c /usr/lib/gcc/arm-none-eabi/14.2.1/../../../arm-none-eabi/lib/thumb/v7e-m/nofp/libm.a(libm_a-kf_cos.o)
 .debug_info    0x00027cfc      0x1d1 /usr/lib/gcc/arm-none-eabi/14.2.1/../../../arm-none-eabi/lib/thumb/v7e-m/nofp/libm.a(libm_a-sf_floor.o)
 .debug_info    0x00027ecd       0x3f /usr/lib/gcc/arm-none-eabi/14.2.1/thumb/v7e-m/nofp/libgcc.a(_arm_mulsf3.o)
 .debug_info    0x00027f0c       0xca /usr/lib/gcc/arm-none-eabi/14.2.1/thumb/v7e-m/nofp/libgcc.a(_arm_addsubsf3.o)
 .debug_info    0x00027fd6       0xdb /usr/lib/gcc/arm-none-eabi/14.2.1/thumb/v7e-m/nofp/libgcc.a(_arm_cmpsf2.o)
 .debug_info    0x000280b1       0x3c /usr/lib/gcc/arm-none-eabi/14.2.1/thumb/v7e-m/nofp/libgcc.a(_arm_fixsfsi.o)
 .debug_info    0x000280ed       0xd3 /usr/lib/gcc/arm-none-eabi/14.2.1/thumb/v7e-m/nofp/libgcc.a(_arm_addsubdf3.o)
 .debug_info    0x000281c0       0x57 /usr/lib/gcc/arm-none-eabi/14.2.1/thumb/v7e-m/nofp/libgcc.a(_arm_muldivdf3.o)
 .debug_info    0x00028217       0x3f /usr/lib/gcc/arm-none-eabi/14.2.1/thumb/v7e-m/nofp/libgcc.a(_arm_truncdfsf2.o)
 .debug_info    0x00028256       0x3c /usr/lib/gcc/arm-none-eabi/14.2.1/thumb/v7e-m/nofp/libgcc.a(_arm_fixunssfsi.o)
 .debug_info    0x00028292      0x135 /usr/lib/gcc/arm-none-eabi/14.2.1/../../../arm-none-eabi/lib/thumb/v7e-m/nofp/libg.a(libc_a-memset.o)
 .debug_info    0x000283c7       0x33 /usr/lib/gcc/arm-none-eabi/14.2.1/../../../arm-none-eabi/lib/thumb/v7e-m/nofp/libg.a(libc_a-memcpy.o)

.debug_abbrev   0x00000000     0x6127
 .debug_abbrev  0x00000000       0x14 ./build/obj/crt0_v7m.o
 .debug_abbrev  0x00000014       0x14 ./build/obj/vectors.o
 .debug_abbrev  0x00000028       0x14 ./build/obj/chcoreasm.o
 .debug_abbrev  0x0000003c      0x340 /tmp/ccrHsyst.ltrans0.ltrans.o
 .debug_abbrev  0x0000037c      0x17d /tmp/ccOHubZJ.debug.temp.o
 .debug_abbrev  0x000004f9       0x6d /tmp/ccdYMqpb.debug.temp.o
 .debug_abbrev  0x00000566      0x181 /tmp/ccFa0CEz.debug.temp.o
 .debug_abbrev  0x000006e7      0x2cb /tmp/cchtYY7g.debug.temp.o
 .debug_abbrev  0x000009b2      0x2e0 /tmp/ccnC4zYR.debug.temp.o
 .debug_abbrev  0x00000c92      0x25e /tmp/ccsJKFNx.debug.temp.o
 .debug_abbrev  0x00000ef0      0x2dc /tmp/cccUs1RH.debug.temp.o
 .debug_abbrev  0x000011cc      0x30b /tmp/ccfWHsu2.debug.temp.o
 .debug_abbrev  0x000014d7      0x13f /tmp/ccTGfoOG.debug.temp.o
 .debug_abbrev  0x00001616      0x1ee /tmp/cclQuCkj.debug.temp.o
 .debug_abbrev  0x00001804      0x1be /tmp/ccZtHZjB.debug.temp.o
 .debug_abbrev  0x000019c2      0x274 /tmp/cc03rXvr.debug.temp.o
 .debug_abbrev  0x00001c36      0x2bb /tmp/ccO2jpyU.debug.temp.o
 .debug_abbrev  0x00001ef1      0x284 /tmp/ccal8y5u.debug.temp.o
 .debug_abbrev  0x00002175       0xf2 /tmp/cclLmJfO.debug.temp.o
 .debug_abbrev  0x00002267      0x319 /tmp/cc1Qjl86.debug.temp.o
 .debug_abbrev  0x00002580      0x14c /tmp/cckhnNwk.debug.temp.o
 .debug_abbrev  0x000026cc      0x1c7 /tmp/cca2ibYp.debug.temp.o
 .debug_abbrev  0x00002893      0x2ae /tmp/ccOTT6P3.debug.temp.o
 .debug_abbrev  0x00002b41      0x1e6 /tmp/cckOzbWh.debug.temp.o
 .debug_abbrev  0x00002d27      0x389 /tmp/ccbZHVY4.debug.temp.o
 .debug_abbrev  0x000030b0      0x174 /tmp/ccVfoCcM.debug.temp.o
 .debug_abbrev  0x00003224      0x2bb /tmp/cc9lHWLh.debug.temp.o
 .debug_abbrev  0x000034df      0x271 /tmp/ccCHdDxf.debug.temp.o
 .debug_abbrev  0x00003750      0x27f /tmp/cc41C0K7.debug.temp.o
 .debug_abbrev  0x000039cf      0x308 /tmp/ccBinCS7.debug.temp.o
 .debug_abbrev  0x00003cd7      0x206 /tmp/cc1AetPn.debug.temp.o
 .debug_abbrev  0x00003edd      0x2c4 /tmp/ccCNXhMF.debug.temp.o
 .debug_abbrev  0x000041a1      0x2b6 /tmp/ccHudmjB.debug.temp.o
 .debug_abbrev  0x00004457      0x241 /tmp/cccRrQRX.debug.temp.o
 .debug_abbrev  0x00004698      0x292 /tmp/ccNLUmVQ.debug.temp.o
 .debug_abbrev  0x0000492a      0x2ad /tmp/ccrpZ1kU.debug.temp.o
 .debug_abbrev  0x00004bd7      0x29f /tmp/cctxMiN9.debug.temp.o
 .debug_abbrev  0x00004e76      0x288 /tmp/cc5OnYSM.debug.temp.o
 .debug_abbrev  0x000050fe      0x1c9 /tmp/ccH2qxrr.debug.temp.o
 .debug_abbrev  0x000052c7      0x2bc /tmp/ccbXgNgH.debug.temp.o
 .debug_abbrev  0x00005583      0x162 /usr/lib/gcc/arm-none-eabi/14.2.1/../../../arm-none-eabi/lib/thumb/v7e-m/nofp/libm.a(libm_a-sf_sin.o)
 .debug_abbrev  0x000056e5      0x10e /usr/lib/gcc/arm-none-eabi/14.2.1/../../../arm-none-eabi/lib/thumb/v7e-m/nofp/libm.a(libm_a-kf_sin.o)
 .debug_abbrev  0x000057f3      0x191 /usr/lib/gcc/arm-none-eabi/14.2.1/../../../arm-none-eabi/lib/thumb/v7e-m/nofp/libm.a(libm_a-ef_rem_pio2.o)
 .debug_abbrev  0x00005984       0xd4 /usr/lib/gcc/arm-none-eabi/14.2.1/../../../arm-none-eabi/lib/thumb/v7e-m/nofp/libm.a(libm_a-sf_fabs.o)
 .debug_abbrev  0x00005a58      0x16f /usr/lib/gcc/arm-none-eabi/14.2.1/../../../arm-none-eabi/lib/thumb/v7e-m/nofp/libm.a(libm_a-kf_rem_pio2.o)
 .debug_abbrev  0x00005bc7      0x127 /usr/lib/gcc/arm-none-eabi/14.2.1/../../../arm-none-eabi/lib/thumb/v7e-m/nofp/libm.a(libm_a-sf_scalbn.o)
 .debug_abbrev  0x00005cee      0x109 /usr/lib/gcc/arm-none-eabi/14.2.1/../../../arm-none-eabi/lib/thumb/v7e-m/nofp/libm.a(libm_a-kf_cos.o)
 .debug_abbrev  0x00005df7      0x113 /usr/lib/gcc/arm-none-eabi/14.2.1/../../../arm-none-eabi/lib/thumb/v7e-m/nofp/libm.a(libm_a-sf_floor.o)
 .debug_abbrev  0x00005f0a       0x26 /usr/lib/gcc/arm-none-eabi/14.2.1/thumb/v7e-m/nofp/libgcc.a(_arm_mulsf3.o)
 .debug_abbrev  0x00005f30       0x28 /usr/lib/gcc/arm-none-eabi/14.2.1/thumb/v7e-m/nofp/libgcc.a(_arm_addsubsf3.o)
 .debug_abbrev  0x00005f58       0x28 /usr/lib/gcc/arm-none-eabi/14.2.1/thumb/v7e-m/nofp/libgcc.a(_arm_cmpsf2.o)
 .debug_abbrev  0x00005f80       0x28 /usr/lib/gcc/arm-none-eabi/14.2.1/thumb/v7e-m/nofp/libgcc.a(_arm_fixsfsi.o)
 .debug_abbrev  0x00005fa8       0x28 /usr/lib/gcc/arm-none-eabi/14.2.1/thumb/v7e-m/nofp/libgcc.a(_arm_addsubdf3.o)
 .debug_abbrev  0x00005fd0       0x28 /usr/lib/gcc/arm-none-eabi/14.2.1/thumb/v7e-m/nofp/libgcc.a(_arm_muldivdf3.o)
 .debug_abbrev  0x00005ff8       0x28 /usr/lib/gcc/arm-none-eabi/14.2.1/thumb/v7e-m/nofp/libgcc.a(_arm_truncdfsf2.o)
 .debug_abbrev  0x00006020       0x28 /usr/lib/gcc/arm-none-eabi/14.2.1/thumb/v7e-m/nofp/libgcc.a(_arm_fixunssfsi.o)
 .debug_abbrev  0x00006048       0xb7 /usr/lib/gcc/arm-none-eabi/14.2.1/../../../arm-none-eabi/lib/thumb/v7e-m/nofp/libg.a(libc_a-memset.o)
 .debug_abbrev  0x000060ff       0x28 /usr/lib/gcc/arm-none-eabi/14.2.1/../../../arm-none-eabi/lib/thumb/v7e-m/nofp/libg.a(libc_a-memcpy.o)

.debug_aranges  0x00000000      0x520
 .debug_aranges
                0x00000000       0x20 ./build/obj/crt0_v7m.o
 .debug_aranges
                0x00000020       0x20 ./build/obj/vectors.o
 .debug_aranges
                0x00000040       0x20 ./build/obj/chcoreasm.o
 .debug_aranges
                0x00000060      0x280 /tmp/ccrHsyst.ltrans0.ltrans.o
 .debug_aranges
                0x000002e0       0x20 /usr/lib/gcc/arm-none-eabi/14.2.1/../../../arm-none-eabi/lib/thumb/v7e-m/nofp/libm.a(libm_a-sf_sin.o)
 .debug_aranges
                0x00000300       0x20 /usr/lib/gcc/arm-none-eabi/14.2.1/../../../arm-none-eabi/lib/thumb/v7e-m/nofp/libm.a(libm_a-kf_sin.o)
 .debug_aranges
                0x00000320       0x20 /usr/lib/gcc/arm-none-eabi/14.2.1/../../../arm-none-eabi/lib/thumb/v7e-m/nofp/libm.a(libm_a-ef_rem_pio2.o)
 .debug_aranges
                0x00000340       0x20 /usr/lib/gcc/arm-none-eabi/14.2.1/../../../arm-none-eabi/lib/thumb/v7e-m/nofp/libm.a(libm_a-sf_fabs.o)
 .debug_aranges
                0x00000360       0x20 /usr/lib/gcc/arm-none-eabi/14.2.1/../../../arm-none-eabi/lib/thumb/v7e-m/nofp/libm.a(libm_a-kf_rem_pio2.o)
 .debug_aranges
                0x00000380       0x20 /usr/lib/gcc/arm-none-eabi/14.2.1/../../../arm-none-eabi/lib/thumb/v7e-m/nofp/libm.a(libm_a-sf_scalbn.o)
 .debug_aranges
                0x000003a0       0x20 /usr/lib/gcc/arm-none-eabi/14.2.1/../../../arm-none-eabi/lib/thumb/v7e-m/nofp/libm.a(libm_a-kf_cos.o)
 .debug_aranges
                0x000003c0       0x20 /usr/lib/gcc/arm-none-eabi/14.2.1/../../../arm-none-eabi/lib/thumb/v7e-m/nofp/libm.a(libm_a-sf_floor.o)
 .debug_aranges
                0x000003e0       0x20 /usr/lib/gcc/arm-none-eabi/14.2.1/thumb/v7e-m/nofp/libgcc.a(_arm_mulsf3.o)
 .debug_aranges
                0x00000400       0x20 /usr/lib/gcc/arm-none-eabi/14.2.1/thumb/v7e-m/nofp/libgcc.a(_arm_addsubsf3.o)
 .debug_aranges
                0x00000420       0x20 /usr/lib/gcc/arm-none-eabi/14.2.1/thumb/v7e-m/nofp/libgcc.a(_arm_cmpsf2.o)
 .debug_aranges
                0x00000440       0x20 /usr/lib/gcc/arm-none-eabi/14.2.1/thumb/v7e-m/nofp/libgcc.a(_arm_fixsfsi.o)
 .debug_aranges
                0x00000460       0x20 /usr/lib/gcc/arm-none-eabi/14.2.1/thumb/v7e-m/nofp/libgcc.a(_arm_addsubdf3.o)
 .debug_aranges
                0x00000480       0x20 /usr/lib/gcc/arm-none-eabi/14.2.1/thumb/v7e-m/nofp/libgcc.a(_arm_muldivdf3.o)
 .debug_aranges
                0x000004a0       0x20 /usr/lib/gcc/arm-none-eabi/14.2.1/thumb/v7e-m/nofp/libgcc.a(_arm_truncdfsf2.o)
 .debug_aranges
                0x000004c0       0x20 /usr/lib/gcc/arm-none-eabi/14.2.1/thumb/v7e-m/nofp/libgcc.a(_arm_fixunssfsi.o)
 .debug_aranges
                0x000004e0       0x20 /usr/lib/gcc/arm-none-eabi/14.2.1/../../../arm-none-eabi/lib/thumb/v7e-m/nofp/libg.a(libc_a-memset.o)
 .debug_aranges
                0x00000500       0x20 /usr/lib/gcc/arm-none-eabi/14.2.1/../../../arm-none-eabi/lib/thumb/v7e-m/nofp/libg.a(libc_a-memcpy.o)

.debug_str      0x00000000     0x5db6
 .debug_str     0x00000000     0x5db6 ./build/obj/crt0_v7m.o
                                 0x8f (size before relaxing)
 .debug_str     0x00005db6       0x8e ./build/obj/vectors.o
 .debug_str     0x00005db6       0x8f ./build/obj/chcoreasm.o
 .debug_str     0x00005db6      0x222 /tmp/ccrHsyst.ltrans0.ltrans.o
 .debug_str     0x00005db6      0x611 /tmp/ccOHubZJ.debug.temp.o
 .debug_str     0x00005db6      0x214 /tmp/ccdYMqpb.debug.temp.o
 .debug_str     0x00005db6      0x2f5 /tmp/ccFa0CEz.debug.temp.o
 .debug_str     0x00005db6      0x812 /tmp/cchtYY7g.debug.temp.o
 .debug_str     0x00005db6      0xb1a /tmp/ccnC4zYR.debug.temp.o
 .debug_str     0x00005db6      0x7e2 /tmp/ccsJKFNx.debug.temp.o
 .debug_str     0x00005db6      0x991 /tmp/cccUs1RH.debug.temp.o
 .debug_str     0x00005db6      0xb2d /tmp/ccfWHsu2.debug.temp.o
 .debug_str     0x00005db6      0x3f5 /tmp/ccTGfoOG.debug.temp.o
 .debug_str     0x00005db6      0xe3f /tmp/cclQuCkj.debug.temp.o
 .debug_str     0x00005db6      0x71d /tmp/ccZtHZjB.debug.temp.o
 .debug_str     0x00005db6      0x8c0 /tmp/cc03rXvr.debug.temp.o
 .debug_str     0x00005db6      0xb6d /tmp/ccO2jpyU.debug.temp.o
 .debug_str     0x00005db6      0x909 /tmp/ccal8y5u.debug.temp.o
 .debug_str     0x00005db6      0x2a5 /tmp/cclLmJfO.debug.temp.o
 .debug_str     0x00005db6      0xe93 /tmp/cc1Qjl86.debug.temp.o
 .debug_str     0x00005db6      0x466 /tmp/cckhnNwk.debug.temp.o
 .debug_str     0x00005db6      0x600 /tmp/cca2ibYp.debug.temp.o
 .debug_str     0x00005db6      0xa49 /tmp/ccOTT6P3.debug.temp.o
 .debug_str     0x00005db6      0x581 /tmp/cckOzbWh.debug.temp.o
 .debug_str     0x00005db6      0xa57 /tmp/ccbZHVY4.debug.temp.o
 .debug_str     0x00005db6      0x5af /tmp/ccVfoCcM.debug.temp.o
 .debug_str     0x00005db6      0x8c7 /tmp/cc9lHWLh.debug.temp.o
 .debug_str     0x00005db6      0x819 /tmp/ccCHdDxf.debug.temp.o
 .debug_str     0x00005db6      0x7c0 /tmp/cc41C0K7.debug.temp.o
 .debug_str     0x00005db6      0xa48 /tmp/ccBinCS7.debug.temp.o
 .debug_str     0x00005db6      0x7bf /tmp/cc1AetPn.debug.temp.o
 .debug_str     0x00005db6      0x726 /tmp/ccCNXhMF.debug.temp.o
 .debug_str     0x00005db6      0x853 /tmp/ccHudmjB.debug.temp.o
 .debug_str     0x00005db6      0x6b4 /tmp/cccRrQRX.debug.temp.o
 .debug_str     0x00005db6      0x76c /tmp/ccNLUmVQ.debug.temp.o
 .debug_str     0x00005db6      0x7e4 /tmp/ccrpZ1kU.debug.temp.o
 .debug_str     0x00005db6      0xc7f /tmp/cctxMiN9.debug.temp.o
 .debug_str     0x00005db6     0x1246 /tmp/cc5OnYSM.debug.temp.o
 .debug_str     0x00005db6      0x358 /tmp/ccH2qxrr.debug.temp.o
 .debug_str     0x00005db6      0xd48 /tmp/ccbXgNgH.debug.temp.o
 .debug_str     0x00005db6      0x20c /usr/lib/gcc/arm-none-eabi/14.2.1/../../../arm-none-eabi/lib/thumb/v7e-m/nofp/libm.a(libm_a-sf_sin.o)
 .debug_str     0x00005db6      0x211 /usr/lib/gcc/arm-none-eabi/14.2.1/../../../arm-none-eabi/lib/thumb/v7e-m/nofp/libm.a(libm_a-kf_sin.o)
 .debug_str     0x00005db6      0x2ae /usr/lib/gcc/arm-none-eabi/14.2.1/../../../arm-none-eabi/lib/thumb/v7e-m/nofp/libm.a(libm_a-ef_rem_pio2.o)
 .debug_str     0x00005db6      0x1cc /usr/lib/gcc/arm-none-eabi/14.2.1/../../../arm-none-eabi/lib/thumb/v7e-m/nofp/libm.a(libm_a-sf_fabs.o)
 .debug_str     0x00005db6      0x256 /usr/lib/gcc/arm-none-eabi/14.2.1/../../../arm-none-eabi/lib/thumb/v7e-m/nofp/libm.a(libm_a-kf_rem_pio2.o)
 .debug_str     0x00005db6      0x224 /usr/lib/gcc/arm-none-eabi/14.2.1/../../../arm-none-eabi/lib/thumb/v7e-m/nofp/libm.a(libm_a-sf_scalbn.o)
 .debug_str     0x00005db6      0x211 /usr/lib/gcc/arm-none-eabi/14.2.1/../../../arm-none-eabi/lib/thumb/v7e-m/nofp/libm.a(libm_a-kf_cos.o)
 .debug_str     0x00005db6      0x200 /usr/lib/gcc/arm-none-eabi/14.2.1/../../../arm-none-eabi/lib/thumb/v7e-m/nofp/libm.a(libm_a-sf_floor.o)
 .debug_str     0x00005db6       0xb7 /usr/lib/gcc/arm-none-eabi/14.2.1/thumb/v7e-m/nofp/libgcc.a(_arm_mulsf3.o)
 .debug_str     0x00005db6      0x141 /usr/lib/gcc/arm-none-eabi/14.2.1/thumb/v7e-m/nofp/libgcc.a(_arm_addsubsf3.o)
 .debug_str     0x00005db6      0x156 /usr/lib/gcc/arm-none-eabi/14.2.1/thumb/v7e-m/nofp/libgcc.a(_arm_cmpsf2.o)
 .debug_str     0x00005db6       0xb8 /usr/lib/gcc/arm-none-eabi/14.2.1/thumb/v7e-m/nofp/libgcc.a(_arm_fixsfsi.o)
 .debug_str     0x00005db6      0x14d /usr/lib/gcc/arm-none-eabi/14.2.1/thumb/v7e-m/nofp/libgcc.a(_arm_addsubdf3.o)
 .debug_str     0x00005db6       0xcd /usr/lib/gcc/arm-none-eabi/14.2.1/thumb/v7e-m/nofp/libgcc.a(_arm_muldivdf3.o)
 .debug_str     0x00005db6       0xba /usr/lib/gcc/arm-none-eabi/14.2.1/thumb/v7e-m/nofp/libgcc.a(_arm_truncdfsf2.o)
 .debug_str     0x00005db6       0xbc /usr/lib/gcc/arm-none-eabi/14.2.1/thumb/v7e-m/nofp/libgcc.a(_arm_fixunssfsi.o)
 .debug_str     0x00005db6      0x1a6 /usr/lib/gcc/arm-none-eabi/14.2.1/../../../arm-none-eabi/lib/thumb/v7e-m/nofp/libg.a(libc_a-memset.o)
 .debug_str     0x00005db6       0xab /usr/lib/gcc/arm-none-eabi/14.2.1/../../../arm-none-eabi/lib/thumb/v7e-m/nofp/libg.a(libc_a-memcpy.o)

.debug_loclists
                0x00000000     0x6ac3
 .debug_loclists
                0x00000000     0x53ee /tmp/ccrHsyst.ltrans0.ltrans.o
 .debug_loclists
                0x000053ee       0x85 /usr/lib/gcc/arm-none-eabi/14.2.1/../../../arm-none-eabi/lib/thumb/v7e-m/nofp/libm.a(libm_a-sf_sin.o)
 .debug_loclists
                0x00005473       0xe9 /usr/lib/gcc/arm-none-eabi/14.2.1/../../../arm-none-eabi/lib/thumb/v7e-m/nofp/libm.a(libm_a-kf_sin.o)
 .debug_loclists
                0x0000555c      0x560 /usr/lib/gcc/arm-none-eabi/14.2.1/../../../arm-none-eabi/lib/thumb/v7e-m/nofp/libm.a(libm_a-ef_rem_pio2.o)
 .debug_loclists
                0x00005abc       0x57 /usr/lib/gcc/arm-none-eabi/14.2.1/../../../arm-none-eabi/lib/thumb/v7e-m/nofp/libm.a(libm_a-sf_fabs.o)
 .debug_loclists
                0x00005b13      0x9cd /usr/lib/gcc/arm-none-eabi/14.2.1/../../../arm-none-eabi/lib/thumb/v7e-m/nofp/libm.a(libm_a-kf_rem_pio2.o)
 .debug_loclists
                0x000064e0      0x213 /usr/lib/gcc/arm-none-eabi/14.2.1/../../../arm-none-eabi/lib/thumb/v7e-m/nofp/libm.a(libm_a-sf_scalbn.o)
 .debug_loclists
                0x000066f3      0x14d /usr/lib/gcc/arm-none-eabi/14.2.1/../../../arm-none-eabi/lib/thumb/v7e-m/nofp/libm.a(libm_a-kf_cos.o)
 .debug_loclists
                0x00006840       0xc1 /usr/lib/gcc/arm-none-eabi/14.2.1/../../../arm-none-eabi/lib/thumb/v7e-m/nofp/libm.a(libm_a-sf_floor.o)
 .debug_loclists
                0x00006901      0x1c2 /usr/lib/gcc/arm-none-eabi/14.2.1/../../../arm-none-eabi/lib/thumb/v7e-m/nofp/libg.a(libc_a-memset.o)

.debug_rnglists
                0x00000000     0x1731
 .debug_rnglists
                0x00000000     0x1685 /tmp/ccrHsyst.ltrans0.ltrans.o
 .debug_rnglists
                0x00001685       0x13 /usr/lib/gcc/arm-none-eabi/14.2.1/../../../arm-none-eabi/lib/thumb/v7e-m/nofp/libm.a(libm_a-sf_sin.o)
 .debug_rnglists
                0x00001698       0x13 /usr/lib/gcc/arm-none-eabi/14.2.1/../../../arm-none-eabi/lib/thumb/v7e-m/nofp/libm.a(libm_a-kf_sin.o)
 .debug_rnglists
                0x000016ab       0x29 /usr/lib/gcc/arm-none-eabi/14.2.1/../../../arm-none-eabi/lib/thumb/v7e-m/nofp/libm.a(libm_a-ef_rem_pio2.o)
 .debug_rnglists
                0x000016d4       0x13 /usr/lib/gcc/arm-none-eabi/14.2.1/../../../arm-none-eabi/lib/thumb/v7e-m/nofp/libm.a(libm_a-sf_fabs.o)
 .debug_rnglists
                0x000016e7       0x21 /usr/lib/gcc/arm-none-eabi/14.2.1/../../../arm-none-eabi/lib/thumb/v7e-m/nofp/libm.a(libm_a-sf_scalbn.o)
 .debug_rnglists
                0x00001708       0x13 /usr/lib/gcc/arm-none-eabi/14.2.1/../../../arm-none-eabi/lib/thumb/v7e-m/nofp/libm.a(libm_a-kf_cos.o)
 .debug_rnglists
                0x0000171b       0x16 /usr/lib/gcc/arm-none-eabi/14.2.1/../../../arm-none-eabi/lib/thumb/v7e-m/nofp/libm.a(libm_a-sf_floor.o)

.debug_frame    0x00000000      0xc74
 .debug_frame   0x00000000      0x7d8 /tmp/ccrHsyst.ltrans0.ltrans.o
 .debug_frame   0x000007d8       0x38 /usr/lib/gcc/arm-none-eabi/14.2.1/../../../arm-none-eabi/lib/thumb/v7e-m/nofp/libm.a(libm_a-sf_sin.o)
 .debug_frame   0x00000810       0x34 /usr/lib/gcc/arm-none-eabi/14.2.1/../../../arm-none-eabi/lib/thumb/v7e-m/nofp/libm.a(libm_a-kf_sin.o)
 .debug_frame   0x00000844       0x40 /usr/lib/gcc/arm-none-eabi/14.2.1/../../../arm-none-eabi/lib/thumb/v7e-m/nofp/libm.a(libm_a-ef_rem_pio2.o)
 .debug_frame   0x00000884       0x20 /usr/lib/gcc/arm-none-eabi/14.2.1/../../../arm-none-eabi/lib/thumb/v7e-m/nofp/libm.a(libm_a-sf_fabs.o)
 .debug_frame   0x000008a4       0x50 /usr/lib/gcc/arm-none-eabi/14.2.1/../../../arm-none-eabi/lib/thumb/v7e-m/nofp/libm.a(libm_a-kf_rem_pio2.o)
 .debug_frame   0x000008f4       0x28 /usr/lib/gcc/arm-none-eabi/14.2.1/../../../arm-none-eabi/lib/thumb/v7e-m/nofp/libm.a(libm_a-sf_scalbn.o)
 .debug_frame   0x0000091c       0x34 /usr/lib/gcc/arm-none-eabi/14.2.1/../../../arm-none-eabi/lib/thumb/v7e-m/nofp/libm.a(libm_a-kf_cos.o)
 .debug_frame   0x00000950       0x30 /usr/lib/gcc/arm-none-eabi/14.2.1/../../../arm-none-eabi/lib/thumb/v7e-m/nofp/libm.a(libm_a-sf_floor.o)
 .debug_frame   0x00000980       0x24 /usr/lib/gcc/arm-none-eabi/14.2.1/thumb/v7e-m/nofp/libgcc.a(_arm_mulsf3.o)
 .debug_frame   0x000009a4       0x4c /usr/lib/gcc/arm-none-eabi/14.2.1/thumb/v7e-m/nofp/libgcc.a(_arm_addsubsf3.o)
 .debug_frame   0x000009f0       0xc8 /usr/lib/gcc/arm-none-eabi/14.2.1/thumb/v7e-m/nofp/libgcc.a(_arm_cmpsf2.o)
 .debug_frame   0x00000ab8       0x24 /usr/lib/gcc/arm-none-eabi/14.2.1/thumb/v7e-m/nofp/libgcc.a(_arm_fixsfsi.o)
 .debug_frame   0x00000adc       0xac /usr/lib/gcc/arm-none-eabi/14.2.1/thumb/v7e-m/nofp/libgcc.a(_arm_addsubdf3.o)
 .debug_frame   0x00000b88       0x50 /usr/lib/gcc/arm-none-eabi/14.2.1/thumb/v7e-m/nofp/libgcc.a(_arm_muldivdf3.o)
 .debug_frame   0x00000bd8       0x24 /usr/lib/gcc/arm-none-eabi/14.2.1/thumb/v7e-m/nofp/libgcc.a(_arm_truncdfsf2.o)