Archive member included to satisfy reference by file (symbol)

/usr/lib/gcc/arm-none-eabi/14.2.1/../../../arm-none-eabi/lib/thumb/v7e-m/nofp/libm.a(libm_a-sf_sin.o)
                              ./build/obj/dac_ex.o (symbol from plugin) (sinf)
/usr/lib/gcc/arm-none-eabi/14.2.1/../../../arm-none-eabi/lib/thumb/v7e-m/nofp/libm.a(libm_a-kf_sin.o)
                              /usr/lib/gcc/arm-none-eabi/14.2.1/../../../arm-none-eabi/lib/thumb/v7e-m/nofp/libm.a(libm_a-sf_sin.o) (__kernel_sinf)
/usr/lib/gcc/arm-none-eabi/14.2.1/../../../arm-none-eabi/lib/thumb/v7e-m/nofp/libm.a(libm_a-ef_rem_pio2.o)
                              /usr/lib/gcc/arm-none-eabi/14.2.1/../../../arm-none-eabi/lib/thumb/v7e-m/nofp/libm.a(libm_a-sf_sin.o) (__ieee754_rem_pio2f)
/usr/lib/gcc/arm-none-eabi/14.2.1/../../../arm-none-eabi/lib/thumb/v7e-m/nofp/libm.a(libm_a-sf_fabs.o)
                              /usr/lib/gcc/arm-none-eabi/14.2.1/../../../arm-none-eabi/lib/thumb/v7e-m/nofp/libm.a(libm_a-ef_rem_pio2.o) (fabsf)
/usr/lib/gcc/arm-none-eabi/14.2.1/../../../arm-none-eabi/lib/thumb/v7e-m/nofp/libm.a(libm_a-kf_rem_pio2.o)
                              /usr/lib/gcc/arm-none-eabi/14.2.1/../../../arm-none-eabi/lib/thumb/v7e-m/nofp/libm.a(libm_a-ef_rem_pio2.o) (__kernel_rem_pio2f)
/usr/lib/gcc/arm-none-eabi/14.2.1/../../../arm-none-eabi/lib/thumb/v7e-m/nofp/libm.a(libm_a-sf_scalbn.o)
                              /usr/lib/gcc/arm-none-eabi/14.2.1/../../../arm-none-eabi/lib/thumb/v7e-m/nofp/libm.a(libm_a-kf_rem_pio2.o) (scalbnf)
/usr/lib/gcc/arm-none-eabi/14.2.1/../../../arm-none-eabi/lib/thumb/v7e-m/nofp/libm.a(libm_a-kf_cos.o)
                              /usr/lib/gcc/arm-none-eabi/14.2.1/../../../arm-none-eabi/lib/thumb/v7e-m/nofp/libm.a(libm_a-sf_sin.o) (__kernel_cosf)
/usr/lib/gcc/arm-none-eabi/14.2.1/../../../arm-none-eabi/lib/thumb/v7e-m/nofp/libm.a(libm_a-sf_floor.o)
                              /usr/lib/gcc/arm-none-eabi/14.2.1/../../../arm-none-eabi/lib/thumb/v7e-m/nofp/libm.a(libm_a-kf_rem_pio2.o) (floorf)
/usr/lib/gcc/arm-none-eabi/14.2.1/thumb/v7e-m/nofp/libgcc.a(_arm_mulsf3.o)
                              /usr/lib/gcc/arm-none-eabi/14.2.1/../../../arm-none-eabi/lib/thumb/v7e-m/nofp/libm.a(libm_a-kf_sin.o) (__aeabi_fmul)
/usr/lib/gcc/arm-none-eabi/14.2.1/thumb/v7e-m/nofp/libgcc.a(_arm_addsubsf3.o)
                              /usr/lib/gcc/arm-none-eabi/14.2.1/../../../arm-none-eabi/lib/thumb/v7e-m/nofp/libm.a(libm_a-sf_sin.o) (__aeabi_fsub)
/usr/lib/gcc/arm-none-eabi/14.2.1/thumb/v7e-m/nofp/libgcc.a(_arm_cmpsf2.o)
                              /usr/lib/gcc/arm-none-eabi/14.2.1/../../../arm-none-eabi/lib/thumb/v7e-m/nofp/libm.a(libm_a-ef_rem_pio2.o) (__aeabi_fcmpeq)
/usr/lib/gcc/arm-none-eabi/14.2.1/thumb/v7e-m/nofp/libgcc.a(_arm_fixsfsi.o)
                              /usr/lib/gcc/arm-none-eabi/14.2.1/../../../arm-none-eabi/lib/thumb/v7e-m/nofp/libm.a(libm_a-kf_sin.o) (__aeabi_f2iz)
/usr/lib/gcc/arm-none-eabi/14.2.1/../../../arm-none-eabi/lib/thumb/v7e-m/nofp/libg.a(libc_a-ctype_.o)
                              ./build/obj/chscanf.o (symbol from plugin) (_ctype_)
/usr/lib/gcc/arm-none-eabi/14.2.1/thumb/v7e-m/nofp/libgcc.a(_arm_muldf3.o)
                              /tmp/ccfCTzLg.ltrans0.ltrans.o (__aeabi_dmul)
/usr/lib/gcc/arm-none-eabi/14.2.1/thumb/v7e-m/nofp/libgcc.a(_arm_addsubdf3.o)
                              /tmp/ccfCTzLg.ltrans0.ltrans.o (__aeabi_i2d)
/usr/lib/gcc/arm-none-eabi/14.2.1/thumb/v7e-m/nofp/libgcc.a(_arm_muldivdf3.o)
                              /tmp/ccfCTzLg.ltrans0.ltrans.o (__aeabi_ddiv)
/usr/lib/gcc/arm-none-eabi/14.2.1/thumb/v7e-m/nofp/libgcc.a(_arm_truncdfsf2.o)
                              /tmp/ccfCTzLg.ltrans0.ltrans.o (__aeabi_d2f)
/usr/lib/gcc/arm-none-eabi/14.2.1/thumb/v7e-m/nofp/libgcc.a(_arm_fixunssfsi.o)
                              /tmp/ccfCTzLg.ltrans0.ltrans.o (__aeabi_f2uiz)
/usr/lib/gcc/arm-none-eabi/14.2.1/../../../arm-none-eabi/lib/thumb/v7e-m/nofp/libg.a(libc_a-memset.o)
                              /tmp/ccfCTzLg.ltrans0.ltrans.o (memset)
/usr/lib/gcc/arm-none-eabi/14.2.1/../../../arm-none-eabi/lib/thumb/v7e-m/nofp/libg.a(libc_a-memcpy.o)
                              /tmp/ccfCTzLg.ltrans0.ltrans.o (memcpy)

Discarded input sections

 .data          0x00000000        0x0 ./build/obj/crt0_v7m.o
 .bss           0x00000000        0x0 ./build/obj/crt0_v7m.o
 .data          0x00000000        0x0 ./build/obj/vectors.o
 .bss           0x00000000        0x0 ./build/obj/vectors.o
 .data          0x00000000        0x0 ./build/obj/chcoreasm.o
 .bss           0x00000000        0x0 ./build/obj/chcoreasm.o
 .text          0x00000000        0x0 /tmp/ccfCTzLg.ltrans0.ltrans.o
 .data          0x00000000        0x0 /tmp/ccfCTzLg.ltrans0.ltrans.o
 .bss           0x00000000        0x0 /tmp/ccfCTzLg.ltrans0.ltrans.o
 .comment       0x00000000       0x27 /tmp/cctgJb1m.debug.temp.o
 .debug_info    0x00000000      0x12e /tmp/ccgfPozN.debug.temp.o
[...]
Memory Configuration

Name             Origin             Length             Attributes
flash0           0x08000000         0x00200000         xr
flash1           0x08000000         0x00100000         xr
flash2           0x08100000         0x00100000         xr
flash3           0x00000000         0x00000000         xr
flash4           0x00000000         0x00000000         xr
flash5           0x00000000         0x00000000         xr
flash6           0x00000000         0x00000000         xr
flash7           0x00000000         0x00000000         xr
ram0             0x24000000         0x00080000         xw
ram1             0x30000000         0x00040000         xw
ram2             0x30000000         0x00048000         xw
ram3             0x30040000         0x00008000         xw
ram4             0x38000000         0x00010000         xw
ram5             0x20000000         0x00020000         xw
ram6             0x00000000         0x00010000         xw
ram7             0x38800000         0x00001000         xw
*default*        0x00000000         0xffffffff

Linker script and memory map

LOAD ./build/obj/crt0_v7m.o
LOAD ./build/obj/vectors.o
LOAD ./build/obj/chcoreasm.o
LOAD ./build/obj/crt1.o
LOAD /tmp/ccfCTzLg.ltrans0.ltrans.o
LOAD /tmp/cctgJb1m.debug.temp.o
LOAD /tmp/ccgfPozN.debug.temp.o
LOAD /tmp/ccKM15En.debug.temp.o
LOAD /tmp/ccUzXwOW.debug.temp.o
LOAD /tmp/ccO2PgtR.debug.temp.o
LOAD /tmp/cckDIAwa.debug.temp.o
LOAD /tmp/cczHd9Ts.debug.temp.o
LOAD /tmp/ccQMB5eb.debug.temp.o
LOAD /tmp/ccfLDpS1.debug.temp.o
LOAD /tmp/cc5fTsI1.debug.temp.o
LOAD /tmp/ccmtjekF.debug.temp.o
LOAD /tmp/ccToLbKN.debug.temp.o
LOAD /tmp/ccSiqwu5.debug.temp.o
LOAD /tmp/ccKEHPAd.debug.temp.o
LOAD /tmp/cci7ok9d.debug.temp.o
LOAD /tmp/ccDKl3QH.debug.temp.o
LOAD /tmp/ccDrAwkg.debug.temp.o
LOAD /tmp/ccW3CS1h.debug.temp.o
LOAD /tmp/ccgho92u.debug.temp.o
LOAD /tmp/ccpdr8XL.debug.temp.o
LOAD /tmp/ccgT4Egm.debug.temp.o
LOAD /tmp/ccf5AAmJ.debug.temp.o
LOAD /tmp/ccP3bDJb.debug.temp.o
LOAD /tmp/cc5CUG4h.debug.temp.o
LOAD /tmp/ccWHO1qh.debug.temp.o
LOAD /tmp/ccR0NJFQ.debug.temp.o
LOAD /tmp/cczoucj7.debug.temp.o
LOAD /tmp/cc7Ba1Wt.debug.temp.o
LOAD /tmp/cc9BIJ3S.debug.temp.o
LOAD /tmp/cc3K4Bgl.debug.temp.o
LOAD /tmp/ccJYts3j.debug.temp.o
LOAD /tmp/ccASYGxv.debug.temp.o
LOAD /tmp/ccr33tNQ.debug.temp.o
LOAD /tmp/ccBWrpen.debug.temp.o
LOAD /tmp/ccqPwYnf.debug.temp.o
LOAD /tmp/ccmecOdy.debug.temp.o
LOAD /tmp/ccHGzHDt.debug.temp.o
LOAD /tmp/ccAiTSxz.debug.temp.o
LOAD /tmp/cctfut7c.debug.temp.o
LOAD /tmp/ccRRo7zc.debug.temp.o
LOAD /tmp/cc5jXAyF.debug.temp.o
LOAD /tmp/ccWsOjbU.debug.temp.o
LOAD /tmp/ccAuDW8U.debug.temp.o
LOAD /tmp/ccUF2YT7.debug.temp.o
LOAD /tmp/cciNVWZr.debug.temp.o
LOAD /tmp/ccrkoRJM.debug.temp.o
LOAD /tmp/ccKp9nP3.debug.temp.o
LOAD /tmp/cc0YoZp6.debug.temp.o
LOAD /tmp/cce4AMqv.debug.temp.o
LOAD /tmp/cc1MM7Nq.debug.temp.o
LOAD /tmp/ccu1PFOk.debug.temp.o
LOAD /tmp/ccT7SAFH.debug.temp.o
LOAD /tmp/ccv8GDz8.debug.temp.o
LOAD /tmp/ccyTg92t.debug.temp.o
LOAD /tmp/ccbm1FZu.debug.temp.o
LOAD /tmp/ccmBmUR4.debug.temp.o
LOAD /tmp/ccVISlFJ.debug.temp.o
LOAD /tmp/cc9l92lL.debug.temp.o
LOAD /tmp/ccIL7CWm.debug.temp.o
LOAD /tmp/cc4PENRn.debug.temp.o
LOAD /tmp/cc2z0DSi.debug.temp.o
LOAD /tmp/cc8NfuR2.debug.temp.o
LOAD /tmp/ccYzQpgO.debug.temp.o
LOAD /tmp/ccPcdZqj.debug.temp.o
LOAD /tmp/ccyrOKRa.debug.temp.o
LOAD /tmp/ccsFZhJV.debug.temp.o
LOAD /tmp/cchjRob6.debug.temp.o
LOAD /tmp/ccjQlOtL.debug.temp.o
LOAD /tmp/cccrCdzn.debug.temp.o
LOAD /tmp/ccCtnUhf.debug.temp.o
LOAD /tmp/ccIuCXPA.debug.temp.o
LOAD /tmp/ccBWvvxg.debug.temp.o
LOAD /tmp/cc6NNTAo.debug.temp.o
LOAD /tmp/cc6WP0zU.debug.temp.o
LOAD /tmp/ccWq4IBn.debug.temp.o
LOAD /tmp/ccQToOJV.debug.temp.o
LOAD /tmp/ccPcnQPS.debug.temp.o
LOAD /tmp/ccPCY1Xj.debug.temp.o
LOAD /tmp/ccBHvb6L.debug.temp.o
LOAD /tmp/ccVBtU9c.debug.temp.o
LOAD /tmp/ccnLIgHF.debug.temp.o
LOAD /tmp/ccY5yliC.debug.temp.o
LOAD /tmp/ccsenbbh.debug.temp.o
LOAD /tmp/ccHvzrc0.debug.temp.o
LOAD /tmp/ccHpWtKM.debug.temp.o
LOAD /tmp/ccaRO7CS.debug.temp.o
LOAD ./build/obj/oop_base_object.o
LOAD ./build/obj/hal.o
LOAD ./build/obj/hal_st.o
LOAD ./build/obj/hal_buffered_serial.o
LOAD ./build/obj/hal_buffers.o
LOAD ./build/obj/hal_queues.o
LOAD ./build/obj/hal_mmcsd.o
LOAD ./build/obj/hal_dac.o
LOAD ./build/obj/hal_gpt.o
LOAD ./build/obj/hal_pal.o
LOAD ./build/obj/hal_serial.o
LOAD ./build/obj/hal_spi.o
LOAD ./build/obj/hal_flash.o
LOAD ./build/obj/nvic.o
LOAD ./build/obj/stm32_isr.o
LOAD ./build/obj/hal_lld.o
LOAD ./build/obj/stm32_bdma.o
LOAD ./build/obj/hal_dac_lld.o
LOAD ./build/obj/stm32_dma.o
LOAD ./build/obj/stm32_exti.o
LOAD ./build/obj/hal_pal_lld.o
LOAD ./build/obj/stm32_mdma.o
LOAD ./build/obj/hal_spi_v2_lld.o
LOAD ./build/obj/hal_st_lld.o
LOAD ./build/obj/hal_gpt_lld.o
LOAD ./build/obj/hal_serial_lld.o
LOAD ./build/obj/board.o
LOAD ./build/obj/osal.o
LOAD ./build/obj/chsys.o
LOAD ./build/obj/chrfcu.o
LOAD ./build/obj/chdebug.o
LOAD ./build/obj/chtrace.o
LOAD ./build/obj/chvt.o
LOAD ./build/obj/chschd.o
LOAD ./build/obj/chinstances.o
LOAD ./build/obj/chthreads.o
LOAD ./build/obj/chtm.o
LOAD ./build/obj/chregistry.o
LOAD ./build/obj/chsem.o
LOAD ./build/obj/chmtx.o
LOAD ./build/obj/chcond.o
LOAD ./build/obj/chevents.o
LOAD ./build/obj/chmsg.o
LOAD ./build/obj/chdynamic.o
LOAD ./build/obj/chmemchecks.o
LOAD ./build/obj/chmboxes.o
LOAD ./build/obj/chmemcore.o
LOAD ./build/obj/chmemheaps.o
LOAD ./build/obj/chmempools.o
LOAD ./build/obj/chpipes.o
LOAD ./build/obj/chobjcaches.o
LOAD ./build/obj/chdelegates.o
LOAD ./build/obj/chfactory.o
LOAD ./build/obj/chcore.o
LOAD ./build/obj/chprintf.o
LOAD ./build/obj/chscanf.o
LOAD ./build/obj/memstreams.o
LOAD ./build/obj/nullstreams.o
LOAD ./build/obj/bufstreams.o
LOAD ./build/obj/ch_test.o
LOAD ./build/obj/ch_test_printf.o
LOAD ./build/obj/rt_test_root.o
LOAD ./build/obj/rt_test_sequence_001.o
LOAD ./build/obj/rt_test_sequence_002.o
LOAD ./build/obj/rt_test_sequence_003.o
LOAD ./build/obj/rt_test_sequence_004.o
LOAD ./build/obj/rt_test_sequence_005.o
LOAD ./build/obj/rt_test_sequence_006.o
LOAD ./build/obj/rt_test_sequence_007.o
LOAD ./build/obj/rt_test_sequence_008.o
LOAD ./build/obj/rt_test_sequence_009.o
LOAD ./build/obj/rt_test_sequence_010.o
LOAD ./build/obj/rt_test_sequence_011.o
LOAD ./build/obj/rt_test_sequence_012.o
LOAD ./build/obj/oslib_test_root.o
LOAD ./build/obj/oslib_test_sequence_001.o
LOAD ./build/obj/oslib_test_sequence_002.o
LOAD ./build/obj/oslib_test_sequence_003.o
LOAD ./build/obj/oslib_test_sequence_004.o
LOAD ./build/obj/oslib_test_sequence_005.o
LOAD ./build/obj/oslib_test_sequence_006.o
LOAD ./build/obj/oslib_test_sequence_007.o
LOAD ./build/obj/oslib_test_sequence_008.o
LOAD ./build/obj/oslib_test_sequence_009.o
LOAD ./build/obj/dac_ex.o
LOAD /usr/lib/gcc/arm-none-eabi/14.2.1/../../../arm-none-eabi/lib/thumb/v7e-m/nofp/libm.a

.mstack         0x20000000      0x400
                0x20000000                        . = ALIGN (0x8)
                0x20000000                        __main_stack_base__ = .
                0x20000400                        . = (. + __main_stack_size__)
 *fill*         0x20000000      0x400 
                0x20000400                        . = ALIGN (0x8)
                0x20000400                        __main_stack_end__ = .

.pstack         0x20000400      0x400
                0x20000400                        . = ALIGN (0x8)
                0x20000400                        __process_stack_base__ = .
                0x20000400                        __main_thread_stack_base__ = .
                0x20000800                        . = (. + __process_stack_size__)
 *fill*         0x20000400      0x400 
                0x20000800                        . = ALIGN (0x8)
                0x20000800                        __process_stack_end__ = .
                0x20000800                        __main_thread_stack_end__ = .

.nocache        0x30040000        0x0
                0x30040000                        __nocache_base__ = .
 *(.nocache)
 *(.nocache.*)
 *(.bss.__nocache_*)
                0x30040000                        . = ALIGN (0x4)
                0x30040000                        __nocache_end__ = .

.eth            0x30040000        0x0
                0x30040000                        __eth_base__ = .
 *(.eth)
 *(.eth.*)
 *(.bss.__eth_*)
                0x30040000                        . = ALIGN (0x4)
                0x30040000                        __eth_end__ = .

.vectors        0x08000000      0x2e0
                0x08000000                        __textvectors_base__ = LOADADDR (.vectors)
                0x08000000                        __vectors_base__ = .
 *(.vectors)
 .vectors       0x08000000      0x2e0 ./build/obj/vectors.o
                0x08000000                _vectors
                0x080002e0                        __vectors_end__ = .

.xtors          0x080002e0        0x0
                0x080002e0                        __init_array_base__ = .
 *(SORT_BY_NAME(.init_array.*))
 *(.init_array)
                0x080002e0                        __init_array_end__ = .
                0x080002e0                        __fini_array_base__ = .
 *(.fini_array)
 *(SORT_BY_NAME(.fini_array.*))
                0x080002e0                        __fini_array_end__ = .

.text           0x080002e0     0x4f08
                0x080002e0                        __text_base__ = .
 *(.text)
 .text          0x080002e0       0xd8 ./build/obj/crt0_v7m.o
                0x080002e0                _crt0_entry
 .text          0x080003b8        0x8 ./build/obj/vectors.o
                0x080003b8                Reset_Handler
                0x080003ba                Vector58
                0x080003ba                VectorE8
                0x080003ba                Vector9C
                0x080003ba                Vector2C4
                0x080003ba                VectorAC
                0x080003ba                DebugMon_Handler
                0x080003ba                Vector2B0
                0x080003ba                Vector26C
                0x080003ba                Vector22C
                0x080003ba                Vector1A0
                0x080003ba                Vector2C0
                0x080003ba                Vector5C
                0x080003ba                Vector224
                0x080003ba                Vector11C
                0x080003ba                HardFault_Handler
                0x080003ba                Vector1B8
                0x080003ba                Vector1F0
                0x080003ba                Vector19C
                0x080003ba                Vector1EC
                0x080003ba                Vector8C
                0x080003ba                SysTick_Handler
                0x080003ba                Vector2D8
                0x080003ba                PendSV_Handler
                0x080003ba                Vector168
                0x080003ba                NMI_Handler
                0x080003ba                Vector270
                0x080003ba                Vector110
                0x080003ba                Vector274
                0x080003ba                Vector1D8
                0x080003ba                Vector1F4
                0x080003ba                VectorC8
                0x080003ba                Vector2CC
                0x080003ba                Vector94
                0x080003ba                VectorA8
                0x080003ba                Vector204
                0x080003ba                Vector2AC
                0x080003ba                VectorB4
                0x080003ba                Vector1FC
                0x080003ba                Vector160
                0x080003ba                Vector1B0
                0x080003ba                UsageFault_Handler
                0x080003ba                VectorEC
                0x080003ba                Vector234
                0x080003ba                Vector264
                0x080003ba                Vector40
                0x080003ba                VectorF8
                0x080003ba                Vector108
                0x080003ba                VectorBC
                0x080003ba                Vector190
                0x080003ba                Vector1E0
                0x080003ba                Vector1F8
                0x080003ba                Vector27C
                0x080003ba                Vector1C4
                0x080003ba                Vector1CC
                0x080003ba                Vector2A8
                0x080003ba                Vector1E4
                0x080003ba                Vector20C
                0x080003ba                Vector148
                0x080003ba                Vector188
                0x080003ba                Vector23C
                0x080003ba                Vector64
                0x080003ba                Vector54
                0x080003ba                Vector98
                0x080003ba                Vector2B8
                0x080003ba                Vector284
                0x080003ba                Vector218
                0x080003ba                VectorD8
                0x080003ba                Vector138
                0x080003ba                Vector24
                0x080003ba                Vector200
                0x080003ba                Vector1AC
                0x080003ba                Vector178
                0x080003ba                SecureFault_Handler
                0x080003ba                Vector1A4
                0x080003ba                VectorD0
                0x080003ba                Vector2A0
                0x080003ba                Vector1B4
                0x080003ba                Vector28C
                0x080003ba                Vector140
                0x080003ba                VectorE4
                0x080003ba                VectorC0
                0x080003ba                Vector1C0
                0x080003ba                Vector214
                0x080003ba                Vector2D0
                0x080003ba                Vector134
                0x080003ba                Vector1D0
                0x080003ba                Vector2DC
                0x080003ba                VectorF0
                0x080003ba                Vector210
                0x080003ba                Vector2BC
                0x080003ba                Vector13C
                0x080003ba                Vector280
                0x080003ba                Vector100
                0x080003ba                VectorE0
                0x080003ba                VectorF4
                0x080003ba                Vector2B4
                0x080003ba                Vector2C8
                0x080003ba                MemManage_Handler
                0x080003ba                Vector238
                0x080003ba                VectorA0
                0x080003ba                VectorC4
                0x080003ba                Vector180
                0x080003ba                Vector288
                0x080003ba                Vector208
                0x080003ba                Vector90
                0x080003ba                Vector294
                0x080003ba                Vector164
                0x080003ba                Vector60
                0x080003ba                Vector1BC
                0x080003ba                Vector1D4
                0x080003ba                Vector17C
                0x080003ba                Vector48
                0x080003ba                Vector240
                0x080003ba                Vector1A8
                0x080003ba                Vector16C
                0x080003ba                Vector228
                0x080003ba                VectorD4
                0x080003ba                Vector2D4
                0x080003ba                Vector278
                0x080003ba                Vector4C
                0x080003ba                Vector144
                0x080003ba                Vector15C
                0x080003ba                Vector68
                0x080003ba                Vector230
                0x080003ba                Vector290
                0x080003ba                Vector1E8
                0x080003ba                Vector170
                0x080003ba                Vector220
                0x080003ba                Vector298
                0x080003ba                Vector88
                0x080003ba                Vector29C
                0x080003ba                Vector104
                0x080003ba                Vector184
                0x080003ba                Vector10C
                0x080003ba                Vector21C
                0x080003ba                Vector268
                0x080003ba                Vector14C
                0x080003ba                BusFault_Handler
                0x080003ba                Vector50
                0x080003ba                Vector1C8
                0x080003ba                Vector194
                0x080003ba                Vector1DC
                0x080003ba                Vector44
                0x080003ba                Vector28
                0x080003ba                VectorB8
                0x080003ba                Vector2A4
                0x080003ba                Vector34
                0x080003ba                VectorA4
                0x080003ba                Vector20
                0x080003ba                Vector18C
                0x080003ba                Vector174
                0x080003be                _unhandled_exception
 .text          0x080003c0       0x2a ./build/obj/chcoreasm.o
                0x080003c0                __port_switch
                0x080003d0                __port_thread_start
                0x080003e2                __port_switch_from_isr
                0x080003e6                __port_exit_from_isr
 *fill*         0x080003ea        0x2 
 .text          0x080003ec       0x70 /usr/lib/gcc/arm-none-eabi/14.2.1/../../../arm-none-eabi/lib/thumb/v7e-m/nofp/libm.a(libm_a-sf_sin.o)
                0x080003ec                sinf
 .text          0x0800045c       0xec /usr/lib/gcc/arm-none-eabi/14.2.1/../../../arm-none-eabi/lib/thumb/v7e-m/nofp/libm.a(libm_a-kf_sin.o)
                0x0800045c                __kernel_sinf
 .text          0x08000548      0x2d4 /usr/lib/gcc/arm-none-eabi/14.2.1/../../../arm-none-eabi/lib/thumb/v7e-m/nofp/libm.a(libm_a-ef_rem_pio2.o)
                0x08000548                __ieee754_rem_pio2f
 .text          0x0800081c        0x8 /usr/lib/gcc/arm-none-eabi/14.2.1/../../../arm-none-eabi/lib/thumb/v7e-m/nofp/libm.a(libm_a-sf_fabs.o)
                0x0800081c                fabsf
 .text          0x08000824      0x728 /usr/lib/gcc/arm-none-eabi/14.2.1/../../../arm-none-eabi/lib/thumb/v7e-m/nofp/libm.a(libm_a-kf_rem_pio2.o)
                0x08000824                __kernel_rem_pio2f
 .text          0x08000f4c       0xb0 /usr/lib/gcc/arm-none-eabi/14.2.1/../../../arm-none-eabi/lib/thumb/v7e-m/nofp/libm.a(libm_a-sf_scalbn.o)
                0x08000f4c                scalbnf
 .text          0x08000ffc      0x188 /usr/lib/gcc/arm-none-eabi/14.2.1/../../../arm-none-eabi/lib/thumb/v7e-m/nofp/libm.a(libm_a-kf_cos.o)
                0x08000ffc                __kernel_cosf
 .text          0x08001184       0x88 /usr/lib/gcc/arm-none-eabi/14.2.1/../../../arm-none-eabi/lib/thumb/v7e-m/nofp/libm.a(libm_a-sf_floor.o)
                0x08001184                floorf
 .text          0x0800120c      0x168 /usr/lib/gcc/arm-none-eabi/14.2.1/thumb/v7e-m/nofp/libgcc.a(_arm_mulsf3.o)
                0x0800120c                __mulsf3
                0x0800120c                __aeabi_fmul
 .text          0x08001374      0x21c /usr/lib/gcc/arm-none-eabi/14.2.1/thumb/v7e-m/nofp/libgcc.a(_arm_addsubsf3.o)
                0x08001374                __aeabi_frsub
                0x0800137c                __subsf3
                0x0800137c                __aeabi_fsub
                0x08001380                __aeabi_fadd
                0x08001380                __addsf3
                0x080014e0                __aeabi_ui2f
                0x080014e0                __floatunsisf
                0x080014e8                __aeabi_i2f
                0x080014e8                __floatsisf
                0x08001504                __floatundisf
                0x08001504                __aeabi_ul2f
                0x08001514                __floatdisf
                0x08001514                __aeabi_l2f
 .text          0x08001590       0xec /usr/lib/gcc/arm-none-eabi/14.2.1/thumb/v7e-m/nofp/libgcc.a(_arm_cmpsf2.o)
                0x08001590                __gtsf2
                0x08001590                __gesf2
                0x08001598                __lesf2
                0x08001598                __ltsf2
                0x080015a0                __nesf2
                0x080015a0                __eqsf2
                0x080015a0                __cmpsf2
                0x08001600                __aeabi_cfrcmple
                0x08001608                __aeabi_cfcmple
                0x08001608                __aeabi_cfcmpeq
                0x08001618                __aeabi_fcmpeq
                0x0800162c                __aeabi_fcmplt
                0x08001640                __aeabi_fcmple
                0x08001654                __aeabi_fcmpge
                0x08001668                __aeabi_fcmpgt
 .text          0x0800167c       0x4c /usr/lib/gcc/arm-none-eabi/14.2.1/thumb/v7e-m/nofp/libgcc.a(_arm_fixsfsi.o)
                0x0800167c                __fixsfsi
                0x0800167c                __aeabi_f2iz
 .text          0x080016c8      0x378 /usr/lib/gcc/arm-none-eabi/14.2.1/thumb/v7e-m/nofp/libgcc.a(_arm_addsubdf3.o)
                0x080016c8                __aeabi_drsub
                0x080016d0                __aeabi_dsub
                0x080016d0                __subdf3
                0x080016d4                __adddf3
                0x080016d4                __aeabi_dadd
                0x0800194c                __aeabi_ui2d
                0x0800194c                __floatunsidf
                0x0800196c                __floatsidf
                0x0800196c                __aeabi_i2d
                0x08001990                __extendsfdf2
                0x08001990                __aeabi_f2d
                0x080019d4                __aeabi_ul2d
                0x080019d4                __floatundidf
                0x080019e4                __floatdidf
                0x080019e4                __aeabi_l2d
 .text          0x08001a40      0x424 /usr/lib/gcc/arm-none-eabi/14.2.1/thumb/v7e-m/nofp/libgcc.a(_arm_muldivdf3.o)
                0x08001a40                __aeabi_dmul
                0x08001a40                __muldf3
                0x08001c94                __aeabi_ddiv
                0x08001c94                __divdf3
 .text          0x08001e64       0xa0 /usr/lib/gcc/arm-none-eabi/14.2.1/thumb/v7e-m/nofp/libgcc.a(_arm_truncdfsf2.o)
                0x08001e64                __aeabi_d2f
                0x08001e64                __truncdfsf2
 .text          0x08001f04       0x40 /usr/lib/gcc/arm-none-eabi/14.2.1/thumb/v7e-m/nofp/libgcc.a(_arm_fixunssfsi.o)
                0x08001f04                __aeabi_f2uiz
                0x08001f04                __fixunssfsi
 .text          0x08001f44       0xa4 /usr/lib/gcc/arm-none-eabi/14.2.1/../../../arm-none-eabi/lib/thumb/v7e-m/nofp/libg.a(libc_a-memset.o)
                0x08001f44                memset
 .text          0x08001fe8      0x134 /usr/lib/gcc/arm-none-eabi/14.2.1/../../../arm-none-eabi/lib/thumb/v7e-m/nofp/libg.a(libc_a-memcpy.o)
                0x08001fe8                memcpy
 *(.text.*)
 *fill*         0x0800211c        0x4 
 .text._ctl     0x08002120        0xc /tmp/ccfCTzLg.ltrans0.ltrans.o
 *fill*         0x0800212c        0x4 
 .text.dac_lld_start_conversion
                0x08002130      0x1cc /tmp/ccfCTzLg.ltrans0.ltrans.o
 *fill*         0x080022fc        0x4 
 .text.dac_lld_stop_conversion
                0x08002300       0xc0 /tmp/ccfCTzLg.ltrans0.ltrans.o
 .text.dac_lld_start.part.0
                0x080023c0       0xbc /tmp/ccfCTzLg.ltrans0.ltrans.o
 *fill*         0x0800247c        0x4 
 .text._pal_lld_setgroupmode
                0x08002480       0xd8 /tmp/ccfCTzLg.ltrans0.ltrans.o
 *fill*         0x08002558        0x8 
 .text.notify3  0x08002560       0x10 /tmp/ccfCTzLg.ltrans0.ltrans.o
 .text.notify5  0x08002570       0x10 /tmp/ccfCTzLg.ltrans0.ltrans.o
 .text.__idle_thread
                0x08002580        0x4 /tmp/ccfCTzLg.ltrans0.ltrans.o
 *fill*         0x08002584        0xc 
 .text.chTMStartMeasurementX
                0x08002590        0xc /tmp/ccfCTzLg.ltrans0.ltrans.o
 *fill*         0x0800259c        0x4 
 .text.chTMStopMeasurementX
                0x080025a0       0x44 /tmp/ccfCTzLg.ltrans0.ltrans.o
 *fill*         0x080025e4        0xc 
 .text.chCoreAllocFromTop
                0x080025f0       0x3c /tmp/ccfCTzLg.ltrans0.ltrans.o
 *fill*         0x0800262c        0x4 
 .text.chCoreAllocAlignedI
                0x08002630       0x20 /tmp/ccfCTzLg.ltrans0.ltrans.o
 .text.dac_lld_serve_tx_interrupt
                0x08002650       0xbc /tmp/ccfCTzLg.ltrans0.ltrans.o
 *fill*         0x0800270c        0x4 
 .text.spi_lld_serve_interrupt.part.0
                0x08002710      0x148 /tmp/ccfCTzLg.ltrans0.ltrans.o
 *fill*         0x08002858        0x8 
 .text.__sch_wakeup
                0x08002860       0x6c /tmp/ccfCTzLg.ltrans0.ltrans.o
 *fill*         0x080028cc        0x4 
 .text.chEvtBroadcastFlagsI
                0x080028d0       0x7c /tmp/ccfCTzLg.ltrans0.ltrans.o
 *fill*         0x0800294c        0x4 
 .text.sd_lld_serve_interrupt
                0x08002950      0x1b4 /tmp/ccfCTzLg.ltrans0.ltrans.o
 *fill*         0x08002b04        0xc 
 .text.vt_insert_first.constprop.0
                0x08002b10       0x68 /tmp/ccfCTzLg.ltrans0.ltrans.o
 *fill*         0x08002b78        0x8 
 .text.chSchGoSleepTimeoutS
                0x08002b80      0x188 /tmp/ccfCTzLg.ltrans0.ltrans.o
 *fill*         0x08002d08        0x8 
 .text.iqReadTimeout
                0x08002d10       0xec /tmp/ccfCTzLg.ltrans0.ltrans.o
 *fill*         0x08002dfc        0x4 
 .text._read    0x08002e00        0xc /tmp/ccfCTzLg.ltrans0.ltrans.o
 *fill*         0x08002e0c        0x4 
 .text._readt   0x08002e10        0x8 /tmp/ccfCTzLg.ltrans0.ltrans.o
 *fill*         0x08002e18        0x8 
 .text.iqGetTimeout
                0x08002e20       0x70 /tmp/ccfCTzLg.ltrans0.ltrans.o
 .text._get     0x08002e90        0xc /tmp/ccfCTzLg.ltrans0.ltrans.o
 *fill*         0x08002e9c        0x4 
 .text._gett    0x08002ea0        0x8 /tmp/ccfCTzLg.ltrans0.ltrans.o
 *fill*         0x08002ea8        0x8 
 .text.oqPutTimeout
                0x08002eb0       0x7c /tmp/ccfCTzLg.ltrans0.ltrans.o
 *fill*         0x08002f2c        0x4 
 .text._put     0x08002f30        0xc /tmp/ccfCTzLg.ltrans0.ltrans.o
 *fill*         0x08002f3c        0x4 
 .text._putt    0x08002f40        0x8 /tmp/ccfCTzLg.ltrans0.ltrans.o
 *fill*         0x08002f48        0x8 
 .text.oqWriteTimeout
                0x08002f50       0xec /tmp/ccfCTzLg.ltrans0.ltrans.o
 *fill*         0x0800303c        0x4 
 .text._write   0x08003040        0xc /tmp/ccfCTzLg.ltrans0.ltrans.o
 *fill*         0x0800304c        0x4 
 .text._writet  0x08003050        0x8 /tmp/ccfCTzLg.ltrans0.ltrans.o
 *fill*         0x08003058        0x8 
 .text.chprintf.constprop.0
                0x08003060      0x48c /tmp/ccfCTzLg.ltrans0.ltrans.o
 *fill*         0x080034ec        0x4 
 .text.__cpu_init
                0x080034f0       0x80 /tmp/ccfCTzLg.ltrans0.ltrans.o
                0x080034f0                __cpu_init
 .text.__late_init
                0x08003570        0x4 /tmp/ccfCTzLg.ltrans0.ltrans.o
                0x08003570                __late_init
 *fill*         0x08003574        0xc 
 .text.__default_exit
                0x08003580        0x4 /tmp/ccfCTzLg.ltrans0.ltrans.o
                0x08003580                __default_exit
 *fill*         0x08003584        0xc 
 .text.__init_ram_areas
                0x08003590       0xb0 /tmp/ccfCTzLg.ltrans0.ltrans.o
                0x08003590                __init_ram_areas
 .text.VectorDC
                0x08003640       0x58 /tmp/ccfCTzLg.ltrans0.ltrans.o
                0x08003640                VectorDC
 *fill*         0x08003698        0x8 
 .text.Vector114
                0x080036a0       0x58 /tmp/ccfCTzLg.ltrans0.ltrans.o
                0x080036a0                Vector114
 *fill*         0x080036f8        0x8 
 .text.VectorB0
                0x08003700      0x170 /tmp/ccfCTzLg.ltrans0.ltrans.o
                0x08003700                VectorB0
 .text.Vector118
                0x08003870       0x94 /tmp/ccfCTzLg.ltrans0.ltrans.o
                0x08003870                Vector118
 *fill*         0x08003904        0xc 
 .text.Vector244
                0x08003910       0x6c /tmp/ccfCTzLg.ltrans0.ltrans.o
                0x08003910                Vector244
 *fill*         0x0800397c        0x4 
 .text.Vector248
                0x08003980       0x70 /tmp/ccfCTzLg.ltrans0.ltrans.o
                0x08003980                Vector248
 .text.Vector24C
                0x080039f0       0x70 /tmp/ccfCTzLg.ltrans0.ltrans.o
                0x080039f0                Vector24C
 .text.Vector250
                0x08003a60       0x70 /tmp/ccfCTzLg.ltrans0.ltrans.o
                0x08003a60                Vector250
 .text.Vector254
                0x08003ad0       0x70 /tmp/ccfCTzLg.ltrans0.ltrans.o
                0x08003ad0                Vector254
 .text.Vector258
                0x08003b40       0x70 /tmp/ccfCTzLg.ltrans0.ltrans.o
                0x08003b40                Vector258
 .text.Vector25C
                0x08003bb0       0x70 /tmp/ccfCTzLg.ltrans0.ltrans.o
                0x08003bb0                Vector25C
 .text.Vector260
                0x08003c20       0x70 /tmp/ccfCTzLg.ltrans0.ltrans.o
                0x08003c20                Vector260
 .text.Vector6C
                0x08003c90       0x6c /tmp/ccfCTzLg.ltrans0.ltrans.o
                0x08003c90                Vector6C
 *fill*         0x08003cfc        0x4 
 .text.Vector70
                0x08003d00       0x70 /tmp/ccfCTzLg.ltrans0.ltrans.o
                0x08003d00                Vector70
 .text.Vector74
                0x08003d70       0x70 /tmp/ccfCTzLg.ltrans0.ltrans.o
                0x08003d70                Vector74
 .text.Vector78
                0x08003de0       0x70 /tmp/ccfCTzLg.ltrans0.ltrans.o
                0x08003de0                Vector78
 .text.Vector7C
                0x08003e50       0x6c /tmp/ccfCTzLg.ltrans0.ltrans.o
                0x08003e50                Vector7C
 *fill*         0x08003ebc        0x4 
 .text.Vector80
                0x08003ec0       0x70 /tmp/ccfCTzLg.ltrans0.ltrans.o
                0x08003ec0                Vector80
 .text.Vector84
                0x08003f30       0x70 /tmp/ccfCTzLg.ltrans0.ltrans.o
                0x08003f30                Vector84
 .text.VectorFC
                0x08003fa0       0x70 /tmp/ccfCTzLg.ltrans0.ltrans.o
                0x08003fa0                VectorFC
 .text.Vector120
                0x08004010       0x6c /tmp/ccfCTzLg.ltrans0.ltrans.o
                0x08004010                Vector120
 *fill*         0x0800407c        0x4 
 .text.Vector124
                0x08004080       0x70 /tmp/ccfCTzLg.ltrans0.ltrans.o
                0x08004080                Vector124
 .text.Vector128
                0x080040f0       0x70 /tmp/ccfCTzLg.ltrans0.ltrans.o
                0x080040f0                Vector128
 .text.Vector12C
                0x08004160       0x70 /tmp/ccfCTzLg.ltrans0.ltrans.o
                0x08004160                Vector12C
 .text.Vector130
                0x080041d0       0x6c /tmp/ccfCTzLg.ltrans0.ltrans.o
                0x080041d0                Vector130
 *fill*         0x0800423c        0x4 
 .text.Vector150
                0x08004240       0x70 /tmp/ccfCTzLg.ltrans0.ltrans.o
                0x08004240                Vector150
 .text.Vector154
                0x080042b0       0x70 /tmp/ccfCTzLg.ltrans0.ltrans.o
                0x080042b0                Vector154
 .text.Vector158
                0x08004320       0x70 /tmp/ccfCTzLg.ltrans0.ltrans.o
                0x08004320                Vector158
 .text.VectorCC
                0x08004390       0x68 /tmp/ccfCTzLg.ltrans0.ltrans.o
                0x08004390                VectorCC
 *fill*         0x080043f8        0x8 
 .text.Vector198
                0x08004400       0x68 /tmp/ccfCTzLg.ltrans0.ltrans.o
                0x08004400                Vector198
 *fill*         0x08004468        0x8 
 .text.__early_init
                0x08004470      0x3c0 /tmp/ccfCTzLg.ltrans0.ltrans.o
                0x08004470                __early_init
 .text.chSchDoPreemption
                0x08004830       0x3c /tmp/ccfCTzLg.ltrans0.ltrans.o
                0x08004830                chSchDoPreemption
 *fill*         0x0800486c        0x4 
 .text.chThdExit
                0x08004870       0x78 /tmp/ccfCTzLg.ltrans0.ltrans.o
                0x08004870                chThdExit
 *fill*         0x080048e8        0x8 
 .text.SVC_Handler
                0x080048f0       0x14 /tmp/ccfCTzLg.ltrans0.ltrans.o
                0x080048f0                SVC_Handler
 *fill*         0x08004904        0xc 
 .text.startup.main
                0x08004910      0x8d8 /tmp/ccfCTzLg.ltrans0.ltrans.o
                0x08004910                main
 *(.glue_7t)
 .glue_7t       0x080051e8        0x0 linker stubs
 *(.glue_7)
 .glue_7        0x080051e8        0x0 linker stubs
 *(.gcc*)
                0x080051e8                        __text_end__ = .

.vfp11_veneer   0x080051e8        0x0
 .vfp11_veneer  0x080051e8        0x0 linker stubs

.v4_bx          0x080051e8        0x0
 .v4_bx         0x080051e8        0x0 linker stubs

.iplt           0x080051e8        0x0
 .iplt          0x080051e8        0x0 ./build/obj/crt0_v7m.o

.rodata         0x080051e8      0x6e4
                0x080051e8                        __rodata_base__ = .
 *(.rodata)
 .rodata        0x080051e8      0x398 /usr/lib/gcc/arm-none-eabi/14.2.1/../../../arm-none-eabi/lib/thumb/v7e-m/nofp/libm.a(libm_a-ef_rem_pio2.o)
 .rodata        0x08005580       0x38 /usr/lib/gcc/arm-none-eabi/14.2.1/../../../arm-none-eabi/lib/thumb/v7e-m/nofp/libm.a(libm_a-kf_rem_pio2.o)
 *(.rodata.*)
 .rodata.chprintf.constprop.0.str1.4
                0x080055b8       0x57 /tmp/ccfCTzLg.ltrans0.ltrans.o
                                  0x7 (size before relaxing)
 .rodata.main.str1.4
                0x0800560f       0x49 /tmp/ccfCTzLg.ltrans0.ltrans.o
 *fill*         0x0800560f        0x1 
 .rodata._stm32_bdma_streams
                0x08005610       0xa0 /tmp/ccfCTzLg.ltrans0.ltrans.o
 .rodata.dac1_ch2_params
                0x080056b0       0x20 /tmp/ccfCTzLg.ltrans0.ltrans.o
 .rodata.dac1_ch1_params
                0x080056d0       0x20 /tmp/ccfCTzLg.ltrans0.ltrans.o
 .rodata.vmt    0x080056f0       0x28 /tmp/ccfCTzLg.ltrans0.ltrans.o
 .rodata.str1.4
                0x08005718        0x3 /tmp/ccfCTzLg.ltrans0.ltrans.o
 .rodata.ch_core0_cfg
                0x08005718       0x14 /tmp/ccfCTzLg.ltrans0.ltrans.o
 .rodata.single_channel_cfg
                0x0800572c       0x10 /tmp/ccfCTzLg.ltrans0.ltrans.o
 .rodata.dac_cfg
                0x0800573c       0x10 /tmp/ccfCTzLg.ltrans0.ltrans.o
 .rodata._stm32_dma_streams
                0x0800574c      0x100 /tmp/ccfCTzLg.ltrans0.ltrans.o
 .rodata.ram_areas
                0x0800584c       0x80 /tmp/ccfCTzLg.ltrans0.ltrans.o
                0x080058cc                        . = ALIGN (0x4)
                0x080058cc                        __rodata_end__ = .

.ARM.extab
 *(.ARM.extab* .gnu.linkonce.armextab.*)

.ARM.exidx      0x080058cc        0x8
                0x080058cc                        __exidx_base__ = .
                0x080058cc                        __exidx_start = .
 *(.ARM.exidx* .gnu.linkonce.armexidx.*)
 .ARM.exidx     0x080058cc        0x8 /usr/lib/gcc/arm-none-eabi/14.2.1/../../../arm-none-eabi/lib/thumb/v7e-m/nofp/libg.a(libc_a-memcpy.o)
                0x080058d4                        __exidx_end__ = .
                0x080058d4                        __exidx_end = .

.rel.dyn        0x080058d4        0x0
 .rel.iplt      0x080058d4        0x0 ./build/obj/crt0_v7m.o

.eh_frame_hdr
 *(.eh_frame_hdr)

.eh_frame
 *(.eh_frame)

.data           0x24000000        0x0 load address 0x080058d4
                [!provide]                        PROVIDE (_textdata = LOADADDR (.data))
                [!provide]                        PROVIDE (_data = .)
                0x080058d4                        __textdata_base__ = LOADADDR (.data)
                0x24000000                        __data_base__ = .
 *(.data)
 *(.data.*)
 *(.ramtext)
                0x24000000                        . = ALIGN (0x4)
                [!provide]                        PROVIDE (_edata = .)
                0x24000000                        __data_end__ = .

.igot.plt       0x24000000        0x0 load address 0x080058d4
 .igot.plt      0x24000000        0x0 ./build/obj/crt0_v7m.o

.bss            0x24000000      0x580 load address 0x080058d4
                0x24000000                        __bss_base__ = .
 *(.bss)
 *(.bss.*)
 .bss.ch_c0_idle_thread_wa
                0x24000000      0x100 /tmp/ccfCTzLg.ltrans0.ltrans.o
 .bss.sd_out_buf5
                0x24000100       0x10 /tmp/ccfCTzLg.ltrans0.ltrans.o
 .bss.sd_in_buf5
                0x24000110       0x10 /tmp/ccfCTzLg.ltrans0.ltrans.o
 .bss.sd_out_buf3
                0x24000120       0x10 /tmp/ccfCTzLg.ltrans0.ltrans.o
 .bss.sd_in_buf3
                0x24000130       0x10 /tmp/ccfCTzLg.ltrans0.ltrans.o
 .bss.default_heap
                0x24000140       0x24 /tmp/ccfCTzLg.ltrans0.ltrans.o
 .bss.ch_factory
                0x24000164       0x48 /tmp/ccfCTzLg.ltrans0.ltrans.o
 .bss.right_wave
                0x240001ac       0x32 /tmp/ccfCTzLg.ltrans0.ltrans.o
 *fill*         0x240001de        0x2 
 .bss.left_wave
                0x240001e0       0x32 /tmp/ccfCTzLg.ltrans0.ltrans.o
 *fill*         0x24000212        0x2 
 .bss.ch_memcore
                0x24000214        0x8 /tmp/ccfCTzLg.ltrans0.ltrans.o
 .bss.ch_system
                0x2400021c        0xc /tmp/ccfCTzLg.ltrans0.ltrans.o
 .bss.SPID6     0x24000228       0x3c /tmp/ccfCTzLg.ltrans0.ltrans.o
 .bss.SPID1     0x24000264       0x3c /tmp/ccfCTzLg.ltrans0.ltrans.o
 .bss.DACD2     0x240002a0       0x30 /tmp/ccfCTzLg.ltrans0.ltrans.o
 .bss.DACD1     0x240002d0       0x30 /tmp/ccfCTzLg.ltrans0.ltrans.o
 .bss.dma       0x24000300       0x84 /tmp/ccfCTzLg.ltrans0.ltrans.o
 .bss.bdma      0x24000384       0x44 /tmp/ccfCTzLg.ltrans0.ltrans.o
 .bss.GPTD6     0x240003c8       0x10 /tmp/ccfCTzLg.ltrans0.ltrans.o
 .bss.SD5       0x240003d8       0x60 /tmp/ccfCTzLg.ltrans0.ltrans.o
 .bss.SD3       0x24000438       0x60 /tmp/ccfCTzLg.ltrans0.ltrans.o
 .bss.ch0       0x24000498       0xe8 /tmp/ccfCTzLg.ltrans0.ltrans.o
 *(COMMON)
                0x24000580                        . = ALIGN (0x4)
                0x24000580                        __bss_end__ = .
                [!provide]                        PROVIDE (end = .)
                0x24000000                        __ram0_base__ = ORIGIN (ram0)
                0x00080000                        __ram0_size__ = LENGTH (ram0)
                0x24080000                        __ram0_end__ = (__ram0_base__ + __ram0_size__)
                0x30000000                        __ram1_base__ = ORIGIN (ram1)
                0x00040000                        __ram1_size__ = LENGTH (ram1)
                0x30040000                        __ram1_end__ = (__ram1_base__ + __ram1_size__)
                0x30000000                        __ram2_base__ = ORIGIN (ram2)
                0x00048000                        __ram2_size__ = LENGTH (ram2)
                0x30048000                        __ram2_end__ = (__ram2_base__ + __ram2_size__)
                0x30040000                        __ram3_base__ = ORIGIN (ram3)
                0x00008000                        __ram3_size__ = LENGTH (ram3)
                0x30048000                        __ram3_end__ = (__ram3_base__ + __ram3_size__)
                0x38000000                        __ram4_base__ = ORIGIN (ram4)
                0x00010000                        __ram4_size__ = LENGTH (ram4)
                0x38010000                        __ram4_end__ = (__ram4_base__ + __ram4_size__)
                0x20000000                        __ram5_base__ = ORIGIN (ram5)
                0x00020000                        __ram5_size__ = LENGTH (ram5)
                0x20020000                        __ram5_end__ = (__ram5_base__ + __ram5_size__)
                0x00000000                        __ram6_base__ = ORIGIN (ram6)
                0x00010000                        __ram6_size__ = LENGTH (ram6)
                0x00010000                        __ram6_end__ = (__ram6_base__ + __ram6_size__)
                0x38800000                        __ram7_base__ = ORIGIN (ram7)
                0x00001000                        __ram7_size__ = LENGTH (ram7)
                0x38801000                        __ram7_end__ = (__ram7_base__ + __ram7_size__)
                0x08000000                        __flash0_base__ = ORIGIN (flash0)
                0x00200000                        __flash0_size__ = LENGTH (flash0)
                0x08200000                        __flash0_end__ = (__flash0_base__ + __flash0_size__)
                0x08000000                        __flash1_base__ = ORIGIN (flash1)
                0x00100000                        __flash1_size__ = LENGTH (flash1)
                0x08100000                        __flash1_end__ = (__flash1_base__ + __flash1_size__)
                0x08100000                        __flash2_base__ = ORIGIN (flash2)
                0x00100000                        __flash2_size__ = LENGTH (flash2)
                0x08200000                        __flash2_end__ = (__flash2_base__ + __flash2_size__)
                0x00000000                        __flash3_base__ = ORIGIN (flash3)
                0x00000000                        __flash3_size__ = LENGTH (flash3)
                0x00000000                        __flash3_end__ = (__flash3_base__ + __flash3_size__)
                0x00000000                        __flash4_base__ = ORIGIN (flash4)
                0x00000000                        __flash4_size__ = LENGTH (flash4)
                0x00000000                        __flash4_end__ = (__flash4_base__ + __flash4_size__)
                0x00000000                        __flash5_base__ = ORIGIN (flash5)
                0x00000000                        __flash5_size__ = LENGTH (flash5)
                0x00000000                        __flash5_end__ = (__flash5_base__ + __flash5_size__)
                0x00000000                        __flash6_base__ = ORIGIN (flash6)
                0x00000000                        __flash6_size__ = LENGTH (flash6)
                0x00000000                        __flash6_end__ = (__flash6_base__ + __flash6_size__)
                0x00000000                        __flash7_base__ = ORIGIN (flash7)
                0x00000000                        __flash7_size__ = LENGTH (flash7)
                0x00000000                        __flash7_end__ = (__flash7_base__ + __flash7_size__)

.ram0_init      0x24000580        0x0 load address 0x080058d4
                0x080058d4                        __ram0_init_text__ = LOADADDR (.ram0_init)
                0x24000580                        __ram0_init__ = .
 *(.ram0_init)
 *(.ram0_init.*)
                0x24000580                        . = ALIGN (0x4)

.ram0           0x24000580        0x0 load address 0x080058d4
                0x24000580                        __ram0_clear__ = .
 *(.ram0_clear)
 *(.ram0_clear.*)
                0x24000580                        . = ALIGN (0x4)
                0x24000580                        __ram0_noinit__ = .
 *(.ram0)
 *(.ram0.*)
                0x24000580                        . = ALIGN (0x4)
                0x24000580                        __ram0_free__ = .

.ram1_init      0x30000000        0x0 load address 0x080058d4
                0x080058d4                        __ram1_init_text__ = LOADADDR (.ram1_init)
                0x30000000                        __ram1_init__ = .
 *(.ram1_init)
 *(.ram1_init.*)
                0x30000000                        . = ALIGN (0x4)

.ram1           0x30000000        0x0 load address 0x080058d4
                0x30000000                        __ram1_clear__ = .
 *(.ram1_clear)
 *(.ram1_clear.*)
                0x30000000                        . = ALIGN (0x4)
                0x30000000                        __ram1_noinit__ = .
 *(.ram1)
 *(.ram1.*)
                0x30000000                        . = ALIGN (0x4)
                0x30000000                        __ram1_free__ = .

.ram2_init      0x30000000        0x0 load address 0x080058d4
                0x080058d4                        __ram2_init_text__ = LOADADDR (.ram2_init)
                0x30000000                        __ram2_init__ = .
 *(.ram2_init)
 *(.ram2_init.*)
                0x30000000                        . = ALIGN (0x4)

.ram2           0x30000000        0x0 load address 0x080058d4
                0x30000000                        __ram2_clear__ = .
 *(.ram2_clear)
 *(.ram2_clear.*)
                0x30000000                        . = ALIGN (0x4)
                0x30000000                        __ram2_noinit__ = .
 *(.ram2)
 *(.ram2.*)
                0x30000000                        . = ALIGN (0x4)
                0x30000000                        __ram2_free__ = .

.ram3_init      0x30040000        0x0 load address 0x080058d4
                0x080058d4                        __ram3_init_text__ = LOADADDR (.ram3_init)
                0x30040000                        __ram3_init__ = .
 *(.ram3_init)
 *(.ram3_init.*)
                0x30040000                        . = ALIGN (0x4)

.ram3           0x30040000        0x0 load address 0x080058d4
                0x30040000                        __ram3_clear__ = .
 *(.ram3_clear)
 *(.ram3_clear.*)
                0x30040000                        . = ALIGN (0x4)
                0x30040000                        __ram3_noinit__ = .
 *(.ram3)
 *(.ram3.*)
                0x30040000                        . = ALIGN (0x4)
                0x30040000                        __ram3_free__ = .

.ram4_init      0x38000000        0x0 load address 0x080058d4
                0x080058d4                        __ram4_init_text__ = LOADADDR (.ram4_init)
                0x38000000                        __ram4_init__ = .
 *(.ram4_init)
 *(.ram4_init.*)
                0x38000000                        . = ALIGN (0x4)

.ram4           0x38000000        0x0 load address 0x080058d4
                0x38000000                        __ram4_clear__ = .
 *(.ram4_clear)
 *(.ram4_clear.*)
                0x38000000                        . = ALIGN (0x4)
                0x38000000                        __ram4_noinit__ = .
 *(.ram4)
 *(.ram4.*)
                0x38000000                        . = ALIGN (0x4)
                0x38000000                        __ram4_free__ = .

.ram5_init      0x20000800        0x0 load address 0x080058d4
                0x080058d4                        __ram5_init_text__ = LOADADDR (.ram5_init)
                0x20000800                        __ram5_init__ = .
 *(.ram5_init)
 *(.ram5_init.*)
                0x20000800                        . = ALIGN (0x4)

.ram5           0x20000800        0x0 load address 0x080058d4
                0x20000800                        __ram5_clear__ = .
 *(.ram5_clear)
 *(.ram5_clear.*)
                0x20000800                        . = ALIGN (0x4)
                0x20000800                        __ram5_noinit__ = .
 *(.ram5)
 *(.ram5.*)
                0x20000800                        . = ALIGN (0x4)
                0x20000800                        __ram5_free__ = .

.ram6_init      0x00000000        0x0 load address 0x080058d4
                0x080058d4                        __ram6_init_text__ = LOADADDR (.ram6_init)
                0x00000000                        __ram6_init__ = .
 *(.ram6_init)
 *(.ram6_init.*)
                0x00000000                        . = ALIGN (0x4)

.ram6           0x00000000        0x0 load address 0x080058d4
                0x00000000                        __ram6_clear__ = .
 *(.ram6_clear)
 *(.ram6_clear.*)
                0x00000000                        . = ALIGN (0x4)
                0x00000000                        __ram6_noinit__ = .
 *(.ram6)
 *(.ram6.*)
                0x00000000                        . = ALIGN (0x4)
                0x00000000                        __ram6_free__ = .

.ram7_init      0x38800000        0x0 load address 0x080058d4
                0x080058d4                        __ram7_init_text__ = LOADADDR (.ram7_init)
                0x38800000                        __ram7_init__ = .
 *(.ram7_init)
 *(.ram7_init.*)
                0x38800000                        . = ALIGN (0x4)

.ram7           0x38800000        0x0 load address 0x080058d4
                0x38800000                        __ram7_clear__ = .
 *(.ram7_clear)
 *(.ram7_clear.*)
                0x38800000                        . = ALIGN (0x4)
                0x38800000                        __ram7_noinit__ = .
 *(.ram7)
 *(.ram7.*)
                0x38800000                        . = ALIGN (0x4)
                0x38800000                        __ram7_free__ = .

.flash0         0x08000000        0x0
                0x08000000                        __flash0_init__ = .
 *(.flash0_init)
 *(.flash0_init.*)
                0x08000000                        __flash0_free__ = .

.flash1         0x080058d4        0x0
                0x080058d4                        __flash1_init__ = .
 *(.flash1_init)
 *(.flash1_init.*)
                0x080058d4                        __flash1_free__ = .

.flash2         0x08100000        0x0
                0x08100000                        __flash2_init__ = .
 *(.flash2_init)
 *(.flash2_init.*)
                0x08100000                        __flash2_free__ = .

.flash3         0x00000000        0x0
                0x00000000                        __flash3_init__ = .
 *(.flash3_init)
 *(.flash3_init.*)
                0x00000000                        __flash3_free__ = .

.flash4         0x00000000        0x0
                0x00000000                        __flash4_init__ = .
 *(.flash4_init)
 *(.flash4_init.*)
                0x00000000                        __flash4_free__ = .

.flash5         0x00000000        0x0
                0x00000000                        __flash5_init__ = .
 *(.flash5_init)
 *(.flash5_init.*)
                0x00000000                        __flash5_free__ = .

.flash6         0x00000000        0x0
                0x00000000                        __flash6_init__ = .
 *(.flash6_init)
 *(.flash6_init.*)
                0x00000000                        __flash6_free__ = .

.flash7         0x00000000        0x0
                0x00000000                        __flash7_init__ = .
 *(.flash7_init)
 *(.flash7_init.*)
                0x00000000                        __flash7_free__ = .

.heap           0x24000580    0x7fa80
                0x24000580                        . = ALIGN (0x8)
                0x24000580                        __heap_base__ = .
                0x24080000                        . = (ORIGIN (HEAP_RAM) + LENGTH (HEAP_RAM))
 *fill*         0x24000580    0x7fa80 
                0x24080000                        __heap_end__ = .
                0x00000400                        __process_stack_size__ = 0x400
                0x00000400                        __main_stack_size__ = 0x400
START GROUP
LOAD /usr/lib/gcc/arm-none-eabi/14.2.1/thumb/v7e-m/nofp/libgcc.a
LOAD /usr/lib/gcc/arm-none-eabi/14.2.1/../../../arm-none-eabi/lib/thumb/v7e-m/nofp/libg.a
LOAD /usr/lib/gcc/arm-none-eabi/14.2.1/../../../arm-none-eabi/lib/thumb/v7e-m/nofp/libc.a
END GROUP
OUTPUT(build/ch.elf elf32-littlearm)
LOAD linker stubs

.ARM.attributes
                0x00000000       0x2f
 .ARM.attributes
                0x00000000       0x21 ./build/obj/crt0_v7m.o
 .ARM.attributes
                0x00000021       0x21 ./build/obj/vectors.o
 .ARM.attributes
                0x00000042       0x21 ./build/obj/chcoreasm.o
 .ARM.attributes
                0x00000063       0x2c /tmp/ccfCTzLg.ltrans0.ltrans.o
 .ARM.attributes
                0x0000008f       0x2e /usr/lib/gcc/arm-none-eabi/14.2.1/../../../arm-none-eabi/lib/thumb/v7e-m/nofp/libm.a(libm_a-sf_sin.o)
 .ARM.attributes
                0x000000bd       0x2e /usr/lib/gcc/arm-none-eabi/14.2.1/../../../arm-none-eabi/lib/thumb/v7e-m/nofp/libm.a(libm_a-kf_sin.o)
 .ARM.attributes
                0x000000eb       0x2e /usr/lib/gcc/arm-none-eabi/14.2.1/../../../arm-none-eabi/lib/thumb/v7e-m/nofp/libm.a(libm_a-ef_rem_pio2.o)
 .ARM.attributes
                0x00000119       0x2e /usr/lib/gcc/arm-none-eabi/14.2.1/../../../arm-none-eabi/lib/thumb/v7e-m/nofp/libm.a(libm_a-sf_fabs.o)
 .ARM.attributes
                0x00000147       0x2e /usr/lib/gcc/arm-none-eabi/14.2.1/../../../arm-none-eabi/lib/thumb/v7e-m/nofp/libm.a(libm_a-kf_rem_pio2.o)
 .ARM.attributes
                0x00000175       0x2e /usr/lib/gcc/arm-none-eabi/14.2.1/../../../arm-none-eabi/lib/thumb/v7e-m/nofp/libm.a(libm_a-sf_scalbn.o)
 .ARM.attributes
                0x000001a3       0x2e /usr/lib/gcc/arm-none-eabi/14.2.1/../../../arm-none-eabi/lib/thumb/v7e-m/nofp/libm.a(libm_a-kf_cos.o)
 .ARM.attributes
                0x000001d1       0x2e /usr/lib/gcc/arm-none-eabi/14.2.1/../../../arm-none-eabi/lib/thumb/v7e-m/nofp/libm.a(libm_a-sf_floor.o)
 .ARM.attributes
                0x000001ff       0x1e /usr/lib/gcc/arm-none-eabi/14.2.1/thumb/v7e-m/nofp/libgcc.a(_arm_mulsf3.o)
 .ARM.attributes
                0x0000021d       0x1e /usr/lib/gcc/arm-none-eabi/14.2.1/thumb/v7e-m/nofp/libgcc.a(_arm_addsubsf3.o)
 .ARM.attributes
                0x0000023b       0x1e /usr/lib/gcc/arm-none-eabi/14.2.1/thumb/v7e-m/nofp/libgcc.a(_arm_cmpsf2.o)
 .ARM.attributes
                0x00000259       0x1e /usr/lib/gcc/arm-none-eabi/14.2.1/thumb/v7e-m/nofp/libgcc.a(_arm_fixsfsi.o)
 .ARM.attributes
                0x00000277       0x1e /usr/lib/gcc/arm-none-eabi/14.2.1/thumb/v7e-m/nofp/libgcc.a(_arm_addsubdf3.o)
 .ARM.attributes
                0x00000295       0x1e /usr/lib/gcc/arm-none-eabi/14.2.1/thumb/v7e-m/nofp/libgcc.a(_arm_muldivdf3.o)
 .ARM.attributes
                0x000002b3       0x1e /usr/lib/gcc/arm-none-eabi/14.2.1/thumb/v7e-m/nofp/libgcc.a(_arm_truncdfsf2.o)
 .ARM.attributes
                0x000002d1       0x1e /usr/lib/gcc/arm-none-eabi/14.2.1/thumb/v7e-m/nofp/libgcc.a(_arm_fixunssfsi.o)
 .ARM.attributes
                0x000002ef       0x2e /usr/lib/gcc/arm-none-eabi/14.2.1/../../../arm-none-eabi/lib/thumb/v7e-m/nofp/libg.a(libc_a-memset.o)
 .ARM.attributes
                0x0000031d       0x1c /usr/lib/gcc/arm-none-eabi/14.2.1/../../../arm-none-eabi/lib/thumb/v7e-m/nofp/libg.a(libc_a-memcpy.o)

.comment        0x00000000       0x4c
 .comment       0x00000000       0x27 /tmp/ccfCTzLg.ltrans0.ltrans.o
 .comment       0x00000000       0x4c /usr/lib/gcc/arm-none-eabi/14.2.1/../../../arm-none-eabi/lib/thumb/v7e-m/nofp/libm.a(libm_a-sf_sin.o)
                                 0x27 (size before relaxing)
 .comment       0x0000004c       0x27 /usr/lib/gcc/arm-none-eabi/14.2.1/../../../arm-none-eabi/lib/thumb/v7e-m/nofp/libm.a(libm_a-kf_sin.o)
 .comment       0x0000004c       0x27 /usr/lib/gcc/arm-none-eabi/14.2.1/../../../arm-none-eabi/lib/thumb/v7e-m/nofp/libm.a(libm_a-ef_rem_pio2.o)
 .comment       0x0000004c       0x27 /usr/lib/gcc/arm-none-eabi/14.2.1/../../../arm-none-eabi/lib/thumb/v7e-m/nofp/libm.a(libm_a-sf_fabs.o)
 .comment       0x0000004c       0x27 /usr/lib/gcc/arm-none-eabi/14.2.1/../../../arm-none-eabi/lib/thumb/v7e-m/nofp/libm.a(libm_a-kf_rem_pio2.o)
 .comment       0x0000004c       0x27 /usr/lib/gcc/arm-none-eabi/14.2.1/../../../arm-none-eabi/lib/thumb/v7e-m/nofp/libm.a(libm_a-sf_scalbn.o)
 .comment       0x0000004c       0x27 /usr/lib/gcc/arm-none-eabi/14.2.1/../../../arm-none-eabi/lib/thumb/v7e-m/nofp/libm.a(libm_a-kf_cos.o)
 .comment       0x0000004c       0x27 /usr/lib/gcc/arm-none-eabi/14.2.1/../../../arm-none-eabi/lib/thumb/v7e-m/nofp/libm.a(libm_a-sf_floor.o)
 .comment       0x0000004c       0x27 /usr/lib/gcc/arm-none-eabi/14.2.1/../../../arm-none-eabi/lib/thumb/v7e-m/nofp/libg.a(libc_a-memset.o)

.debug_line     0x00000000     0xc5ba
 .debug_line    0x00000000       0xa6 ./build/obj/crt0_v7m.o
 .debug_line    0x000000a6       0x4f ./build/obj/vectors.o
 .debug_line    0x000000f5       0x5d ./build/obj/chcoreasm.o
 .debug_line    0x00000152     0x89d4 /tmp/ccfCTzLg.ltrans0.ltrans.o
 .debug_line    0x00008b26       0x51 /tmp/cctgJb1m.debug.temp.o
 .debug_line    0x00008b77       0x7b /tmp/ccKM15En.debug.temp.o
 .debug_line    0x00008bf2       0x5e /tmp/ccUzXwOW.debug.temp.o
 .debug_line    0x00008c50       0x97 /tmp/cczHd9Ts.debug.temp.o
 .debug_line    0x00008ce7       0xc6 /tmp/ccfLDpS1.debug.temp.o
 .debug_line    0x00008dad       0x83 /tmp/cc5fTsI1.debug.temp.o
 .debug_line    0x00008e30       0xc7 /tmp/ccToLbKN.debug.temp.o
 .debug_line    0x00008ef7       0xe2 /tmp/ccSiqwu5.debug.temp.o
 .debug_line    0x00008fd9       0x4c /tmp/cci7ok9d.debug.temp.o
 .debug_line    0x00009025      0x1ac /tmp/ccDKl3QH.debug.temp.o
 .debug_line    0x000091d1       0x6d /tmp/ccDrAwkg.debug.temp.o
 .debug_line    0x0000923e       0x87 /tmp/ccW3CS1h.debug.temp.o
 .debug_line    0x000092c5       0xcb /tmp/ccgho92u.debug.temp.o
 .debug_line    0x00009390       0x87 /tmp/ccpdr8XL.debug.temp.o
 .debug_line    0x00009417       0x4d /tmp/ccf5AAmJ.debug.temp.o
 .debug_line    0x00009464       0xeb /tmp/cc5CUG4h.debug.temp.o
 .debug_line    0x0000954f       0x82 /tmp/ccWHO1qh.debug.temp.o
 .debug_line    0x000095d1       0x68 /tmp/ccR0NJFQ.debug.temp.o
 .debug_line    0x00009639       0xc7 /tmp/cczoucj7.debug.temp.o
 .debug_line    0x00009700       0x63 /tmp/cc7Ba1Wt.debug.temp.o
 .debug_line    0x00009763       0xc5 /tmp/cc3K4Bgl.debug.temp.o
 .debug_line    0x00009828       0x86 /tmp/ccJYts3j.debug.temp.o
 .debug_line    0x000098ae       0x9d /tmp/ccBWrpen.debug.temp.o
 .debug_line    0x0000994b       0x94 /tmp/ccqPwYnf.debug.temp.o
 .debug_line    0x000099df       0xa3 /tmp/ccmecOdy.debug.temp.o
 .debug_line    0x00009a82       0xac /tmp/ccHGzHDt.debug.temp.o
 .debug_line    0x00009b2e       0x94 /tmp/ccAiTSxz.debug.temp.o
 .debug_line    0x00009bc2       0x99 /tmp/cc5jXAyF.debug.temp.o
 .debug_line    0x00009c5b       0x9e /tmp/ccAuDW8U.debug.temp.o
 .debug_line    0x00009cf9       0x71 /tmp/cc0YoZp6.debug.temp.o
 .debug_line    0x00009d6a       0x99 /tmp/cce4AMqv.debug.temp.o
 .debug_line    0x00009e03       0x8a /tmp/cc1MM7Nq.debug.temp.o
 .debug_line    0x00009e8d       0xbb /tmp/ccyTg92t.debug.temp.o
 .debug_line    0x00009f48       0x99 /tmp/ccbm1FZu.debug.temp.o
 .debug_line    0x00009fe1       0x69 /tmp/ccmBmUR4.debug.temp.o
 .debug_line    0x0000a04a      0x112 /tmp/ccaRO7CS.debug.temp.o
 .debug_line    0x0000a15c      0x1e0 /usr/lib/gcc/arm-none-eabi/14.2.1/../../../arm-none-eabi/lib/thumb/v7e-m/nofp/libm.a(libm_a-sf_sin.o)
 .debug_line    0x0000a33c      0x1be /usr/lib/gcc/arm-none-eabi/14.2.1/../../../arm-none-eabi/lib/thumb/v7e-m/nofp/libm.a(libm_a-kf_sin.o)
 .debug_line    0x0000a4fa      0x528 /usr/lib/gcc/arm-none-eabi/14.2.1/../../../arm-none-eabi/lib/thumb/v7e-m/nofp/libm.a(libm_a-ef_rem_pio2.o)
 .debug_line    0x0000aa22      0x15c /usr/lib/gcc/arm-none-eabi/14.2.1/../../../arm-none-eabi/lib/thumb/v7e-m/nofp/libm.a(libm_a-sf_fabs.o)
 .debug_line    0x0000ab7e      0xa92 /usr/lib/gcc/arm-none-eabi/14.2.1/../../../arm-none-eabi/lib/thumb/v7e-m/nofp/libm.a(libm_a-kf_rem_pio2.o)
 .debug_line    0x0000b610      0x24a /usr/lib/gcc/arm-none-eabi/14.2.1/../../../arm-none-eabi/lib/thumb/v7e-m/nofp/libm.a(libm_a-sf_scalbn.o)
 .debug_line    0x0000b85a      0x218 /usr/lib/gcc/arm-none-eabi/14.2.1/../../../arm-none-eabi/lib/thumb/v7e-m/nofp/libm.a(libm_a-kf_cos.o)
 .debug_line    0x0000ba72      0x252 /usr/lib/gcc/arm-none-eabi/14.2.1/../../../arm-none-eabi/lib/thumb/v7e-m/nofp/libm.a(libm_a-sf_floor.o)
 .debug_line    0x0000bcc4       0xbd /usr/lib/gcc/arm-none-eabi/14.2.1/thumb/v7e-m/nofp/libgcc.a(_arm_mulsf3.o)
 .debug_line    0x0000bd81      0x103 /usr/lib/gcc/arm-none-eabi/14.2.1/thumb/v7e-m/nofp/libgcc.a(_arm_addsubsf3.o)
 .debug_line    0x0000be84       0x9a /usr/lib/gcc/arm-none-eabi/14.2.1/thumb/v7e-m/nofp/libgcc.a(_arm_cmpsf2.o)
 .debug_line    0x0000bf1e       0x62 /usr/lib/gcc/arm-none-eabi/14.2.1/thumb/v7e-m/nofp/libgcc.a(_arm_fixsfsi.o)
 .debug_line    0x0000bf80      0x16f /usr/lib/gcc/arm-none-eabi/14.2.1/thumb/v7e-m/nofp/libgcc.a(_arm_addsubdf3.o)
 .debug_line    0x0000c0ef      0x184 /usr/lib/gcc/arm-none-eabi/14.2.1/thumb/v7e-m/nofp/libgcc.a(_arm_muldivdf3.o)
 .debug_line    0x0000c273       0x76 /usr/lib/gcc/arm-none-eabi/14.2.1/thumb/v7e-m/nofp/libgcc.a(_arm_truncdfsf2.o)
 .debug_line    0x0000c2e9       0x5e /usr/lib/gcc/arm-none-eabi/14.2.1/thumb/v7e-m/nofp/libgcc.a(_arm_fixunssfsi.o)
 .debug_line    0x0000c347      0x1ba /usr/lib/gcc/arm-none-eabi/14.2.1/../../../arm-none-eabi/lib/thumb/v7e-m/nofp/libg.a(libc_a-memset.o)
 .debug_line    0x0000c501       0xb9 /usr/lib/gcc/arm-none-eabi/14.2.1/../../../arm-none-eabi/lib/thumb/v7e-m/nofp/libg.a(libc_a-memcpy.o)

.debug_line_str
                0x00000000     0x13df
 .debug_line_str
                0x00000000     0x13df ./build/obj/crt0_v7m.o
                                 0x83 (size before relaxing)
 .debug_line_str
                0x000013df       0x82 ./build/obj/vectors.o
 .debug_line_str
                0x000013df       0x83 ./build/obj/chcoreasm.o
 .debug_line_str
                0x000013df      0x146 /tmp/cctgJb1m.debug.temp.o
 .debug_line_str
                0x000013df      0x1ce /tmp/ccKM15En.debug.temp.o
 .debug_line_str
                0x000013df      0x16e /tmp/ccUzXwOW.debug.temp.o
 .debug_line_str
                0x000013df      0x22b /tmp/cczHd9Ts.debug.temp.o
 .debug_line_str
                0x000013df      0x326 /tmp/ccfLDpS1.debug.temp.o
 .debug_line_str
                0x000013df      0x21d /tmp/cc5fTsI1.debug.temp.o
 .debug_line_str
                0x000013df      0x30b /tmp/ccToLbKN.debug.temp.o
 .debug_line_str
                0x000013df      0x3c8 /tmp/ccSiqwu5.debug.temp.o
 .debug_line_str
                0x000013df      0x122 /tmp/cci7ok9d.debug.temp.o
 .debug_line_str
                0x000013df      0x719 /tmp/ccDKl3QH.debug.temp.o
 .debug_line_str
                0x000013df      0x1ce /tmp/ccDrAwkg.debug.temp.o
 .debug_line_str
                0x000013df      0x285 /tmp/ccW3CS1h.debug.temp.o
 .debug_line_str
                0x000013df      0x35e /tmp/ccgho92u.debug.temp.o
 .debug_line_str
                0x000013df      0x280 /tmp/ccpdr8XL.debug.temp.o
 .debug_line_str
                0x000013df      0x10c /tmp/ccf5AAmJ.debug.temp.o
 .debug_line_str
                0x000013df      0x42f /tmp/cc5CUG4h.debug.temp.o
 .debug_line_str
                0x000013df      0x285 /tmp/ccWHO1qh.debug.temp.o
 .debug_line_str
                0x000013df      0x1b3 /tmp/ccR0NJFQ.debug.temp.o
 .debug_line_str
                0x000013df      0x33c /tmp/cczoucj7.debug.temp.o
 .debug_line_str
                0x000013df      0x1b3 /tmp/cc7Ba1Wt.debug.temp.o
 .debug_line_str
                0x000013df      0x27e /tmp/cc3K4Bgl.debug.temp.o
 .debug_line_str
                0x000013df      0x1ae /tmp/ccJYts3j.debug.temp.o
 .debug_line_str
                0x000013df      0x22e /tmp/ccBWrpen.debug.temp.o
 .debug_line_str
                0x000013df      0x1fb /tmp/ccqPwYnf.debug.temp.o
 .debug_line_str
                0x000013df      0x216 /tmp/ccmecOdy.debug.temp.o
 .debug_line_str
                0x000013df      0x256 /tmp/ccHGzHDt.debug.temp.o
 .debug_line_str
                0x000013df      0x1f6 /tmp/ccAiTSxz.debug.temp.o
 .debug_line_str
                0x000013df      0x207 /tmp/cc5jXAyF.debug.temp.o
 .debug_line_str
                0x000013df      0x218 /tmp/ccAuDW8U.debug.temp.o
 .debug_line_str
                0x000013df      0x1bb /tmp/cc0YoZp6.debug.temp.o
 .debug_line_str
                0x000013df      0x20a /tmp/cce4AMqv.debug.temp.o
 .debug_line_str
                0x000013df      0x1ea /tmp/cc1MM7Nq.debug.temp.o
 .debug_line_str
                0x000013df      0x260 /tmp/ccyTg92t.debug.temp.o
 .debug_line_str
                0x000013df      0x22d /tmp/ccbm1FZu.debug.temp.o
 .debug_line_str
                0x000013df      0x15e /tmp/ccmBmUR4.debug.temp.o
 .debug_line_str
                0x000013df      0x416 /tmp/ccaRO7CS.debug.temp.o
 .debug_line_str
                0x000013df       0x92 /usr/lib/gcc/arm-none-eabi/14.2.1/thumb/v7e-m/nofp/libgcc.a(_arm_mulsf3.o)
 .debug_line_str
                0x000013df       0x92 /usr/lib/gcc/arm-none-eabi/14.2.1/thumb/v7e-m/nofp/libgcc.a(_arm_addsubsf3.o)
 .debug_line_str
                0x000013df       0x92 /usr/lib/gcc/arm-none-eabi/14.2.1/thumb/v7e-m/nofp/libgcc.a(_arm_cmpsf2.o)
 .debug_line_str
                0x000013df       0x92 /usr/lib/gcc/arm-none-eabi/14.2.1/thumb/v7e-m/nofp/libgcc.a(_arm_fixsfsi.o)
 .debug_line_str
                0x000013df       0x92 /usr/lib/gcc/arm-none-eabi/14.2.1/thumb/v7e-m/nofp/libgcc.a(_arm_addsubdf3.o)
 .debug_line_str
                0x000013df       0x92 /usr/lib/gcc/arm-none-eabi/14.2.1/thumb/v7e-m/nofp/libgcc.a(_arm_muldivdf3.o)
 .debug_line_str
                0x000013df       0x92 /usr/lib/gcc/arm-none-eabi/14.2.1/thumb/v7e-m/nofp/libgcc.a(_arm_truncdfsf2.o)
 .debug_line_str
                0x000013df       0x92 /usr/lib/gcc/arm-none-eabi/14.2.1/thumb/v7e-m/nofp/libgcc.a(_arm_fixunssfsi.o)
 .debug_line_str
                0x000013df       0x95 /usr/lib/gcc/arm-none-eabi/14.2.1/../../../arm-none-eabi/lib/thumb/v7e-m/nofp/libg.a(libc_a-memcpy.o)

.debug_info     0x00000000    0x26329
 .debug_info    0x00000000       0x25 ./build/obj/crt0_v7m.o
 .debug_info    0x00000025       0x24 ./build/obj/vectors.o
 .debug_info    0x00000049       0x24 ./build/obj/chcoreasm.o
 .debug_info    0x0000006d     0x9fd6 /tmp/ccfCTzLg.ltrans0.ltrans.o
 .debug_info    0x0000a043      0x64f /tmp/cctgJb1m.debug.temp.o
                0x0000a043                crt1.c.85f0efe8
 .debug_info    0x0000a692       0xcd /tmp/ccKM15En.debug.temp.o
                0x0000a692                hal.c.0af7e7f4
 .debug_info    0x0000a75f      0x2d6 /tmp/ccUzXwOW.debug.temp.o
                0x0000a75f                hal_st.c.53ec5547
 .debug_info    0x0000aa35      0x7ea /tmp/cczHd9Ts.debug.temp.o
                0x0000aa35                hal_queues.c.eaa0576e
 .debug_info    0x0000b21f     0x11ce /tmp/ccfLDpS1.debug.temp.o
                0x0000b21f                hal_dac.c.1ab5ae79
 .debug_info    0x0000c3ed      0x62e /tmp/cc5fTsI1.debug.temp.o
                0x0000c3ed                hal_gpt.c.6437132e
 .debug_info    0x0000ca1b     0x11ba /tmp/ccToLbKN.debug.temp.o
                0x0000ca1b                hal_serial.c.894d271d
 .debug_info    0x0000dbd5     0x1556 /tmp/ccSiqwu5.debug.temp.o
                0x0000dbd5                hal_spi.c.1d830b65
 .debug_info    0x0000f12b      0x5d6 /tmp/cci7ok9d.debug.temp.o
                0x0000f12b                nvic.c.14744dad
 .debug_info    0x0000f701     0x1138 /tmp/ccDKl3QH.debug.temp.o
                0x0000f701                stm32_isr.c.bd6fbf37
 .debug_info    0x00010839      0xbb6 /tmp/ccDrAwkg.debug.temp.o
                0x00010839                hal_lld.c.996f2bfa
 .debug_info    0x000113ef      0x6e8 /tmp/ccW3CS1h.debug.temp.o
                0x000113ef                stm32_bdma.c.0ec1eb1a
 .debug_info    0x00011ad7     0x10b1 /tmp/ccgho92u.debug.temp.o
                0x00011ad7                hal_dac_lld.c.31d7e79a
 .debug_info    0x00012b88      0x7f0 /tmp/ccpdr8XL.debug.temp.o
                0x00012b88                stm32_dma.c.6f3a9933
 .debug_info    0x00013378      0x230 /tmp/ccf5AAmJ.debug.temp.o
                0x00013378                hal_pal_lld.c.8ed6331b
 .debug_info    0x000135a8     0x1a0e /tmp/cc5CUG4h.debug.temp.o
                0x000135a8                hal_spi_v2_lld.c.7807463e
 .debug_info    0x00014fb6      0x4ff /tmp/ccWHO1qh.debug.temp.o
                0x00014fb6                hal_st_lld.c.ca39c5d5
 .debug_info    0x000154b5      0x9ea /tmp/ccR0NJFQ.debug.temp.o
                0x000154b5                hal_gpt_lld.c.d4d4142e
 .debug_info    0x00015e9f     0x1107 /tmp/cczoucj7.debug.temp.o
                0x00015e9f                hal_serial_lld.c.6077e3f0
 .debug_info    0x00016fa6      0x7dd /tmp/cc7Ba1Wt.debug.temp.o
                0x00016fa6                board.c.597f9f71
 .debug_info    0x00017783      0xe2e /tmp/cc3K4Bgl.debug.temp.o
                0x00017783                chsys.c.9fd1563d
 .debug_info    0x000185b1      0x77c /tmp/ccJYts3j.debug.temp.o
                0x000185b1                chrfcu.c.79873f48
 .debug_info    0x00018d2d      0xe34 /tmp/ccBWrpen.debug.temp.o
                0x00018d2d                chvt.c.0518c2e4
 .debug_info    0x00019b61      0xc96 /tmp/ccqPwYnf.debug.temp.o
                0x00019b61                chschd.c.61c56104
 .debug_info    0x0001a7f7      0xa73 /tmp/ccmecOdy.debug.temp.o
                0x0001a7f7                chinstances.c.606538ee
 .debug_info    0x0001b26a     0x1203 /tmp/ccHGzHDt.debug.temp.o
                0x0001b26a                chthreads.c.c3557a56
 .debug_info    0x0001c46d      0xb1b /tmp/ccAiTSxz.debug.temp.o
                0x0001c46d                chtm.c.5a619f66
 .debug_info    0x0001cf88      0xad4 /tmp/cc5jXAyF.debug.temp.o
                0x0001cf88                chmtx.c.fcc8524b
 .debug_info    0x0001da5c      0xd8c /tmp/ccAuDW8U.debug.temp.o
                0x0001da5c                chevents.c.c11d5aa6
 .debug_info    0x0001e7e8      0x2f3 /tmp/cc0YoZp6.debug.temp.o
                0x0001e7e8                chmemcore.c.f88b5a12
 .debug_info    0x0001eadb      0xbcc /tmp/cce4AMqv.debug.temp.o
                0x0001eadb                chmemheaps.c.76731bbe
 .debug_info    0x0001f6a7      0x605 /tmp/cc1MM7Nq.debug.temp.o
                0x0001f6a7                chmempools.c.201a98a1
 .debug_info    0x0001fcac     0x15f5 /tmp/ccyTg92t.debug.temp.o
                0x0001fcac                chfactory.c.44df7d42
 .debug_info    0x000212a1     0x1436 /tmp/ccbm1FZu.debug.temp.o
                0x000212a1                chcore.c.27f149ff
 .debug_info    0x000226d7      0x50b /tmp/ccmBmUR4.debug.temp.o
                0x000226d7                chprintf.c.4419cd27
 .debug_info    0x00022be2     0x1823 /tmp/ccaRO7CS.debug.temp.o
                0x00022be2                dac_ex.c.4e311cd0
 .debug_info    0x00024405      0x236 /usr/lib/gcc/arm-none-eabi/14.2.1/../../../arm-none-eabi/lib/thumb/v7e-m/nofp/libm.a(libm_a-sf_sin.o)
 .debug_info    0x0002463b      0x2db /usr/lib/gcc/arm-none-eabi/14.2.1/../../../arm-none-eabi/lib/thumb/v7e-m/nofp/libm.a(libm_a-kf_sin.o)
 .debug_info    0x00024916      0x610 /usr/lib/gcc/arm-none-eabi/14.2.1/../../../arm-none-eabi/lib/thumb/v7e-m/nofp/libm.a(libm_a-ef_rem_pio2.o)
 .debug_info    0x00024f26      0x13e /usr/lib/gcc/arm-none-eabi/14.2.1/../../../arm-none-eabi/lib/thumb/v7e-m/nofp/libm.a(libm_a-sf_fabs.o)
 .debug_info    0x00025064      0x5ce /usr/lib/gcc/arm-none-eabi/14.2.1/../../../arm-none-eabi/lib/thumb/v7e-m/nofp/libm.a(libm_a-kf_rem_pio2.o)
 .debug_info    0x00025632      0x25d /usr/lib/gcc/arm-none-eabi/14.2.1/../../../arm-none-eabi/lib/thumb/v7e-m/nofp/libm.a(libm_a-sf_scalbn.o)
 .debug_info    0x0002588f      0x39c /usr/lib/gcc/arm-none-eabi/14.2.1/../../../arm-none-eabi/lib/thumb/v7e-m/nofp/libm.a(libm_a-kf_cos.o)
 .debug_info    0x00025c2b      0x1d1 /usr/lib/gcc/arm-none-eabi/14.2.1/../../../arm-none-eabi/lib/thumb/v7e-m/nofp/libm.a(libm_a-sf_floor.o)
 .debug_info    0x00025dfc       0x3f /usr/lib/gcc/arm-none-eabi/14.2.1/thumb/v7e-m/nofp/libgcc.a(_arm_mulsf3.o)
 .debug_info    0x00025e3b       0xca /usr/lib/gcc/arm-none-eabi/14.2.1/thumb/v7e-m/nofp/libgcc.a(_arm_addsubsf3.o)
 .debug_info    0x00025f05       0xdb /usr/lib/gcc/arm-none-eabi/14.2.1/thumb/v7e-m/nofp/libgcc.a(_arm_cmpsf2.o)
 .debug_info    0x00025fe0       0x3c /usr/lib/gcc/arm-none-eabi/14.2.1/thumb/v7e-m/nofp/libgcc.a(_arm_fixsfsi.o)
 .debug_info    0x0002601c       0xd3 /usr/lib/gcc/arm-none-eabi/14.2.1/thumb/v7e-m/nofp/libgcc.a(_arm_addsubdf3.o)
 .debug_info    0x000260ef       0x57 /usr/lib/gcc/arm-none-eabi/14.2.1/thumb/v7e-m/nofp/libgcc.a(_arm_muldivdf3.o)
 .debug_info    0x00026146       0x3f /usr/lib/gcc/arm-none-eabi/14.2.1/thumb/v7e-m/nofp/libgcc.a(_arm_truncdfsf2.o)
 .debug_info    0x00026185       0x3c /usr/lib/gcc/arm-none-eabi/14.2.1/thumb/v7e-m/nofp/libgcc.a(_arm_fixunssfsi.o)
 .debug_info    0x000261c1      0x135 /usr/lib/gcc/arm-none-eabi/14.2.1/../../../arm-none-eabi/lib/thumb/v7e-m/nofp/libg.a(libc_a-memset.o)
 .debug_info    0x000262f6       0x33 /usr/lib/gcc/arm-none-eabi/14.2.1/../../../arm-none-eabi/lib/thumb/v7e-m/nofp/libg.a(libc_a-memcpy.o)

.debug_abbrev   0x00000000     0x5cc5
 .debug_abbrev  0x00000000       0x14 ./build/obj/crt0_v7m.o
 .debug_abbrev  0x00000014       0x14 ./build/obj/vectors.o
 .debug_abbrev  0x00000028       0x14 ./build/obj/chcoreasm.o
 .debug_abbrev  0x0000003c      0x316 /tmp/ccfCTzLg.ltrans0.ltrans.o
 .debug_abbrev  0x00000352      0x17d /tmp/cctgJb1m.debug.temp.o
 .debug_abbrev  0x000004cf       0x6d /tmp/ccKM15En.debug.temp.o
 .debug_abbrev  0x0000053c      0x15c /tmp/ccUzXwOW.debug.temp.o
 .debug_abbrev  0x00000698      0x20e /tmp/cczHd9Ts.debug.temp.o
 .debug_abbrev  0x000008a6      0x2ce /tmp/ccfLDpS1.debug.temp.o
 .debug_abbrev  0x00000b74      0x1bd /tmp/cc5fTsI1.debug.temp.o
 .debug_abbrev  0x00000d31      0x2ca /tmp/ccToLbKN.debug.temp.o
 .debug_abbrev  0x00000ffb      0x2f9 /tmp/ccSiqwu5.debug.temp.o
 .debug_abbrev  0x000012f4      0x13f /tmp/cci7ok9d.debug.temp.o
 .debug_abbrev  0x00001433      0x1ee /tmp/ccDKl3QH.debug.temp.o
 .debug_abbrev  0x00001621      0x1be /tmp/ccDrAwkg.debug.temp.o
 .debug_abbrev  0x000017df      0x205 /tmp/ccW3CS1h.debug.temp.o
 .debug_abbrev  0x000019e4      0x2a6 /tmp/ccgho92u.debug.temp.o
 .debug_abbrev  0x00001c8a      0x202 /tmp/ccpdr8XL.debug.temp.o
 .debug_abbrev  0x00001e8c       0xf2 /tmp/ccf5AAmJ.debug.temp.o
 .debug_abbrev  0x00001f7e      0x319 /tmp/cc5CUG4h.debug.temp.o
 .debug_abbrev  0x00002297      0x14c /tmp/ccWHO1qh.debug.temp.o
 .debug_abbrev  0x000023e3      0x1c6 /tmp/ccR0NJFQ.debug.temp.o
 .debug_abbrev  0x000025a9      0x2ad /tmp/cczoucj7.debug.temp.o
 .debug_abbrev  0x00002856      0x1e6 /tmp/cc7Ba1Wt.debug.temp.o
 .debug_abbrev  0x00002a3c      0x389 /tmp/cc3K4Bgl.debug.temp.o
 .debug_abbrev  0x00002dc5      0x174 /tmp/ccJYts3j.debug.temp.o
 .debug_abbrev  0x00002f39      0x2bb /tmp/ccBWrpen.debug.temp.o
 .debug_abbrev  0x000031f4      0x25d /tmp/ccqPwYnf.debug.temp.o
 .debug_abbrev  0x00003451      0x26a /tmp/ccmecOdy.debug.temp.o
 .debug_abbrev  0x000036bb      0x30a /tmp/ccHGzHDt.debug.temp.o
 .debug_abbrev  0x000039c5      0x206 /tmp/ccAiTSxz.debug.temp.o
 .debug_abbrev  0x00003bcb      0x2c3 /tmp/cc5jXAyF.debug.temp.o
 .debug_abbrev  0x00003e8e      0x2b5 /tmp/ccAuDW8U.debug.temp.o
 .debug_abbrev  0x00004143      0x15c /tmp/cc0YoZp6.debug.temp.o
 .debug_abbrev  0x0000429f      0x292 /tmp/cce4AMqv.debug.temp.o
 .debug_abbrev  0x00004531      0x208 /tmp/cc1MM7Nq.debug.temp.o
 .debug_abbrev  0x00004739      0x29f /tmp/ccyTg92t.debug.temp.o
 .debug_abbrev  0x000049d8      0x288 /tmp/ccbm1FZu.debug.temp.o
 .debug_abbrev  0x00004c60      0x1c9 /tmp/ccmBmUR4.debug.temp.o
 .debug_abbrev  0x00004e29      0x2f8 /tmp/ccaRO7CS.debug.temp.o
 .debug_abbrev  0x00005121      0x162 /usr/lib/gcc/arm-none-eabi/14.2.1/../../../arm-none-eabi/lib/thumb/v7e-m/nofp/libm.a(libm_a-sf_sin.o)
 .debug_abbrev  0x00005283      0x10e /usr/lib/gcc/arm-none-eabi/14.2.1/../../../arm-none-eabi/lib/thumb/v7e-m/nofp/libm.a(libm_a-kf_sin.o)
 .debug_abbrev  0x00005391      0x191 /usr/lib/gcc/arm-none-eabi/14.2.1/../../../arm-none-eabi/lib/thumb/v7e-m/nofp/libm.a(libm_a-ef_rem_pio2.o)
 .debug_abbrev  0x00005522       0xd4 /usr/lib/gcc/arm-none-eabi/14.2.1/../../../arm-none-eabi/lib/thumb/v7e-m/nofp/libm.a(libm_a-sf_fabs.o)
 .debug_abbrev  0x000055f6      0x16f /usr/lib/gcc/arm-none-eabi/14.2.1/../../../arm-none-eabi/lib/thumb/v7e-m/nofp/libm.a(libm_a-kf_rem_pio2.o)
 .debug_abbrev  0x00005765      0x127 /usr/lib/gcc/arm-none-eabi/14.2.1/../../../arm-none-eabi/lib/thumb/v7e-m/nofp/libm.a(libm_a-sf_scalbn.o)
 .debug_abbrev  0x0000588c      0x109 /usr/lib/gcc/arm-none-eabi/14.2.1/../../../arm-none-eabi/lib/thumb/v7e-m/nofp/libm.a(libm_a-kf_cos.o)
 .debug_abbrev  0x00005995      0x113 /usr/lib/gcc/arm-none-eabi/14.2.1/../../../arm-none-eabi/lib/thumb/v7e-m/nofp/libm.a(libm_a-sf_floor.o)
 .debug_abbrev  0x00005aa8       0x26 /usr/lib/gcc/arm-none-eabi/14.2.1/thumb/v7e-m/nofp/libgcc.a(_arm_mulsf3.o)
 .debug_abbrev  0x00005ace       0x28 /usr/lib/gcc/arm-none-eabi/14.2.1/thumb/v7e-m/nofp/libgcc.a(_arm_addsubsf3.o)
 .debug_abbrev  0x00005af6       0x28 /usr/lib/gcc/arm-none-eabi/14.2.1/thumb/v7e-m/nofp/libgcc.a(_arm_cmpsf2.o)
 .debug_abbrev  0x00005b1e       0x28 /usr/lib/gcc/arm-none-eabi/14.2.1/thumb/v7e-m/nofp/libgcc.a(_arm_fixsfsi.o)
 .debug_abbrev  0x00005b46       0x28 /usr/lib/gcc/arm-none-eabi/14.2.1/thumb/v7e-m/nofp/libgcc.a(_arm_addsubdf3.o)
 .debug_abbrev  0x00005b6e       0x28 /usr/lib/gcc/arm-none-eabi/14.2.1/thumb/v7e-m/nofp/libgcc.a(_arm_muldivdf3.o)
 .debug_abbrev  0x00005b96       0x28 /usr/lib/gcc/arm-none-eabi/14.2.1/thumb/v7e-m/nofp/libgcc.a(_arm_truncdfsf2.o)
 .debug_abbrev  0x00005bbe       0x28 /usr/lib/gcc/arm-none-eabi/14.2.1/thumb/v7e-m/nofp/libgcc.a(_arm_fixunssfsi.o)
 .debug_abbrev  0x00005be6       0xb7 /usr/lib/gcc/arm-none-eabi/14.2.1/../../../arm-none-eabi/lib/thumb/v7e-m/nofp/libg.a(libc_a-memset.o)
 .debug_abbrev  0x00005c9d       0x28 /usr/lib/gcc/arm-none-eabi/14.2.1/../../../arm-none-eabi/lib/thumb/v7e-m/nofp/libg.a(libc_a-memcpy.o)

.debug_aranges  0x00000000      0x4f0
 .debug_aranges
                0x00000000       0x20 ./build/obj/crt0_v7m.o
 .debug_aranges
                0x00000020       0x20 ./build/obj/vectors.o
 .debug_aranges
                0x00000040       0x20 ./build/obj/chcoreasm.o
 .debug_aranges
                0x00000060      0x250 /tmp/ccfCTzLg.ltrans0.ltrans.o
 .debug_aranges
                0x000002b0       0x20 /usr/lib/gcc/arm-none-eabi/14.2.1/../../../arm-none-eabi/lib/thumb/v7e-m/nofp/libm.a(libm_a-sf_sin.o)
 .debug_aranges
                0x000002d0       0x20 /usr/lib/gcc/arm-none-eabi/14.2.1/../../../arm-none-eabi/lib/thumb/v7e-m/nofp/libm.a(libm_a-kf_sin.o)
 .debug_aranges
                0x000002f0       0x20 /usr/lib/gcc/arm-none-eabi/14.2.1/../../../arm-none-eabi/lib/thumb/v7e-m/nofp/libm.a(libm_a-ef_rem_pio2.o)
 .debug_aranges
                0x00000310       0x20 /usr/lib/gcc/arm-none-eabi/14.2.1/../../../arm-none-eabi/lib/thumb/v7e-m/nofp/libm.a(libm_a-sf_fabs.o)
 .debug_aranges
                0x00000330       0x20 /usr/lib/gcc/arm-none-eabi/14.2.1/../../../arm-none-eabi/lib/thumb/v7e-m/nofp/libm.a(libm_a-kf_rem_pio2.o)
 .debug_aranges
                0x00000350       0x20 /usr/lib/gcc/arm-none-eabi/14.2.1/../../../arm-none-eabi/lib/thumb/v7e-m/nofp/libm.a(libm_a-sf_scalbn.o)
 .debug_aranges
                0x00000370       0x20 /usr/lib/gcc/arm-none-eabi/14.2.1/../../../arm-none-eabi/lib/thumb/v7e-m/nofp/libm.a(libm_a-kf_cos.o)
 .debug_aranges
                0x00000390       0x20 /usr/lib/gcc/arm-none-eabi/14.2.1/../../../arm-none-eabi/lib/thumb/v7e-m/nofp/libm.a(libm_a-sf_floor.o)
 .debug_aranges
                0x000003b0       0x20 /usr/lib/gcc/arm-none-eabi/14.2.1/thumb/v7e-m/nofp/libgcc.a(_arm_mulsf3.o)
 .debug_aranges
                0x000003d0       0x20 /usr/lib/gcc/arm-none-eabi/14.2.1/thumb/v7e-m/nofp/libgcc.a(_arm_addsubsf3.o)
 .debug_aranges
                0x000003f0       0x20 /usr/lib/gcc/arm-none-eabi/14.2.1/thumb/v7e-m/nofp/libgcc.a(_arm_cmpsf2.o)
 .debug_aranges
                0x00000410       0x20 /usr/lib/gcc/arm-none-eabi/14.2.1/thumb/v7e-m/nofp/libgcc.a(_arm_fixsfsi.o)
 .debug_aranges
                0x00000430       0x20 /usr/lib/gcc/arm-none-eabi/14.2.1/thumb/v7e-m/nofp/libgcc.a(_arm_addsubdf3.o)
 .debug_aranges
                0x00000450       0x20 /usr/lib/gcc/arm-none-eabi/14.2.1/thumb/v7e-m/nofp/libgcc.a(_arm_muldivdf3.o)
 .debug_aranges
                0x00000470       0x20 /usr/lib/gcc/arm-none-eabi/14.2.1/thumb/v7e-m/nofp/libgcc.a(_arm_truncdfsf2.o)
 .debug_aranges
                0x00000490       0x20 /usr/lib/gcc/arm-none-eabi/14.2.1/thumb/v7e-m/nofp/libgcc.a(_arm_fixunssfsi.o)
 .debug_aranges
                0x000004b0       0x20 /usr/lib/gcc/arm-none-eabi/14.2.1/../../../arm-none-eabi/lib/thumb/v7e-m/nofp/libg.a(libc_a-memset.o)
 .debug_aranges
                0x000004d0       0x20 /usr/lib/gcc/arm-none-eabi/14.2.1/../../../arm-none-eabi/lib/thumb/v7e-m/nofp/libg.a(libc_a-memcpy.o)

.debug_str      0x00000000     0x5d6c
 .debug_str     0x00000000     0x5d6c ./build/obj/crt0_v7m.o
                                 0x8f (size before relaxing)
 .debug_str     0x00005d6c       0x8e ./build/obj/vectors.o
 .debug_str     0x00005d6c       0x8f ./build/obj/chcoreasm.o
 .debug_str     0x00005d6c      0x215 /tmp/ccfCTzLg.ltrans0.ltrans.o
 .debug_str     0x00005d6c      0x611 /tmp/cctgJb1m.debug.temp.o
 .debug_str     0x00005d6c      0x214 /tmp/ccKM15En.debug.temp.o
 .debug_str     0x00005d6c      0x2eb /tmp/ccUzXwOW.debug.temp.o
 .debug_str     0x00005d6c      0x492 /tmp/cczHd9Ts.debug.temp.o
 .debug_str     0x00005d6c      0xb10 /tmp/ccfLDpS1.debug.temp.o
 .debug_str     0x00005d6c      0x435 /tmp/cc5fTsI1.debug.temp.o
 .debug_str     0x00005d6c      0x987 /tmp/ccToLbKN.debug.temp.o
 .debug_str     0x00005d6c      0xb23 /tmp/ccSiqwu5.debug.temp.o
 .debug_str     0x00005d6c      0x3f5 /tmp/cci7ok9d.debug.temp.o
 .debug_str     0x00005d6c      0xe3f /tmp/ccDKl3QH.debug.temp.o
 .debug_str     0x00005d6c      0x71d /tmp/ccDrAwkg.debug.temp.o
 .debug_str     0x00005d6c      0x50b /tmp/ccW3CS1h.debug.temp.o
 .debug_str     0x00005d6c      0xb63 /tmp/ccgho92u.debug.temp.o
 .debug_str     0x00005d6c      0x554 /tmp/ccpdr8XL.debug.temp.o
 .debug_str     0x00005d6c      0x2a5 /tmp/ccf5AAmJ.debug.temp.o
 .debug_str     0x00005d6c      0xe93 /tmp/cc5CUG4h.debug.temp.o
 .debug_str     0x00005d6c      0x466 /tmp/ccWHO1qh.debug.temp.o
 .debug_str     0x00005d6c      0x5f6 /tmp/ccR0NJFQ.debug.temp.o
 .debug_str     0x00005d6c      0xa3f /tmp/cczoucj7.debug.temp.o
 .debug_str     0x00005d6c      0x581 /tmp/cc7Ba1Wt.debug.temp.o
 .debug_str     0x00005d6c      0xa57 /tmp/cc3K4Bgl.debug.temp.o
 .debug_str     0x00005d6c      0x5af /tmp/ccJYts3j.debug.temp.o
 .debug_str     0x00005d6c      0x8b0 /tmp/ccBWrpen.debug.temp.o
 .debug_str     0x00005d6c      0x7fb /tmp/ccqPwYnf.debug.temp.o
 .debug_str     0x00005d6c      0x7b6 /tmp/ccmecOdy.debug.temp.o
 .debug_str     0x00005d6c      0xa10 /tmp/ccHGzHDt.debug.temp.o
 .debug_str     0x00005d6c      0x7bf /tmp/ccAiTSxz.debug.temp.o
 .debug_str     0x00005d6c      0x70b /tmp/cc5jXAyF.debug.temp.o
 .debug_str     0x00005d6c      0x849 /tmp/ccAuDW8U.debug.temp.o
 .debug_str     0x00005d6c      0x2fe /tmp/cc0YoZp6.debug.temp.o
 .debug_str     0x00005d6c      0x762 /tmp/cce4AMqv.debug.temp.o
 .debug_str     0x00005d6c      0x477 /tmp/cc1MM7Nq.debug.temp.o
 .debug_str     0x00005d6c      0xc75 /tmp/ccyTg92t.debug.temp.o
 .debug_str     0x00005d6c     0x1246 /tmp/ccbm1FZu.debug.temp.o
 .debug_str     0x00005d6c      0x358 /tmp/ccmBmUR4.debug.temp.o
 .debug_str     0x00005d6c      0xd80 /tmp/ccaRO7CS.debug.temp.o
 .debug_str     0x00005d6c      0x20c /usr/lib/gcc/arm-none-eabi/14.2.1/../../../arm-none-eabi/lib/thumb/v7e-m/nofp/libm.a(libm_a-sf_sin.o)
 .debug_str     0x00005d6c      0x211 /usr/lib/gcc/arm-none-eabi/14.2.1/../../../arm-none-eabi/lib/thumb/v7e-m/nofp/libm.a(libm_a-kf_sin.o)
 .debug_str     0x00005d6c      0x2ae /usr/lib/gcc/arm-none-eabi/14.2.1/../../../arm-none-eabi/lib/thumb/v7e-m/nofp/libm.a(libm_a-ef_rem_pio2.o)
 .debug_str     0x00005d6c      0x1cc /usr/lib/gcc/arm-none-eabi/14.2.1/../../../arm-none-eabi/lib/thumb/v7e-m/nofp/libm.a(libm_a-sf_fabs.o)
 .debug_str     0x00005d6c      0x256 /usr/lib/gcc/arm-none-eabi/14.2.1/../../../arm-none-eabi/lib/thumb/v7e-m/nofp/libm.a(libm_a-kf_rem_pio2.o)
 .debug_str     0x00005d6c      0x224 /usr/lib/gcc/arm-none-eabi/14.2.1/../../../arm-none-eabi/lib/thumb/v7e-m/nofp/libm.a(libm_a-sf_scalbn.o)
 .debug_str     0x00005d6c      0x211 /usr/lib/gcc/arm-none-eabi/14.2.1/../../../arm-none-eabi/lib/thumb/v7e-m/nofp/libm.a(libm_a-kf_cos.o)
 .debug_str     0x00005d6c      0x200 /usr/lib/gcc/arm-none-eabi/14.2.1/../../../arm-none-eabi/lib/thumb/v7e-m/nofp/libm.a(libm_a-sf_floor.o)
 .debug_str     0x00005d6c       0xb7 /usr/lib/gcc/arm-none-eabi/14.2.1/thumb/v7e-m/nofp/libgcc.a(_arm_mulsf3.o)
 .debug_str     0x00005d6c      0x141 /usr/lib/gcc/arm-none-eabi/14.2.1/thumb/v7e-m/nofp/libgcc.a(_arm_addsubsf3.o)
 .debug_str     0x00005d6c      0x156 /usr/lib/gcc/arm-none-eabi/14.2.1/thumb/v7e-m/nofp/libgcc.a(_arm_cmpsf2.o)
 .debug_str     0x00005d6c       0xb8 /usr/lib/gcc/arm-none-eabi/14.2.1/thumb/v7e-m/nofp/libgcc.a(_arm_fixsfsi.o)
 .debug_str     0x00005d6c      0x14d /usr/lib/gcc/arm-none-eabi/14.2.1/thumb/v7e-m/nofp/libgcc.a(_arm_addsubdf3.o)
 .debug_str     0x00005d6c       0xcd /usr/lib/gcc/arm-none-eabi/14.2.1/thumb/v7e-m/nofp/libgcc.a(_arm_muldivdf3.o)
 .debug_str     0x00005d6c       0xba /usr/lib/gcc/arm-none-eabi/14.2.1/thumb/v7e-m/nofp/libgcc.a(_arm_truncdfsf2.o)
 .debug_str     0x00005d6c       0xbc /usr/lib/gcc/arm-none-eabi/14.2.1/thumb/v7e-m/nofp/libgcc.a(_arm_fixunssfsi.o)
 .debug_str     0x00005d6c      0x1a6 /usr/lib/gcc/arm-none-eabi/14.2.1/../../../arm-none-eabi/lib/thumb/v7e-m/nofp/libg.a(libc_a-memset.o)
 .debug_str     0x00005d6c       0xab /usr/lib/gcc/arm-none-eabi/14.2.1/../../../arm-none-eabi/lib/thumb/v7e-m/nofp/libg.a(libc_a-memcpy.o)

.debug_loclists
                0x00000000     0x69a5
 .debug_loclists
                0x00000000     0x52d0 /tmp/ccfCTzLg.ltrans0.ltrans.o
 .debug_loclists
                0x000052d0       0x85 /usr/lib/gcc/arm-none-eabi/14.2.1/../../../arm-none-eabi/lib/thumb/v7e-m/nofp/libm.a(libm_a-sf_sin.o)
 .debug_loclists
                0x00005355       0xe9 /usr/lib/gcc/arm-none-eabi/14.2.1/../../../arm-none-eabi/lib/thumb/v7e-m/nofp/libm.a(libm_a-kf_sin.o)
 .debug_loclists
                0x0000543e      0x560 /usr/lib/gcc/arm-none-eabi/14.2.1/../../../arm-none-eabi/lib/thumb/v7e-m/nofp/libm.a(libm_a-ef_rem_pio2.o)
 .debug_loclists
                0x0000599e       0x57 /usr/lib/gcc/arm-none-eabi/14.2.1/../../../arm-none-eabi/lib/thumb/v7e-m/nofp/libm.a(libm_a-sf_fabs.o)
 .debug_loclists
                0x000059f5      0x9cd /usr/lib/gcc/arm-none-eabi/14.2.1/../../../arm-none-eabi/lib/thumb/v7e-m/nofp/libm.a(libm_a-kf_rem_pio2.o)
 .debug_loclists
                0x000063c2      0x213 /usr/lib/gcc/arm-none-eabi/14.2.1/../../../arm-none-eabi/lib/thumb/v7e-m/nofp/libm.a(libm_a-sf_scalbn.o)
 .debug_loclists
                0x000065d5      0x14d /usr/lib/gcc/arm-none-eabi/14.2.1/../../../arm-none-eabi/lib/thumb/v7e-m/nofp/libm.a(libm_a-kf_cos.o)
 .debug_loclists
                0x00006722       0xc1 /usr/lib/gcc/arm-none-eabi/14.2.1/../../../arm-none-eabi/lib/thumb/v7e-m/nofp/libm.a(libm_a-sf_floor.o)
 .debug_loclists
                0x000067e3      0x1c2 /usr/lib/gcc/arm-none-eabi/14.2.1/../../../arm-none-eabi/lib/thumb/v7e-m/nofp/libg.a(libc_a-memset.o)

.debug_rnglists
                0x00000000     0x173e
 .debug_rnglists
                0x00000000     0x1692 /tmp/ccfCTzLg.ltrans0.ltrans.o
 .debug_rnglists
                0x00001692       0x13 /usr/lib/gcc/arm-none-eabi/14.2.1/../../../arm-none-eabi/lib/thumb/v7e-m/nofp/libm.a(libm_a-sf_sin.o)
 .debug_rnglists
                0x000016a5       0x13 /usr/lib/gcc/arm-none-eabi/14.2.1/../../../arm-none-eabi/lib/thumb/v7e-m/nofp/libm.a(libm_a-kf_sin.o)
 .debug_rnglists
                0x000016b8       0x29 /usr/lib/gcc/arm-none-eabi/14.2.1/../../../arm-none-eabi/lib/thumb/v7e-m/nofp/libm.a(libm_a-ef_rem_pio2.o)
 .debug_rnglists
                0x000016e1       0x13 /usr/lib/gcc/arm-none-eabi/14.2.1/../../../arm-none-eabi/lib/thumb/v7e-m/nofp/libm.a(libm_a-sf_fabs.o)
 .debug_rnglists
                0x000016f4       0x21 /usr/lib/gcc/arm-none-eabi/14.2.1/../../../arm-none-eabi/lib/thumb/v7e-m/nofp/libm.a(libm_a-sf_scalbn.o)
 .debug_rnglists
                0x00001715       0x13 /usr/lib/gcc/arm-none-eabi/14.2.1/../../../arm-none-eabi/lib/thumb/v7e-m/nofp/libm.a(libm_a-kf_cos.o)
 .debug_rnglists
                0x00001728       0x16 /usr/lib/gcc/arm-none-eabi/14.2.1/../../../arm-none-eabi/lib/thumb/v7e-m/nofp/libm.a(libm_a-sf_floor.o)

.debug_frame    0x00000000      0xc00
 .debug_frame   0x00000000      0x764 /tmp/ccfCTzLg.ltrans0.ltrans.o
 .debug_frame   0x00000764       0x38 /usr/lib/gcc/arm-none-eabi/14.2.1/../../../arm-none-eabi/lib/thumb/v7e-m/nofp/libm.a(libm_a-sf_sin.o)
 .debug_frame   0x0000079c       0x34 /usr/lib/gcc/arm-none-eabi/14.2.1/../../../arm-none-eabi/lib/thumb/v7e-m/nofp/libm.a(libm_a-kf_sin.o)
 .debug_frame   0x000007d0       0x40 /usr/lib/gcc/arm-none-eabi/14.2.1/../../../arm-none-eabi/lib/thumb/v7e-m/nofp/libm.a(libm_a-ef_rem_pio2.o)
 .debug_frame   0x00000810       0x20 /usr/lib/gcc/arm-none-eabi/14.2.1/../../../arm-none-eabi/lib/thumb/v7e-m/nofp/libm.a(libm_a-sf_fabs.o)
 .debug_frame   0x00000830       0x50 /usr/lib/gcc/arm-none-eabi/14.2.1/../../../arm-none-eabi/lib/thumb/v7e-m/nofp/libm.a(libm_a-kf_rem_pio2.o)
 .debug_frame   0x00000880       0x28 /usr/lib/gcc/arm-none-eabi/14.2.1/../../../arm-none-eabi/lib/thumb/v7e-m/nofp/libm.a(libm_a-sf_scalbn.o)
 .debug_frame   0x000008a8       0x34 /usr/lib/gcc/arm-none-eabi/14.2.1/../../../arm-none-eabi/lib/thumb/v7e-m/nofp/libm.a(libm_a-kf_cos.o)
 .debug_frame   0x000008dc       0x30 /usr/lib/gcc/arm-none-eabi/14.2.1/../../../arm-none-eabi/lib/thumb/v7e-m/nofp/libm.a(libm_a-sf_floor.o)
 .debug_frame   0x0000090c       0x24 /usr/lib/gcc/arm-none-eabi/14.2.1/thumb/v7e-m/nofp/libgcc.a(_arm_mulsf3.o)
 .debug_frame   0x00000930       0x4c /usr/lib/gcc/arm-none-eabi/14.2.1/thumb/v7e-m/nofp/libgcc.a(_arm_addsubsf3.o)
 .debug_frame   0x0000097c       0xc8 /usr/lib/gcc/arm-none-eabi/14.2.1/thumb/v7e-m/nofp/libgcc.a(_arm_cmpsf2.o)
 .debug_frame   0x00000a44       0x24 /usr/lib/gcc/arm-none-eabi/14.2.1/thumb/v7e-m/nofp/libgcc.a(_arm_fixsfsi.o)
 .debug_frame   0x00000a68       0xac /usr/lib/gcc/arm-none-eabi/14.2.1/thumb/v7e-m/nofp/libgcc.a(_arm_addsubdf3.o)
 .debug_frame   0x00000b14       0x50 /usr/lib/gcc/arm-none-eabi/14.2.1/thumb/v7e-m/nofp/libgcc.a(_arm_muldivdf3.o)
 .debug_frame   0x00000b64       0x24 /usr/lib/gcc/arm-none-eabi/14.2.1/thumb/v7e-m/nofp/libgcc.a(_arm_truncdfsf2.o)
 .debug_frame   0x00000b88       0x24 /usr/lib/gcc/arm-none-eabi/14.2.1/thumb/v7e-m/nofp/libgcc.a(_arm_fixunssfsi.o)
 .debug_frame   0x00000bac       0x2c /usr/lib/gcc/arm-none-eabi/14.2.1/../../../arm-none-eabi/lib/thumb/v7e-m/nofp/libg.a(libc_a-memset.o)
 .debug_frame   0x00000bd8       0x28 /usr/lib/gcc/arm-none-eabi/14.2.1/../../../arm-none-eabi/lib/thumb/v7e-m/nofp/libg.a(libc_a-memcpy.o)

Cross Reference Table

Symbol                                            File
BusFault_Handler                                  ./build/obj/vectors.o
DACD1                                             ./build/obj/hal_dac_lld.o (symbol from plugin)
                                                  ./build/obj/dac_ex.o (symbol from plugin)
DACD2                                             ./build/obj/hal_dac_lld.o (symbol from plugin)
                                                  ./build/obj/dac_ex.o (symbol from plugin)
DebugMon_Handler                                  ./build/obj/vectors.o
GPTD6                                             ./build/obj/hal_gpt_lld.o (symbol from plugin)
                                                  ./build/obj/stm32_isr.o (symbol from plugin)
HardFault_Handler                                 ./build/obj/vectors.o
MemManage_Handler                                 ./build/obj/vectors.o
NMI_Handler                                       ./build/obj/vectors.o
PendSV_Handler                                    ./build/obj/vectors.o
Reset_Handler                                     ./build/obj/vectors.o
SD3                                               ./build/obj/hal_serial_lld.o (symbol from plugin)
                                                  ./build/obj/stm32_isr.o (symbol from plugin)
SD5                                               ./build/obj/hal_serial_lld.o (symbol from plugin)
                                                  ./build/obj/dac_ex.o (symbol from plugin)
                                                  ./build/obj/stm32_isr.o (symbol from plugin)
SPID1                                             ./build/obj/hal_spi_v2_lld.o (symbol from plugin)
SPID6                                             ./build/obj/hal_spi_v2_lld.o (symbol from plugin)
SVC_Handler                                       /tmp/ccfCTzLg.ltrans0.ltrans.o
                                                  ./build/obj/chcore.o (symbol from plugin)
                                                  ./build/obj/vectors.o
SecureFault_Handler                               ./build/obj/vectors.o
SysTick_Handler                                   ./build/obj/vectors.o
SystemCoreClock                                   ./build/obj/hal_lld.o (symbol from plugin)
UsageFault_Handler                                ./build/obj/vectors.o
Vector100                                         ./build/obj/vectors.o
Vector104                                         ./build/obj/vectors.o
Vector108                                         ./build/obj/vectors.o
Vector10C                                         ./build/obj/vectors.o
Vector110                                         ./build/obj/vectors.o
Vector114                                         /tmp/ccfCTzLg.ltrans0.ltrans.o
                                                  ./build/obj/stm32_isr.o (symbol from plugin)
                                                  ./build/obj/vectors.o
Vector118                                         /tmp/ccfCTzLg.ltrans0.ltrans.o
                                                  ./build/obj/stm32_isr.o (symbol from plugin)