Archive member included to satisfy reference by file (symbol)

/usr/lib/gcc/arm-none-eabi/14.2.1/../../../arm-none-eabi/lib/thumb/v7e-m/nofp/libm.a(libm_a-sf_sin.o)
                              ./build/obj/dac_ex.o (symbol from plugin) (sinf)
/usr/lib/gcc/arm-none-eabi/14.2.1/../../../arm-none-eabi/lib/thumb/v7e-m/nofp/libm.a(libm_a-kf_sin.o)
                              /usr/lib/gcc/arm-none-eabi/14.2.1/../../../arm-none-eabi/lib/thumb/v7e-m/nofp/libm.a(libm_a-sf_sin.o) (__kernel_sinf)
/usr/lib/gcc/arm-none-eabi/14.2.1/../../../arm-none-eabi/lib/thumb/v7e-m/nofp/libm.a(libm_a-ef_rem_pio2.o)
                              /usr/lib/gcc/arm-none-eabi/14.2.1/../../../arm-none-eabi/lib/thumb/v7e-m/nofp/libm.a(libm_a-sf_sin.o) (__ieee754_rem_pio2f)
/usr/lib/gcc/arm-none-eabi/14.2.1/../../../arm-none-eabi/lib/thumb/v7e-m/nofp/libm.a(libm_a-sf_fabs.o)
                              /usr/lib/gcc/arm-none-eabi/14.2.1/../../../arm-none-eabi/lib/thumb/v7e-m/nofp/libm.a(libm_a-ef_rem_pio2.o) (fabsf)
/usr/lib/gcc/arm-none-eabi/14.2.1/../../../arm-none-eabi/lib/thumb/v7e-m/nofp/libm.a(libm_a-kf_rem_pio2.o)
                              /usr/lib/gcc/arm-none-eabi/14.2.1/../../../arm-none-eabi/lib/thumb/v7e-m/nofp/libm.a(libm_a-ef_rem_pio2.o) (__kernel_rem_pio2f)
/usr/lib/gcc/arm-none-eabi/14.2.1/../../../arm-none-eabi/lib/thumb/v7e-m/nofp/libm.a(libm_a-sf_scalbn.o)
                              /usr/lib/gcc/arm-none-eabi/14.2.1/../../../arm-none-eabi/lib/thumb/v7e-m/nofp/libm.a(libm_a-kf_rem_pio2.o) (scalbnf)
/usr/lib/gcc/arm-none-eabi/14.2.1/../../../arm-none-eabi/lib/thumb/v7e-m/nofp/libm.a(libm_a-kf_cos.o)
                              /usr/lib/gcc/arm-none-eabi/14.2.1/../../../arm-none-eabi/lib/thumb/v7e-m/nofp/libm.a(libm_a-sf_sin.o) (__kernel_cosf)
/usr/lib/gcc/arm-none-eabi/14.2.1/../../../arm-none-eabi/lib/thumb/v7e-m/nofp/libm.a(libm_a-sf_floor.o)
                              /usr/lib/gcc/arm-none-eabi/14.2.1/../../../arm-none-eabi/lib/thumb/v7e-m/nofp/libm.a(libm_a-kf_rem_pio2.o) (floorf)
/usr/lib/gcc/arm-none-eabi/14.2.1/thumb/v7e-m/nofp/libgcc.a(_arm_mulsf3.o)
                              /usr/lib/gcc/arm-none-eabi/14.2.1/../../../arm-none-eabi/lib/thumb/v7e-m/nofp/libm.a(libm_a-kf_sin.o) (__aeabi_fmul)
/usr/lib/gcc/arm-none-eabi/14.2.1/thumb/v7e-m/nofp/libgcc.a(_arm_addsubsf3.o)
                              /usr/lib/gcc/arm-none-eabi/14.2.1/../../../arm-none-eabi/lib/thumb/v7e-m/nofp/libm.a(libm_a-sf_sin.o) (__aeabi_fsub)
/usr/lib/gcc/arm-none-eabi/14.2.1/thumb/v7e-m/nofp/libgcc.a(_arm_cmpsf2.o)
                              /usr/lib/gcc/arm-none-eabi/14.2.1/../../../arm-none-eabi/lib/thumb/v7e-m/nofp/libm.a(libm_a-ef_rem_pio2.o) (__aeabi_fcmpeq)
/usr/lib/gcc/arm-none-eabi/14.2.1/thumb/v7e-m/nofp/libgcc.a(_arm_fixsfsi.o)
                              /usr/lib/gcc/arm-none-eabi/14.2.1/../../../arm-none-eabi/lib/thumb/v7e-m/nofp/libm.a(libm_a-kf_sin.o) (__aeabi_f2iz)
/usr/lib/gcc/arm-none-eabi/14.2.1/../../../arm-none-eabi/lib/thumb/v7e-m/nofp/libg.a(libc_a-ctype_.o)
                              ./build/obj/chscanf.o (symbol from plugin) (_ctype_)
/usr/lib/gcc/arm-none-eabi/14.2.1/thumb/v7e-m/nofp/libgcc.a(_arm_muldf3.o)
                              /tmp/cccADbZ4.ltrans0.ltrans.o (__aeabi_dmul)
/usr/lib/gcc/arm-none-eabi/14.2.1/thumb/v7e-m/nofp/libgcc.a(_arm_addsubdf3.o)
                              /tmp/cccADbZ4.ltrans0.ltrans.o (__aeabi_i2d)
/usr/lib/gcc/arm-none-eabi/14.2.1/thumb/v7e-m/nofp/libgcc.a(_arm_muldivdf3.o)
                              /tmp/cccADbZ4.ltrans0.ltrans.o (__aeabi_ddiv)
/usr/lib/gcc/arm-none-eabi/14.2.1/thumb/v7e-m/nofp/libgcc.a(_arm_truncdfsf2.o)
                              /tmp/cccADbZ4.ltrans0.ltrans.o (__aeabi_d2f)
/usr/lib/gcc/arm-none-eabi/14.2.1/../../../arm-none-eabi/lib/thumb/v7e-m/nofp/libg.a(libc_a-memset.o)
                              /tmp/cccADbZ4.ltrans0.ltrans.o (memset)
/usr/lib/gcc/arm-none-eabi/14.2.1/../../../arm-none-eabi/lib/thumb/v7e-m/nofp/libg.a(libc_a-memcpy.o)
                              /tmp/cccADbZ4.ltrans0.ltrans.o (memcpy)

Discarded input sections

 .data          0x00000000        0x0 ./build/obj/crt0_v7m.o
 .bss           0x00000000        0x0 ./build/obj/crt0_v7m.o
 .data          0x00000000        0x0 ./build/obj/vectors.o
 .bss           0x00000000        0x0 ./build/obj/vectors.o
 .data          0x00000000        0x0 ./build/obj/chcoreasm.o
 .bss           0x00000000        0x0 ./build/obj/chcoreasm.o
 .text          0x00000000        0x0 /tmp/cccADbZ4.ltrans0.ltrans.o
 .data          0x00000000        0x0 /tmp/cccADbZ4.ltrans0.ltrans.o
 .bss           0x00000000        0x0 /tmp/cccADbZ4.ltrans0.ltrans.o
 .comment       0x00000000       0x27 /tmp/ccDMXaXV.debug.temp.o
 .debug_info    0x00000000      0x12e /tmp/ccr4SlFT.debug.temp.o
 .debug_abbrev  0x00000000       0xe1 /tmp/ccr4SlFT.debug.temp.o
 .debug_line    0x00000000       0x43 /tmp/ccr4SlFT.debug.temp.o
 .debug_str     0x00000000      0x226 /tmp/ccr4SlFT.debug.temp.o
[...]
Memory Configuration

Name             Origin             Length             Attributes
flash0           0x08000000         0x00200000         xr
flash1           0x08000000         0x00100000         xr
flash2           0x08100000         0x00100000         xr
flash3           0x00000000         0x00000000         xr
flash4           0x00000000         0x00000000         xr
flash5           0x00000000         0x00000000         xr
flash6           0x00000000         0x00000000         xr
flash7           0x00000000         0x00000000         xr
ram0             0x24000000         0x00080000         xw
ram1             0x30000000         0x00040000         xw
ram2             0x30000000         0x00048000         xw
ram3             0x30040000         0x00008000         xw
ram4             0x38000000         0x00010000         xw
ram5             0x20000000         0x00020000         xw
ram6             0x00000000         0x00010000         xw
ram7             0x38800000         0x00001000         xw
*default*        0x00000000         0xffffffff

Linker script and memory map

LOAD ./build/obj/crt0_v7m.o
LOAD ./build/obj/vectors.o
LOAD ./build/obj/chcoreasm.o
LOAD ./build/obj/crt1.o
LOAD /tmp/cccADbZ4.ltrans0.ltrans.o
LOAD /tmp/ccDMXaXV.debug.temp.o
LOAD /tmp/ccr4SlFT.debug.temp.o
LOAD /tmp/ccNZmhOD.debug.temp.o
LOAD /tmp/cc4FfkTE.debug.temp.o
LOAD /tmp/cc06gb39.debug.temp.o
LOAD /tmp/ccCAc702.debug.temp.o
LOAD /tmp/ccGS4NiY.debug.temp.o
LOAD /tmp/cc9teQ6i.debug.temp.o
LOAD /tmp/ccD8Rj1w.debug.temp.o
LOAD /tmp/ccdgNFOu.debug.temp.o
LOAD /tmp/cciBJL92.debug.temp.o
LOAD /tmp/ccQh8YtS.debug.temp.o
LOAD /tmp/ccqZorls.debug.temp.o
LOAD /tmp/ccK4n9hJ.debug.temp.o
LOAD /tmp/ccxcGVav.debug.temp.o
LOAD /tmp/ccSWnuJE.debug.temp.o
LOAD /tmp/ccJZrx8d.debug.temp.o
LOAD /tmp/ccdqnFQy.debug.temp.o
LOAD /tmp/ccaCknil.debug.temp.o
LOAD /tmp/ccinJIDE.debug.temp.o
LOAD /tmp/ccEEPYSb.debug.temp.o
LOAD /tmp/ccVB9f1p.debug.temp.o
LOAD /tmp/ccvX0ole.debug.temp.o
LOAD /tmp/ccaTAUqY.debug.temp.o
LOAD /tmp/cctOuJUJ.debug.temp.o
LOAD /tmp/ccfmGbEQ.debug.temp.o
LOAD /tmp/cc3xyUk0.debug.temp.o
LOAD /tmp/ccd2ow8g.debug.temp.o
LOAD /tmp/cch0YT9l.debug.temp.o
LOAD /tmp/cc8feFNn.debug.temp.o
LOAD /tmp/ccUCOdUs.debug.temp.o
LOAD /tmp/ccGIBEZ3.debug.temp.o
LOAD /tmp/ccrRC6Il.debug.temp.o
LOAD /tmp/ccBrpfXf.debug.temp.o
LOAD /tmp/cc544Dp3.debug.temp.o
LOAD /tmp/ccj2XdBW.debug.temp.o
LOAD /tmp/cczYxHXI.debug.temp.o
LOAD /tmp/cc9q4hLe.debug.temp.o
LOAD /tmp/ccUNYCFo.debug.temp.o
LOAD /tmp/ccJn0Co8.debug.temp.o
LOAD /tmp/cc2uqT3k.debug.temp.o
LOAD /tmp/ccOUHmpv.debug.temp.o
LOAD /tmp/ccASXX3A.debug.temp.o
LOAD /tmp/cc9Imf85.debug.temp.o
LOAD /tmp/ccZg2wJO.debug.temp.o
LOAD /tmp/ccwtJewq.debug.temp.o
LOAD /tmp/ccTJtiox.debug.temp.o
LOAD /tmp/ccHLGzbb.debug.temp.o
LOAD /tmp/ccyLmnXv.debug.temp.o
LOAD /tmp/ccgjMuZs.debug.temp.o
LOAD /tmp/ccAYT6MD.debug.temp.o
LOAD /tmp/ccdazqwI.debug.temp.o
LOAD /tmp/ccFnviOV.debug.temp.o
LOAD /tmp/ccgZbrBZ.debug.temp.o
LOAD /tmp/cckoU8AR.debug.temp.o
LOAD /tmp/cceOP696.debug.temp.o
LOAD /tmp/ccHsOniS.debug.temp.o
LOAD /tmp/ccjWOFKV.debug.temp.o
LOAD /tmp/ccJV33I5.debug.temp.o
LOAD /tmp/ccavFkAI.debug.temp.o
LOAD /tmp/cccCDQlJ.debug.temp.o
LOAD /tmp/ccbkRKwz.debug.temp.o
LOAD /tmp/ccxHPIf4.debug.temp.o
LOAD /tmp/ccbAvzjf.debug.temp.o
LOAD /tmp/ccI9hlZF.debug.temp.o
LOAD /tmp/ccnXgpSt.debug.temp.o
LOAD /tmp/cctLppKj.debug.temp.o
LOAD /tmp/cct8WJ5X.debug.temp.o
LOAD /tmp/cci7eqNF.debug.temp.o
LOAD /tmp/ccw3u1zf.debug.temp.o
LOAD /tmp/ccEeCLvB.debug.temp.o
LOAD /tmp/ccdKy2UW.debug.temp.o
LOAD /tmp/ccz10AeA.debug.temp.o
LOAD /tmp/ccjHauI3.debug.temp.o
LOAD /tmp/ccbFRkUj.debug.temp.o
LOAD /tmp/ccDMGgLC.debug.temp.o
LOAD /tmp/ccL9YAPk.debug.temp.o
LOAD /tmp/ccvpQo2p.debug.temp.o
LOAD /tmp/ccollXZf.debug.temp.o
LOAD /tmp/ccRMfvt2.debug.temp.o
LOAD /tmp/ccccfKXi.debug.temp.o
LOAD /tmp/ccu0Fm34.debug.temp.o
LOAD /tmp/ccF3l1QR.debug.temp.o
LOAD /tmp/cc0AD03b.debug.temp.o
LOAD /tmp/ccZwt1MX.debug.temp.o
LOAD /tmp/cc9knz7b.debug.temp.o
LOAD ./build/obj/oop_base_object.o
LOAD ./build/obj/hal.o
LOAD ./build/obj/hal_st.o
LOAD ./build/obj/hal_buffered_serial.o
LOAD ./build/obj/hal_buffers.o
LOAD ./build/obj/hal_queues.o
LOAD ./build/obj/hal_mmcsd.o
LOAD ./build/obj/hal_dac.o
LOAD ./build/obj/hal_gpt.o
LOAD ./build/obj/hal_pal.o
LOAD ./build/obj/hal_serial.o
LOAD ./build/obj/hal_spi.o
LOAD ./build/obj/hal_flash.o
LOAD ./build/obj/nvic.o
LOAD ./build/obj/stm32_isr.o
LOAD ./build/obj/hal_lld.o
LOAD ./build/obj/stm32_bdma.o
LOAD ./build/obj/hal_dac_lld.o
LOAD ./build/obj/stm32_dma.o
LOAD ./build/obj/stm32_exti.o
LOAD ./build/obj/hal_pal_lld.o
LOAD ./build/obj/stm32_mdma.o
LOAD ./build/obj/hal_spi_v2_lld.o
LOAD ./build/obj/hal_st_lld.o
LOAD ./build/obj/hal_gpt_lld.o
LOAD ./build/obj/hal_serial_lld.o
LOAD ./build/obj/board.o
LOAD ./build/obj/osal.o
LOAD ./build/obj/chsys.o
LOAD ./build/obj/chrfcu.o
LOAD ./build/obj/chdebug.o
LOAD ./build/obj/chtrace.o
LOAD ./build/obj/chvt.o
LOAD ./build/obj/chschd.o
LOAD ./build/obj/chinstances.o
LOAD ./build/obj/chthreads.o
LOAD ./build/obj/chtm.o
LOAD ./build/obj/chregistry.o
LOAD ./build/obj/chsem.o
LOAD ./build/obj/chmtx.o
LOAD ./build/obj/chcond.o
LOAD ./build/obj/chevents.o
LOAD ./build/obj/chmsg.o
LOAD ./build/obj/chdynamic.o
LOAD ./build/obj/chmemchecks.o
LOAD ./build/obj/chmboxes.o
LOAD ./build/obj/chmemcore.o
LOAD ./build/obj/chmemheaps.o
LOAD ./build/obj/chmempools.o
LOAD ./build/obj/chpipes.o
LOAD ./build/obj/chobjcaches.o
LOAD ./build/obj/chdelegates.o
LOAD ./build/obj/chfactory.o
LOAD ./build/obj/chcore.o
LOAD ./build/obj/chprintf.o
LOAD ./build/obj/chscanf.o
LOAD ./build/obj/memstreams.o
LOAD ./build/obj/nullstreams.o
LOAD ./build/obj/bufstreams.o
LOAD ./build/obj/ch_test.o
LOAD ./build/obj/ch_test_printf.o
LOAD ./build/obj/rt_test_root.o
LOAD ./build/obj/rt_test_sequence_001.o
LOAD ./build/obj/rt_test_sequence_002.o
LOAD ./build/obj/rt_test_sequence_003.o
LOAD ./build/obj/rt_test_sequence_004.o
LOAD ./build/obj/rt_test_sequence_005.o
LOAD ./build/obj/rt_test_sequence_006.o
LOAD ./build/obj/rt_test_sequence_007.o
LOAD ./build/obj/rt_test_sequence_008.o
LOAD ./build/obj/rt_test_sequence_009.o
LOAD ./build/obj/rt_test_sequence_010.o
LOAD ./build/obj/rt_test_sequence_011.o
LOAD ./build/obj/rt_test_sequence_012.o
LOAD ./build/obj/oslib_test_root.o
LOAD ./build/obj/oslib_test_sequence_001.o
LOAD ./build/obj/oslib_test_sequence_002.o
LOAD ./build/obj/oslib_test_sequence_003.o
LOAD ./build/obj/oslib_test_sequence_004.o
LOAD ./build/obj/oslib_test_sequence_005.o
LOAD ./build/obj/oslib_test_sequence_006.o
LOAD ./build/obj/oslib_test_sequence_007.o
LOAD ./build/obj/oslib_test_sequence_008.o
LOAD ./build/obj/oslib_test_sequence_009.o
LOAD ./build/obj/dac_ex.o
LOAD /usr/lib/gcc/arm-none-eabi/14.2.1/../../../arm-none-eabi/lib/thumb/v7e-m/nofp/libm.a

.mstack         0x20000000      0x400
                0x20000000                        . = ALIGN (0x8)
                0x20000000                        __main_stack_base__ = .
                0x20000400                        . = (. + __main_stack_size__)
 *fill*         0x20000000      0x400 
                0x20000400                        . = ALIGN (0x8)
                0x20000400                        __main_stack_end__ = .

.pstack         0x20000400      0x400
                0x20000400                        . = ALIGN (0x8)
                0x20000400                        __process_stack_base__ = .
                0x20000400                        __main_thread_stack_base__ = .
                0x20000800                        . = (. + __process_stack_size__)
 *fill*         0x20000400      0x400 
                0x20000800                        . = ALIGN (0x8)
                0x20000800                        __process_stack_end__ = .
                0x20000800                        __main_thread_stack_end__ = .

.nocache        0x30040000        0x0
                0x30040000                        __nocache_base__ = .
 *(.nocache)
 *(.nocache.*)
 *(.bss.__nocache_*)
                0x30040000                        . = ALIGN (0x4)
                0x30040000                        __nocache_end__ = .

.eth            0x30040000        0x0
                0x30040000                        __eth_base__ = .
 *(.eth)
 *(.eth.*)
 *(.bss.__eth_*)
                0x30040000                        . = ALIGN (0x4)
                0x30040000                        __eth_end__ = .

.vectors        0x08000000      0x2e0
                0x08000000                        __textvectors_base__ = LOADADDR (.vectors)
                0x08000000                        __vectors_base__ = .
 *(.vectors)
 .vectors       0x08000000      0x2e0 ./build/obj/vectors.o
                0x08000000                _vectors
                0x080002e0                        __vectors_end__ = .

.xtors          0x080002e0        0x0
                0x080002e0                        __init_array_base__ = .
 *(SORT_BY_NAME(.init_array.*))
 *(.init_array)
                0x080002e0                        __init_array_end__ = .
                0x080002e0                        __fini_array_base__ = .
 *(.fini_array)
 *(SORT_BY_NAME(.fini_array.*))
                0x080002e0                        __fini_array_end__ = .

.text           0x080002e0     0x4a68
                0x080002e0                        __text_base__ = .
 *(.text)
 .text          0x080002e0       0xd8 ./build/obj/crt0_v7m.o
                0x080002e0                _crt0_entry
 .text          0x080003b8        0x8 ./build/obj/vectors.o
                0x080003b8                Reset_Handler
                0x080003ba                Vector58
                0x080003ba                VectorE8
                0x080003ba                Vector9C
                0x080003ba                Vector2C4
                0x080003ba                VectorAC
                0x080003ba                DebugMon_Handler
                0x080003ba                Vector2B0
                0x080003ba                Vector26C
                0x080003ba                Vector22C
                0x080003ba                Vector1A0
                0x080003ba                Vector2C0
                0x080003ba                Vector5C
                0x080003ba                Vector224
                0x080003ba                Vector11C
                0x080003ba                HardFault_Handler
                0x080003ba                Vector1B8
                0x080003ba                Vector1F0
                0x080003ba                Vector19C
                0x080003ba                Vector1EC
                0x080003ba                Vector8C
                0x080003ba                SysTick_Handler
                0x080003ba                Vector2D8
                0x080003ba                PendSV_Handler
                0x080003ba                Vector168
                0x080003ba                NMI_Handler
                0x080003ba                Vector270
                0x080003ba                Vector110
                0x080003ba                Vector274
                0x080003ba                Vector1D8
                0x080003ba                Vector1F4
                0x080003ba                VectorC8
                0x080003ba                Vector2CC
                0x080003ba                Vector94
                0x080003ba                VectorA8
                0x080003ba                Vector204
                0x080003ba                Vector2AC
                0x080003ba                VectorB4
                0x080003ba                Vector1FC
                0x080003ba                Vector160
                0x080003ba                Vector1B0
                0x080003ba                UsageFault_Handler
                0x080003ba                VectorEC
                0x080003ba                Vector234
                0x080003ba                Vector264
                0x080003ba                Vector40
                0x080003ba                VectorF8
                0x080003ba                Vector108
                0x080003ba                VectorBC
                0x080003ba                Vector190
                0x080003ba                Vector1E0
                0x080003ba                Vector1F8
                0x080003ba                Vector27C
                0x080003ba                Vector1C4
                0x080003ba                Vector1CC
                0x080003ba                Vector2A8
                0x080003ba                Vector1E4
                0x080003ba                Vector20C
                0x080003ba                Vector148
                0x080003ba                Vector188
                0x080003ba                Vector23C
                0x080003ba                Vector64
                0x080003ba                Vector54
                0x080003ba                Vector98
                0x080003ba                Vector2B8
                0x080003ba                Vector284
                0x080003ba                Vector218
                0x080003ba                VectorD8
                0x080003ba                Vector138
                0x080003ba                Vector24
                0x080003ba                Vector200
                0x080003ba                Vector1AC
                0x080003ba                Vector178
                0x080003ba                SecureFault_Handler
                0x080003ba                Vector1A4
                0x080003ba                VectorD0
                0x080003ba                Vector2A0
                0x080003ba                Vector1B4
                0x080003ba                Vector28C
                0x080003ba                Vector140
                0x080003ba                VectorE4
                0x080003ba                VectorC0
                0x080003ba                Vector1C0
                0x080003ba                Vector214
                0x080003ba                Vector2D0
                0x080003ba                Vector134
                0x080003ba                Vector1D0
                0x080003ba                Vector2DC
                0x080003ba                VectorF0
                0x080003ba                Vector210
                0x080003ba                Vector2BC
                0x080003ba                Vector13C
                0x080003ba                Vector280
                0x080003ba                Vector100
                0x080003ba                VectorE0
                0x080003ba                VectorF4
                0x080003ba                Vector2B4
                0x080003ba                Vector2C8
                0x080003ba                MemManage_Handler
                0x080003ba                Vector238
                0x080003ba                VectorA0
                0x080003ba                VectorC4
                0x080003ba                Vector180
                0x080003ba                Vector288
                0x080003ba                Vector208
                0x080003ba                Vector90
                0x080003ba                Vector294
                0x080003ba                Vector164
                0x080003ba                Vector60
                0x080003ba                Vector1BC
                0x080003ba                Vector1D4
                0x080003ba                Vector17C
                0x080003ba                Vector48
                0x080003ba                Vector240
                0x080003ba                Vector1A8
                0x080003ba                Vector16C
                0x080003ba                Vector228
                0x080003ba                VectorD4
                0x080003ba                Vector2D4
                0x080003ba                Vector278
                0x080003ba                Vector4C
                0x080003ba                Vector144
                0x080003ba                Vector15C
                0x080003ba                Vector68
                0x080003ba                Vector230
                0x080003ba                Vector290
                0x080003ba                Vector1E8
                0x080003ba                Vector170
                0x080003ba                Vector220
                0x080003ba                Vector298
                0x080003ba                Vector88
                0x080003ba                Vector29C
                0x080003ba                Vector104
                0x080003ba                Vector184
                0x080003ba                Vector10C
                0x080003ba                Vector21C
                0x080003ba                Vector268
                0x080003ba                Vector14C
                0x080003ba                BusFault_Handler
                0x080003ba                Vector50
                0x080003ba                Vector1C8
                0x080003ba                Vector194
                0x080003ba                Vector1DC
                0x080003ba                Vector44
                0x080003ba                Vector28
                0x080003ba                VectorB8
                0x080003ba                Vector2A4
                0x080003ba                Vector34
                0x080003ba                VectorA4
                0x080003ba                Vector20
                0x080003ba                Vector18C
                0x080003ba                Vector174
                0x080003be                _unhandled_exception
 .text          0x080003c0       0x2a ./build/obj/chcoreasm.o
                0x080003c0                __port_switch
                0x080003d0                __port_thread_start
                0x080003e2                __port_switch_from_isr
                0x080003e6                __port_exit_from_isr
 *fill*         0x080003ea        0x2 
 .text          0x080003ec       0x70 /usr/lib/gcc/arm-none-eabi/14.2.1/../../../arm-none-eabi/lib/thumb/v7e-m/nofp/libm.a(libm_a-sf_sin.o)
                0x080003ec                sinf
 .text          0x0800045c       0xec /usr/lib/gcc/arm-none-eabi/14.2.1/../../../arm-none-eabi/lib/thumb/v7e-m/nofp/libm.a(libm_a-kf_sin.o)
                0x0800045c                __kernel_sinf
 .text          0x08000548      0x2d4 /usr/lib/gcc/arm-none-eabi/14.2.1/../../../arm-none-eabi/lib/thumb/v7e-m/nofp/libm.a(libm_a-ef_rem_pio2.o)
                0x08000548                __ieee754_rem_pio2f
 .text          0x0800081c        0x8 /usr/lib/gcc/arm-none-eabi/14.2.1/../../../arm-none-eabi/lib/thumb/v7e-m/nofp/libm.a(libm_a-sf_fabs.o)
                0x0800081c                fabsf
 .text          0x08000824      0x728 /usr/lib/gcc/arm-none-eabi/14.2.1/../../../arm-none-eabi/lib/thumb/v7e-m/nofp/libm.a(libm_a-kf_rem_pio2.o)
                0x08000824                __kernel_rem_pio2f
 .text          0x08000f4c       0xb0 /usr/lib/gcc/arm-none-eabi/14.2.1/../../../arm-none-eabi/lib/thumb/v7e-m/nofp/libm.a(libm_a-sf_scalbn.o)
                0x08000f4c                scalbnf
 .text          0x08000ffc      0x188 /usr/lib/gcc/arm-none-eabi/14.2.1/../../../arm-none-eabi/lib/thumb/v7e-m/nofp/libm.a(libm_a-kf_cos.o)
                0x08000ffc                __kernel_cosf
 .text          0x08001184       0x88 /usr/lib/gcc/arm-none-eabi/14.2.1/../../../arm-none-eabi/lib/thumb/v7e-m/nofp/libm.a(libm_a-sf_floor.o)
                0x08001184                floorf
 .text          0x0800120c      0x168 /usr/lib/gcc/arm-none-eabi/14.2.1/thumb/v7e-m/nofp/libgcc.a(_arm_mulsf3.o)
                0x0800120c                __mulsf3
                0x0800120c                __aeabi_fmul
 .text          0x08001374      0x21c /usr/lib/gcc/arm-none-eabi/14.2.1/thumb/v7e-m/nofp/libgcc.a(_arm_addsubsf3.o)
                0x08001374                __aeabi_frsub
                0x0800137c                __subsf3
                0x0800137c                __aeabi_fsub
                0x08001380                __aeabi_fadd
                0x08001380                __addsf3
                0x080014e0                __aeabi_ui2f
                0x080014e0                __floatunsisf
                0x080014e8                __aeabi_i2f
                0x080014e8                __floatsisf
                0x08001504                __floatundisf
                0x08001504                __aeabi_ul2f
                0x08001514                __floatdisf
                0x08001514                __aeabi_l2f
 .text          0x08001590       0xec /usr/lib/gcc/arm-none-eabi/14.2.1/thumb/v7e-m/nofp/libgcc.a(_arm_cmpsf2.o)
                0x08001590                __gtsf2
                0x08001590                __gesf2
                0x08001598                __lesf2
                0x08001598                __ltsf2
                0x080015a0                __nesf2
                0x080015a0                __eqsf2
                0x080015a0                __cmpsf2
                0x08001600                __aeabi_cfrcmple
                0x08001608                __aeabi_cfcmple
                0x08001608                __aeabi_cfcmpeq
                0x08001618                __aeabi_fcmpeq
                0x0800162c                __aeabi_fcmplt
                0x08001640                __aeabi_fcmple
                0x08001654                __aeabi_fcmpge
                0x08001668                __aeabi_fcmpgt
 .text          0x0800167c       0x4c /usr/lib/gcc/arm-none-eabi/14.2.1/thumb/v7e-m/nofp/libgcc.a(_arm_fixsfsi.o)
                0x0800167c                __fixsfsi
                0x0800167c                __aeabi_f2iz
 .text          0x080016c8      0x378 /usr/lib/gcc/arm-none-eabi/14.2.1/thumb/v7e-m/nofp/libgcc.a(_arm_addsubdf3.o)
                0x080016c8                __aeabi_drsub
                0x080016d0                __aeabi_dsub
                0x080016d0                __subdf3
                0x080016d4                __adddf3
                0x080016d4                __aeabi_dadd
                0x0800194c                __aeabi_ui2d
                0x0800194c                __floatunsidf
                0x0800196c                __floatsidf
                0x0800196c                __aeabi_i2d
                0x08001990                __extendsfdf2
                0x08001990                __aeabi_f2d
                0x080019d4                __aeabi_ul2d
                0x080019d4                __floatundidf
                0x080019e4                __floatdidf
                0x080019e4                __aeabi_l2d
 .text          0x08001a40      0x424 /usr/lib/gcc/arm-none-eabi/14.2.1/thumb/v7e-m/nofp/libgcc.a(_arm_muldivdf3.o)
                0x08001a40                __aeabi_dmul
                0x08001a40                __muldf3
                0x08001c94                __aeabi_ddiv
                0x08001c94                __divdf3
 .text          0x08001e64       0xa0 /usr/lib/gcc/arm-none-eabi/14.2.1/thumb/v7e-m/nofp/libgcc.a(_arm_truncdfsf2.o)
                0x08001e64                __aeabi_d2f
                0x08001e64                __truncdfsf2
 .text          0x08001f04       0xa4 /usr/lib/gcc/arm-none-eabi/14.2.1/../../../arm-none-eabi/lib/thumb/v7e-m/nofp/libg.a(libc_a-memset.o)
                0x08001f04                memset
 .text          0x08001fa8      0x134 /usr/lib/gcc/arm-none-eabi/14.2.1/../../../arm-none-eabi/lib/thumb/v7e-m/nofp/libg.a(libc_a-memcpy.o)
                0x08001fa8                memcpy
 *(.text.*)
 *fill*         0x080020dc        0x4 
 .text._ctl     0x080020e0        0xc /tmp/cccADbZ4.ltrans0.ltrans.o
 *fill*         0x080020ec        0x4 
 .text.dac_lld_put_channel
                0x080020f0       0x4c /tmp/cccADbZ4.ltrans0.ltrans.o
 *fill*         0x0800213c        0x4 
 .text._pal_lld_setgroupmode
                0x08002140       0xd8 /tmp/cccADbZ4.ltrans0.ltrans.o
 *fill*         0x08002218        0x8 
 .text.notify3  0x08002220       0x10 /tmp/cccADbZ4.ltrans0.ltrans.o
 .text.notify5  0x08002230       0x10 /tmp/cccADbZ4.ltrans0.ltrans.o
 .text.__idle_thread
                0x08002240        0x4 /tmp/cccADbZ4.ltrans0.ltrans.o
 *fill*         0x08002244        0xc 
 .text.chTMStartMeasurementX
                0x08002250        0xc /tmp/cccADbZ4.ltrans0.ltrans.o
 *fill*         0x0800225c        0x4 
 .text.chTMStopMeasurementX
                0x08002260       0x44 /tmp/cccADbZ4.ltrans0.ltrans.o
 *fill*         0x080022a4        0xc 
 .text.chCoreAllocFromTop
                0x080022b0       0x3c /tmp/cccADbZ4.ltrans0.ltrans.o
 *fill*         0x080022ec        0x4 
 .text.chCoreAllocAlignedI
                0x080022f0       0x20 /tmp/cccADbZ4.ltrans0.ltrans.o
 .text.long_to_string_with_divisor.constprop.0
                0x08002310       0x3c /tmp/cccADbZ4.ltrans0.ltrans.o
 *fill*         0x0800234c        0x4 
 .text.dacStart.constprop.0.isra.0
                0x08002350       0x90 /tmp/cccADbZ4.ltrans0.ltrans.o
 .text.spi_lld_serve_interrupt.part.0
                0x080023e0      0x148 /tmp/cccADbZ4.ltrans0.ltrans.o
 *fill*         0x08002528        0x8 
 .text.__sch_wakeup
                0x08002530       0x6c /tmp/cccADbZ4.ltrans0.ltrans.o
 *fill*         0x0800259c        0x4 
 .text.chEvtBroadcastFlagsI
                0x080025a0       0x7c /tmp/cccADbZ4.ltrans0.ltrans.o
 *fill*         0x0800261c        0x4 
 .text.sd_lld_serve_interrupt
                0x08002620      0x1b4 /tmp/cccADbZ4.ltrans0.ltrans.o
 *fill*         0x080027d4        0xc 
 .text.vt_insert_first.constprop.0
                0x080027e0       0x68 /tmp/cccADbZ4.ltrans0.ltrans.o
 *fill*         0x08002848        0x8 
 .text.chSchGoSleepTimeoutS
                0x08002850      0x188 /tmp/cccADbZ4.ltrans0.ltrans.o
 *fill*         0x080029d8        0x8 
 .text.iqReadTimeout
                0x080029e0       0xec /tmp/cccADbZ4.ltrans0.ltrans.o
 *fill*         0x08002acc        0x4 
 .text._read    0x08002ad0        0xc /tmp/cccADbZ4.ltrans0.ltrans.o
 *fill*         0x08002adc        0x4 
 .text._readt   0x08002ae0        0x8 /tmp/cccADbZ4.ltrans0.ltrans.o
 *fill*         0x08002ae8        0x8 
 .text.iqGetTimeout
                0x08002af0       0x70 /tmp/cccADbZ4.ltrans0.ltrans.o
 .text._get     0x08002b60        0xc /tmp/cccADbZ4.ltrans0.ltrans.o
 *fill*         0x08002b6c        0x4 
 .text._gett    0x08002b70        0x8 /tmp/cccADbZ4.ltrans0.ltrans.o
 *fill*         0x08002b78        0x8 
 .text.oqPutTimeout
                0x08002b80       0x7c /tmp/cccADbZ4.ltrans0.ltrans.o
 *fill*         0x08002bfc        0x4 
 .text._put     0x08002c00        0xc /tmp/cccADbZ4.ltrans0.ltrans.o
 *fill*         0x08002c0c        0x4 
 .text._putt    0x08002c10        0x8 /tmp/cccADbZ4.ltrans0.ltrans.o
 *fill*         0x08002c18        0x8 
 .text.oqWriteTimeout
                0x08002c20       0xec /tmp/cccADbZ4.ltrans0.ltrans.o
 *fill*         0x08002d0c        0x4 
 .text._write   0x08002d10        0xc /tmp/cccADbZ4.ltrans0.ltrans.o
 *fill*         0x08002d1c        0x4 
 .text._writet  0x08002d20        0x8 /tmp/cccADbZ4.ltrans0.ltrans.o
 *fill*         0x08002d28        0x8 
 .text.chprintf.constprop.0
                0x08002d30      0x3ec /tmp/cccADbZ4.ltrans0.ltrans.o
 *fill*         0x0800311c        0x4 
 .text.__cpu_init
                0x08003120       0x80 /tmp/cccADbZ4.ltrans0.ltrans.o
                0x08003120                __cpu_init
 .text.__late_init
                0x080031a0        0x4 /tmp/cccADbZ4.ltrans0.ltrans.o
                0x080031a0                __late_init
 *fill*         0x080031a4        0xc 
 .text.__default_exit
                0x080031b0        0x4 /tmp/cccADbZ4.ltrans0.ltrans.o
                0x080031b0                __default_exit
 *fill*         0x080031b4        0xc 
 .text.__init_ram_areas
                0x080031c0       0xb0 /tmp/cccADbZ4.ltrans0.ltrans.o
                0x080031c0                __init_ram_areas
 .text.VectorDC
                0x08003270       0x58 /tmp/cccADbZ4.ltrans0.ltrans.o
                0x08003270                VectorDC
 *fill*         0x080032c8        0x8 
 .text.Vector114
                0x080032d0       0x58 /tmp/cccADbZ4.ltrans0.ltrans.o
                0x080032d0                Vector114
 *fill*         0x08003328        0x8 
 .text.VectorB0
                0x08003330      0x170 /tmp/cccADbZ4.ltrans0.ltrans.o
                0x08003330                VectorB0
 .text.Vector118
                0x080034a0       0x94 /tmp/cccADbZ4.ltrans0.ltrans.o
                0x080034a0                Vector118
 *fill*         0x08003534        0xc 
 .text.Vector244
                0x08003540       0x6c /tmp/cccADbZ4.ltrans0.ltrans.o
                0x08003540                Vector244
 *fill*         0x080035ac        0x4 
 .text.Vector248
                0x080035b0       0x70 /tmp/cccADbZ4.ltrans0.ltrans.o
                0x080035b0                Vector248
 .text.Vector24C
                0x08003620       0x70 /tmp/cccADbZ4.ltrans0.ltrans.o
                0x08003620                Vector24C
 .text.Vector250
                0x08003690       0x70 /tmp/cccADbZ4.ltrans0.ltrans.o
                0x08003690                Vector250
 .text.Vector254
                0x08003700       0x70 /tmp/cccADbZ4.ltrans0.ltrans.o
                0x08003700                Vector254
 .text.Vector258
                0x08003770       0x70 /tmp/cccADbZ4.ltrans0.ltrans.o
                0x08003770                Vector258
 .text.Vector25C
                0x080037e0       0x70 /tmp/cccADbZ4.ltrans0.ltrans.o
                0x080037e0                Vector25C
 .text.Vector260
                0x08003850       0x70 /tmp/cccADbZ4.ltrans0.ltrans.o
                0x08003850                Vector260
 .text.Vector6C
                0x080038c0       0x6c /tmp/cccADbZ4.ltrans0.ltrans.o
                0x080038c0                Vector6C
 *fill*         0x0800392c        0x4 
 .text.Vector70
                0x08003930       0x70 /tmp/cccADbZ4.ltrans0.ltrans.o
                0x08003930                Vector70
 .text.Vector74
                0x080039a0       0x70 /tmp/cccADbZ4.ltrans0.ltrans.o
                0x080039a0                Vector74
 .text.Vector78
                0x08003a10       0x70 /tmp/cccADbZ4.ltrans0.ltrans.o
                0x08003a10                Vector78
 .text.Vector7C
                0x08003a80       0x6c /tmp/cccADbZ4.ltrans0.ltrans.o
                0x08003a80                Vector7C
 *fill*         0x08003aec        0x4 
 .text.Vector80
                0x08003af0       0x70 /tmp/cccADbZ4.ltrans0.ltrans.o
                0x08003af0                Vector80
 .text.Vector84
                0x08003b60       0x70 /tmp/cccADbZ4.ltrans0.ltrans.o
                0x08003b60                Vector84
 .text.VectorFC
                0x08003bd0       0x70 /tmp/cccADbZ4.ltrans0.ltrans.o
                0x08003bd0                VectorFC
 .text.Vector120
                0x08003c40       0x6c /tmp/cccADbZ4.ltrans0.ltrans.o
                0x08003c40                Vector120
 *fill*         0x08003cac        0x4 
 .text.Vector124
                0x08003cb0       0x70 /tmp/cccADbZ4.ltrans0.ltrans.o
                0x08003cb0                Vector124
 .text.Vector128
                0x08003d20       0x70 /tmp/cccADbZ4.ltrans0.ltrans.o
                0x08003d20                Vector128
 .text.Vector12C
                0x08003d90       0x70 /tmp/cccADbZ4.ltrans0.ltrans.o
                0x08003d90                Vector12C
 .text.Vector130
                0x08003e00       0x6c /tmp/cccADbZ4.ltrans0.ltrans.o
                0x08003e00                Vector130
 *fill*         0x08003e6c        0x4 
 .text.Vector150
                0x08003e70       0x70 /tmp/cccADbZ4.ltrans0.ltrans.o
                0x08003e70                Vector150
 .text.Vector154
                0x08003ee0       0x70 /tmp/cccADbZ4.ltrans0.ltrans.o
                0x08003ee0                Vector154
 .text.Vector158
                0x08003f50       0x70 /tmp/cccADbZ4.ltrans0.ltrans.o
                0x08003f50                Vector158
 .text.VectorCC
                0x08003fc0       0x68 /tmp/cccADbZ4.ltrans0.ltrans.o
                0x08003fc0                VectorCC
 *fill*         0x08004028        0x8 
 .text.Vector198
                0x08004030       0x68 /tmp/cccADbZ4.ltrans0.ltrans.o
                0x08004030                Vector198
 *fill*         0x08004098        0x8 
 .text.__early_init
                0x080040a0      0x3c0 /tmp/cccADbZ4.ltrans0.ltrans.o
                0x080040a0                __early_init
 .text.chSchDoPreemption
                0x08004460       0x3c /tmp/cccADbZ4.ltrans0.ltrans.o
                0x08004460                chSchDoPreemption
 *fill*         0x0800449c        0x4 
 .text.chThdExit
                0x080044a0       0x78 /tmp/cccADbZ4.ltrans0.ltrans.o
                0x080044a0                chThdExit
 *fill*         0x08004518        0x8 
 .text.SVC_Handler
                0x08004520       0x14 /tmp/cccADbZ4.ltrans0.ltrans.o
                0x08004520                SVC_Handler
 *fill*         0x08004534        0xc 
 .text.startup.main
                0x08004540      0x808 /tmp/cccADbZ4.ltrans0.ltrans.o
                0x08004540                main
 *(.glue_7t)
 .glue_7t       0x08004d48        0x0 linker stubs
 *(.glue_7)
 .glue_7        0x08004d48        0x0 linker stubs
 *(.gcc*)
                0x08004d48                        __text_end__ = .

.vfp11_veneer   0x08004d48        0x0
 .vfp11_veneer  0x08004d48        0x0 linker stubs

.v4_bx          0x08004d48        0x0
 .v4_bx         0x08004d48        0x0 linker stubs

.iplt           0x08004d48        0x0
 .iplt          0x08004d48        0x0 ./build/obj/crt0_v7m.o

.rodata         0x08004d48      0x6b0
                0x08004d48                        __rodata_base__ = .
 *(.rodata)
 .rodata        0x08004d48      0x398 /usr/lib/gcc/arm-none-eabi/14.2.1/../../../arm-none-eabi/lib/thumb/v7e-m/nofp/libm.a(libm_a-ef_rem_pio2.o)
 .rodata        0x080050e0       0x38 /usr/lib/gcc/arm-none-eabi/14.2.1/../../../arm-none-eabi/lib/thumb/v7e-m/nofp/libm.a(libm_a-kf_rem_pio2.o)
 *(.rodata.*)
 .rodata.chprintf.constprop.0.str1.4
                0x08005118       0x33 /tmp/cccADbZ4.ltrans0.ltrans.o
                                 0x1f (size before relaxing)
 .rodata.main.str1.4
                0x0800514b        0xd /tmp/cccADbZ4.ltrans0.ltrans.o
 *fill*         0x0800514b        0x1 
 .rodata._stm32_bdma_streams
                0x0800514c       0xa0 /tmp/cccADbZ4.ltrans0.ltrans.o
 .rodata._stm32_dma_streams
                0x080051ec      0x100 /tmp/cccADbZ4.ltrans0.ltrans.o
 .rodata.dac1_ch2_params
                0x080052ec       0x20 /tmp/cccADbZ4.ltrans0.ltrans.o
 .rodata.dac1_ch1_params
                0x0800530c       0x20 /tmp/cccADbZ4.ltrans0.ltrans.o
 .rodata.vmt    0x0800532c       0x28 /tmp/cccADbZ4.ltrans0.ltrans.o
 .rodata.str1.4
                0x08005354        0x3 /tmp/cccADbZ4.ltrans0.ltrans.o
 .rodata.ch_core0_cfg
                0x08005354       0x14 /tmp/cccADbZ4.ltrans0.ltrans.o
 .rodata.dac_cfg
                0x08005368       0x10 /tmp/cccADbZ4.ltrans0.ltrans.o
 .rodata.ram_areas
                0x08005378       0x80 /tmp/cccADbZ4.ltrans0.ltrans.o
                0x080053f8                        . = ALIGN (0x4)
                0x080053f8                        __rodata_end__ = .

.ARM.extab
 *(.ARM.extab* .gnu.linkonce.armextab.*)

.ARM.exidx      0x080053f8        0x8
                0x080053f8                        __exidx_base__ = .
                0x080053f8                        __exidx_start = .
 *(.ARM.exidx* .gnu.linkonce.armexidx.*)
 .ARM.exidx     0x080053f8        0x8 /usr/lib/gcc/arm-none-eabi/14.2.1/../../../arm-none-eabi/lib/thumb/v7e-m/nofp/libg.a(libc_a-memcpy.o)
                0x08005400                        __exidx_end__ = .
                0x08005400                        __exidx_end = .

.rel.dyn        0x08005400        0x0
 .rel.iplt      0x08005400        0x0 ./build/obj/crt0_v7m.o

.eh_frame_hdr
 *(.eh_frame_hdr)

.eh_frame
 *(.eh_frame)

.data           0x24000000        0x0 load address 0x08005400
                [!provide]                        PROVIDE (_textdata = LOADADDR (.data))
                [!provide]                        PROVIDE (_data = .)
                0x08005400                        __textdata_base__ = LOADADDR (.data)
                0x24000000                        __data_base__ = .
 *(.data)
 *(.data.*)
 *(.ramtext)
                0x24000000                        . = ALIGN (0x4)
                [!provide]                        PROVIDE (_edata = .)
                0x24000000                        __data_end__ = .

.igot.plt       0x24000000        0x0 load address 0x08005400
 .igot.plt      0x24000000        0x0 ./build/obj/crt0_v7m.o

.bss            0x24000000      0x518 load address 0x08005400
                0x24000000                        __bss_base__ = .
 *(.bss)
 *(.bss.*)
 .bss.ch_c0_idle_thread_wa
                0x24000000      0x100 /tmp/cccADbZ4.ltrans0.ltrans.o
 .bss.sd_out_buf5
                0x24000100       0x10 /tmp/cccADbZ4.ltrans0.ltrans.o
 .bss.sd_in_buf5
                0x24000110       0x10 /tmp/cccADbZ4.ltrans0.ltrans.o
 .bss.sd_out_buf3
                0x24000120       0x10 /tmp/cccADbZ4.ltrans0.ltrans.o
 .bss.sd_in_buf3
                0x24000130       0x10 /tmp/cccADbZ4.ltrans0.ltrans.o
 .bss.default_heap
                0x24000140       0x24 /tmp/cccADbZ4.ltrans0.ltrans.o
 .bss.ch_factory
                0x24000164       0x48 /tmp/cccADbZ4.ltrans0.ltrans.o
 .bss.DACD2     0x240001ac       0x30 /tmp/cccADbZ4.ltrans0.ltrans.o
 .bss.DACD1     0x240001dc       0x30 /tmp/cccADbZ4.ltrans0.ltrans.o
 .bss.ch_memcore
                0x2400020c        0x8 /tmp/cccADbZ4.ltrans0.ltrans.o
 .bss.ch_system
                0x24000214        0xc /tmp/cccADbZ4.ltrans0.ltrans.o
 .bss.SPID6     0x24000220       0x3c /tmp/cccADbZ4.ltrans0.ltrans.o
 .bss.SPID1     0x2400025c       0x3c /tmp/cccADbZ4.ltrans0.ltrans.o
 .bss.dma       0x24000298       0x84 /tmp/cccADbZ4.ltrans0.ltrans.o
 .bss.bdma      0x2400031c       0x44 /tmp/cccADbZ4.ltrans0.ltrans.o
 .bss.GPTD6     0x24000360       0x10 /tmp/cccADbZ4.ltrans0.ltrans.o
 .bss.SD5       0x24000370       0x60 /tmp/cccADbZ4.ltrans0.ltrans.o
 .bss.SD3       0x240003d0       0x60 /tmp/cccADbZ4.ltrans0.ltrans.o
 .bss.ch0       0x24000430       0xe8 /tmp/cccADbZ4.ltrans0.ltrans.o
 *(COMMON)
                0x24000518                        . = ALIGN (0x4)
                0x24000518                        __bss_end__ = .
                [!provide]                        PROVIDE (end = .)
                0x24000000                        __ram0_base__ = ORIGIN (ram0)
                0x00080000                        __ram0_size__ = LENGTH (ram0)
                0x24080000                        __ram0_end__ = (__ram0_base__ + __ram0_size__)
                0x30000000                        __ram1_base__ = ORIGIN (ram1)
                0x00040000                        __ram1_size__ = LENGTH (ram1)
                0x30040000                        __ram1_end__ = (__ram1_base__ + __ram1_size__)
                0x30000000                        __ram2_base__ = ORIGIN (ram2)
                0x00048000                        __ram2_size__ = LENGTH (ram2)
                0x30048000                        __ram2_end__ = (__ram2_base__ + __ram2_size__)
                0x30040000                        __ram3_base__ = ORIGIN (ram3)
                0x00008000                        __ram3_size__ = LENGTH (ram3)
                0x30048000                        __ram3_end__ = (__ram3_base__ + __ram3_size__)
                0x38000000                        __ram4_base__ = ORIGIN (ram4)
                0x00010000                        __ram4_size__ = LENGTH (ram4)
                0x38010000                        __ram4_end__ = (__ram4_base__ + __ram4_size__)
                0x20000000                        __ram5_base__ = ORIGIN (ram5)
                0x00020000                        __ram5_size__ = LENGTH (ram5)
                0x20020000                        __ram5_end__ = (__ram5_base__ + __ram5_size__)
                0x00000000                        __ram6_base__ = ORIGIN (ram6)
                0x00010000                        __ram6_size__ = LENGTH (ram6)
                0x00010000                        __ram6_end__ = (__ram6_base__ + __ram6_size__)
                0x38800000                        __ram7_base__ = ORIGIN (ram7)
                0x00001000                        __ram7_size__ = LENGTH (ram7)
                0x38801000                        __ram7_end__ = (__ram7_base__ + __ram7_size__)
                0x08000000                        __flash0_base__ = ORIGIN (flash0)
                0x00200000                        __flash0_size__ = LENGTH (flash0)
                0x08200000                        __flash0_end__ = (__flash0_base__ + __flash0_size__)
                0x08000000                        __flash1_base__ = ORIGIN (flash1)
                0x00100000                        __flash1_size__ = LENGTH (flash1)
                0x08100000                        __flash1_end__ = (__flash1_base__ + __flash1_size__)
                0x08100000                        __flash2_base__ = ORIGIN (flash2)
                0x00100000                        __flash2_size__ = LENGTH (flash2)
                0x08200000                        __flash2_end__ = (__flash2_base__ + __flash2_size__)
                0x00000000                        __flash3_base__ = ORIGIN (flash3)
                0x00000000                        __flash3_size__ = LENGTH (flash3)
                0x00000000                        __flash3_end__ = (__flash3_base__ + __flash3_size__)
                0x00000000                        __flash4_base__ = ORIGIN (flash4)
                0x00000000                        __flash4_size__ = LENGTH (flash4)
                0x00000000                        __flash4_end__ = (__flash4_base__ + __flash4_size__)
                0x00000000                        __flash5_base__ = ORIGIN (flash5)
                0x00000000                        __flash5_size__ = LENGTH (flash5)
                0x00000000                        __flash5_end__ = (__flash5_base__ + __flash5_size__)
                0x00000000                        __flash6_base__ = ORIGIN (flash6)
                0x00000000                        __flash6_size__ = LENGTH (flash6)
                0x00000000                        __flash6_end__ = (__flash6_base__ + __flash6_size__)
                0x00000000                        __flash7_base__ = ORIGIN (flash7)
                0x00000000                        __flash7_size__ = LENGTH (flash7)
                0x00000000                        __flash7_end__ = (__flash7_base__ + __flash7_size__)

.ram0_init      0x24000518        0x0 load address 0x08005400
                0x08005400                        __ram0_init_text__ = LOADADDR (.ram0_init)
                0x24000518                        __ram0_init__ = .
 *(.ram0_init)
 *(.ram0_init.*)
                0x24000518                        . = ALIGN (0x4)

.ram0           0x24000518        0x0 load address 0x08005400
                0x24000518                        __ram0_clear__ = .
 *(.ram0_clear)
 *(.ram0_clear.*)
                0x24000518                        . = ALIGN (0x4)
                0x24000518                        __ram0_noinit__ = .
 *(.ram0)
 *(.ram0.*)
                0x24000518                        . = ALIGN (0x4)
                0x24000518                        __ram0_free__ = .

.ram1_init      0x30000000        0x0 load address 0x08005400
                0x08005400                        __ram1_init_text__ = LOADADDR (.ram1_init)
                0x30000000                        __ram1_init__ = .
 *(.ram1_init)
 *(.ram1_init.*)
                0x30000000                        . = ALIGN (0x4)

.ram1           0x30000000        0x0 load address 0x08005400
                0x30000000                        __ram1_clear__ = .
 *(.ram1_clear)
 *(.ram1_clear.*)
                0x30000000                        . = ALIGN (0x4)
                0x30000000                        __ram1_noinit__ = .
 *(.ram1)
 *(.ram1.*)
                0x30000000                        . = ALIGN (0x4)
                0x30000000                        __ram1_free__ = .

.ram2_init      0x30000000        0x0 load address 0x08005400
                0x08005400                        __ram2_init_text__ = LOADADDR (.ram2_init)
                0x30000000                        __ram2_init__ = .
 *(.ram2_init)
 *(.ram2_init.*)
                0x30000000                        . = ALIGN (0x4)

.ram2           0x30000000        0x0 load address 0x08005400
                0x30000000                        __ram2_clear__ = .
 *(.ram2_clear)
 *(.ram2_clear.*)
                0x30000000                        . = ALIGN (0x4)
                0x30000000                        __ram2_noinit__ = .
 *(.ram2)
 *(.ram2.*)
                0x30000000                        . = ALIGN (0x4)
                0x30000000                        __ram2_free__ = .

.ram3_init      0x30040000        0x0 load address 0x08005400
                0x08005400                        __ram3_init_text__ = LOADADDR (.ram3_init)
                0x30040000                        __ram3_init__ = .
 *(.ram3_init)
 *(.ram3_init.*)
                0x30040000                        . = ALIGN (0x4)

.ram3           0x30040000        0x0 load address 0x08005400
                0x30040000                        __ram3_clear__ = .
 *(.ram3_clear)
 *(.ram3_clear.*)
                0x30040000                        . = ALIGN (0x4)
                0x30040000                        __ram3_noinit__ = .
 *(.ram3)
 *(.ram3.*)
                0x30040000                        . = ALIGN (0x4)
                0x30040000                        __ram3_free__ = .

.ram4_init      0x38000000        0x0 load address 0x08005400
                0x08005400                        __ram4_init_text__ = LOADADDR (.ram4_init)
                0x38000000                        __ram4_init__ = .
 *(.ram4_init)
 *(.ram4_init.*)
                0x38000000                        . = ALIGN (0x4)

.ram4           0x38000000        0x0 load address 0x08005400
                0x38000000                        __ram4_clear__ = .
 *(.ram4_clear)
 *(.ram4_clear.*)
                0x38000000                        . = ALIGN (0x4)
                0x38000000                        __ram4_noinit__ = .
 *(.ram4)
 *(.ram4.*)
                0x38000000                        . = ALIGN (0x4)
                0x38000000                        __ram4_free__ = .

.ram5_init      0x20000800        0x0 load address 0x08005400
                0x08005400                        __ram5_init_text__ = LOADADDR (.ram5_init)
                0x20000800                        __ram5_init__ = .
 *(.ram5_init)
 *(.ram5_init.*)
                0x20000800                        . = ALIGN (0x4)

.ram5           0x20000800        0x0 load address 0x08005400
                0x20000800                        __ram5_clear__ = .
 *(.ram5_clear)
 *(.ram5_clear.*)
                0x20000800                        . = ALIGN (0x4)
                0x20000800                        __ram5_noinit__ = .
 *(.ram5)
 *(.ram5.*)
                0x20000800                        . = ALIGN (0x4)
                0x20000800                        __ram5_free__ = .

.ram6_init      0x00000000        0x0 load address 0x08005400
                0x08005400                        __ram6_init_text__ = LOADADDR (.ram6_init)
                0x00000000                        __ram6_init__ = .
 *(.ram6_init)
 *(.ram6_init.*)
                0x00000000                        . = ALIGN (0x4)

.ram6           0x00000000        0x0 load address 0x08005400
                0x00000000                        __ram6_clear__ = .
 *(.ram6_clear)
 *(.ram6_clear.*)
                0x00000000                        . = ALIGN (0x4)
                0x00000000                        __ram6_noinit__ = .
 *(.ram6)
 *(.ram6.*)
                0x00000000                        . = ALIGN (0x4)
                0x00000000                        __ram6_free__ = .

.ram7_init      0x38800000        0x0 load address 0x08005400
                0x08005400                        __ram7_init_text__ = LOADADDR (.ram7_init)
                0x38800000                        __ram7_init__ = .
 *(.ram7_init)
 *(.ram7_init.*)
                0x38800000                        . = ALIGN (0x4)

.ram7           0x38800000        0x0 load address 0x08005400
                0x38800000                        __ram7_clear__ = .
 *(.ram7_clear)
 *(.ram7_clear.*)
                0x38800000                        . = ALIGN (0x4)
                0x38800000                        __ram7_noinit__ = .
 *(.ram7)
 *(.ram7.*)
                0x38800000                        . = ALIGN (0x4)
                0x38800000                        __ram7_free__ = .

.flash0         0x08000000        0x0
                0x08000000                        __flash0_init__ = .
 *(.flash0_init)
 *(.flash0_init.*)
                0x08000000                        __flash0_free__ = .

.flash1         0x08005400        0x0
                0x08005400                        __flash1_init__ = .
 *(.flash1_init)
 *(.flash1_init.*)
                0x08005400                        __flash1_free__ = .

.flash2         0x08100000        0x0
                0x08100000                        __flash2_init__ = .
 *(.flash2_init)
 *(.flash2_init.*)
                0x08100000                        __flash2_free__ = .

.flash3         0x00000000        0x0
                0x00000000                        __flash3_init__ = .
 *(.flash3_init)
 *(.flash3_init.*)
                0x00000000                        __flash3_free__ = .

.flash4         0x00000000        0x0
                0x00000000                        __flash4_init__ = .
 *(.flash4_init)
 *(.flash4_init.*)
                0x00000000                        __flash4_free__ = .

.flash5         0x00000000        0x0
                0x00000000                        __flash5_init__ = .
 *(.flash5_init)
 *(.flash5_init.*)
                0x00000000                        __flash5_free__ = .

.flash6         0x00000000        0x0
                0x00000000                        __flash6_init__ = .
 *(.flash6_init)
 *(.flash6_init.*)
                0x00000000                        __flash6_free__ = .

.flash7         0x00000000        0x0
                0x00000000                        __flash7_init__ = .
 *(.flash7_init)
 *(.flash7_init.*)
                0x00000000                        __flash7_free__ = .

.heap           0x24000518    0x7fae8
                0x24000518                        . = ALIGN (0x8)
                0x24000518                        __heap_base__ = .
                0x24080000                        . = (ORIGIN (HEAP_RAM) + LENGTH (HEAP_RAM))
 *fill*         0x24000518    0x7fae8 
                0x24080000                        __heap_end__ = .
                0x00000400                        __process_stack_size__ = 0x400
                0x00000400                        __main_stack_size__ = 0x400
START GROUP
LOAD /usr/lib/gcc/arm-none-eabi/14.2.1/thumb/v7e-m/nofp/libgcc.a
LOAD /usr/lib/gcc/arm-none-eabi/14.2.1/../../../arm-none-eabi/lib/thumb/v7e-m/nofp/libg.a
LOAD /usr/lib/gcc/arm-none-eabi/14.2.1/../../../arm-none-eabi/lib/thumb/v7e-m/nofp/libc.a
END GROUP
OUTPUT(build/ch.elf elf32-littlearm)
LOAD linker stubs

.ARM.attributes
                0x00000000       0x2f
 .ARM.attributes
                0x00000000       0x21 ./build/obj/crt0_v7m.o
 .ARM.attributes
                0x00000021       0x21 ./build/obj/vectors.o
 .ARM.attributes
                0x00000042       0x21 ./build/obj/chcoreasm.o
 .ARM.attributes
                0x00000063       0x2c /tmp/cccADbZ4.ltrans0.ltrans.o
 .ARM.attributes
                0x0000008f       0x2e /usr/lib/gcc/arm-none-eabi/14.2.1/../../../arm-none-eabi/lib/thumb/v7e-m/nofp/libm.a(libm_a-sf_sin.o)
 .ARM.attributes
                0x000000bd       0x2e /usr/lib/gcc/arm-none-eabi/14.2.1/../../../arm-none-eabi/lib/thumb/v7e-m/nofp/libm.a(libm_a-kf_sin.o)
 .ARM.attributes
                0x000000eb       0x2e /usr/lib/gcc/arm-none-eabi/14.2.1/../../../arm-none-eabi/lib/thumb/v7e-m/nofp/libm.a(libm_a-ef_rem_pio2.o)
 .ARM.attributes
                0x00000119       0x2e /usr/lib/gcc/arm-none-eabi/14.2.1/../../../arm-none-eabi/lib/thumb/v7e-m/nofp/libm.a(libm_a-sf_fabs.o)
 .ARM.attributes
                0x00000147       0x2e /usr/lib/gcc/arm-none-eabi/14.2.1/../../../arm-none-eabi/lib/thumb/v7e-m/nofp/libm.a(libm_a-kf_rem_pio2.o)
 .ARM.attributes
                0x00000175       0x2e /usr/lib/gcc/arm-none-eabi/14.2.1/../../../arm-none-eabi/lib/thumb/v7e-m/nofp/libm.a(libm_a-sf_scalbn.o)
 .ARM.attributes
                0x000001a3       0x2e /usr/lib/gcc/arm-none-eabi/14.2.1/../../../arm-none-eabi/lib/thumb/v7e-m/nofp/libm.a(libm_a-kf_cos.o)
 .ARM.attributes
                0x000001d1       0x2e /usr/lib/gcc/arm-none-eabi/14.2.1/../../../arm-none-eabi/lib/thumb/v7e-m/nofp/libm.a(libm_a-sf_floor.o)
 .ARM.attributes
                0x000001ff       0x1e /usr/lib/gcc/arm-none-eabi/14.2.1/thumb/v7e-m/nofp/libgcc.a(_arm_mulsf3.o)
 .ARM.attributes
                0x0000021d       0x1e /usr/lib/gcc/arm-none-eabi/14.2.1/thumb/v7e-m/nofp/libgcc.a(_arm_addsubsf3.o)
 .ARM.attributes
                0x0000023b       0x1e /usr/lib/gcc/arm-none-eabi/14.2.1/thumb/v7e-m/nofp/libgcc.a(_arm_cmpsf2.o)
 .ARM.attributes
                0x00000259       0x1e /usr/lib/gcc/arm-none-eabi/14.2.1/thumb/v7e-m/nofp/libgcc.a(_arm_fixsfsi.o)
 .ARM.attributes
                0x00000277       0x1e /usr/lib/gcc/arm-none-eabi/14.2.1/thumb/v7e-m/nofp/libgcc.a(_arm_addsubdf3.o)
 .ARM.attributes
                0x00000295       0x1e /usr/lib/gcc/arm-none-eabi/14.2.1/thumb/v7e-m/nofp/libgcc.a(_arm_muldivdf3.o)
 .ARM.attributes
                0x000002b3       0x1e /usr/lib/gcc/arm-none-eabi/14.2.1/thumb/v7e-m/nofp/libgcc.a(_arm_truncdfsf2.o)
 .ARM.attributes
                0x000002d1       0x2e /usr/lib/gcc/arm-none-eabi/14.2.1/../../../arm-none-eabi/lib/thumb/v7e-m/nofp/libg.a(libc_a-memset.o)
 .ARM.attributes
                0x000002ff       0x1c /usr/lib/gcc/arm-none-eabi/14.2.1/../../../arm-none-eabi/lib/thumb/v7e-m/nofp/libg.a(libc_a-memcpy.o)

.comment        0x00000000       0x4c
 .comment       0x00000000       0x27 /tmp/cccADbZ4.ltrans0.ltrans.o
 .comment       0x00000000       0x4c /usr/lib/gcc/arm-none-eabi/14.2.1/../../../arm-none-eabi/lib/thumb/v7e-m/nofp/libm.a(libm_a-sf_sin.o)
                                 0x27 (size before relaxing)
 .comment       0x0000004c       0x27 /usr/lib/gcc/arm-none-eabi/14.2.1/../../../arm-none-eabi/lib/thumb/v7e-m/nofp/libm.a(libm_a-kf_sin.o)
 .comment       0x0000004c       0x27 /usr/lib/gcc/arm-none-eabi/14.2.1/../../../arm-none-eabi/lib/thumb/v7e-m/nofp/libm.a(libm_a-ef_rem_pio2.o)
 .comment       0x0000004c       0x27 /usr/lib/gcc/arm-none-eabi/14.2.1/../../../arm-none-eabi/lib/thumb/v7e-m/nofp/libm.a(libm_a-sf_fabs.o)
 .comment       0x0000004c       0x27 /usr/lib/gcc/arm-none-eabi/14.2.1/../../../arm-none-eabi/lib/thumb/v7e-m/nofp/libm.a(libm_a-kf_rem_pio2.o)
 .comment       0x0000004c       0x27 /usr/lib/gcc/arm-none-eabi/14.2.1/../../../arm-none-eabi/lib/thumb/v7e-m/nofp/libm.a(libm_a-sf_scalbn.o)
 .comment       0x0000004c       0x27 /usr/lib/gcc/arm-none-eabi/14.2.1/../../../arm-none-eabi/lib/thumb/v7e-m/nofp/libm.a(libm_a-kf_cos.o)
 .comment       0x0000004c       0x27 /usr/lib/gcc/arm-none-eabi/14.2.1/../../../arm-none-eabi/lib/thumb/v7e-m/nofp/libm.a(libm_a-sf_floor.o)
 .comment       0x0000004c       0x27 /usr/lib/gcc/arm-none-eabi/14.2.1/../../../arm-none-eabi/lib/thumb/v7e-m/nofp/libg.a(libc_a-memset.o)

.debug_line     0x00000000     0xbafe
 .debug_line    0x00000000       0xa6 ./build/obj/crt0_v7m.o
 .debug_line    0x000000a6       0x4f ./build/obj/vectors.o
 .debug_line    0x000000f5       0x5d ./build/obj/chcoreasm.o
 .debug_line    0x00000152     0x7f89 /tmp/cccADbZ4.ltrans0.ltrans.o
 .debug_line    0x000080db       0x51 /tmp/ccDMXaXV.debug.temp.o
 .debug_line    0x0000812c       0x7b /tmp/ccNZmhOD.debug.temp.o
 .debug_line    0x000081a7       0x5e /tmp/cc4FfkTE.debug.temp.o
 .debug_line    0x00008205       0x97 /tmp/ccGS4NiY.debug.temp.o
 .debug_line    0x0000829c       0xc6 /tmp/ccD8Rj1w.debug.temp.o
 .debug_line    0x00008362       0x83 /tmp/ccdgNFOu.debug.temp.o
 .debug_line    0x000083e5       0xc7 /tmp/ccQh8YtS.debug.temp.o
 .debug_line    0x000084ac       0xe2 /tmp/ccqZorls.debug.temp.o
 .debug_line    0x0000858e       0x4c /tmp/ccxcGVav.debug.temp.o
 .debug_line    0x000085da      0x1ac /tmp/ccSWnuJE.debug.temp.o
 .debug_line    0x00008786       0x6d /tmp/ccJZrx8d.debug.temp.o
 .debug_line    0x000087f3       0x87 /tmp/ccdqnFQy.debug.temp.o
 .debug_line    0x0000887a       0xcb /tmp/ccaCknil.debug.temp.o
 .debug_line    0x00008945       0x87 /tmp/ccinJIDE.debug.temp.o
 .debug_line    0x000089cc       0x4d /tmp/ccVB9f1p.debug.temp.o
 .debug_line    0x00008a19       0xeb /tmp/ccaTAUqY.debug.temp.o
 .debug_line    0x00008b04       0x82 /tmp/cctOuJUJ.debug.temp.o
 .debug_line    0x00008b86       0x68 /tmp/ccfmGbEQ.debug.temp.o
 .debug_line    0x00008bee       0xc7 /tmp/cc3xyUk0.debug.temp.o
 .debug_line    0x00008cb5       0x63 /tmp/ccd2ow8g.debug.temp.o
 .debug_line    0x00008d18       0xc5 /tmp/cc8feFNn.debug.temp.o
 .debug_line    0x00008ddd       0x86 /tmp/ccUCOdUs.debug.temp.o
 .debug_line    0x00008e63       0x9d /tmp/ccBrpfXf.debug.temp.o
 .debug_line    0x00008f00       0x94 /tmp/cc544Dp3.debug.temp.o
 .debug_line    0x00008f94       0xa3 /tmp/ccj2XdBW.debug.temp.o
 .debug_line    0x00009037       0xac /tmp/cczYxHXI.debug.temp.o
 .debug_line    0x000090e3       0x94 /tmp/cc9q4hLe.debug.temp.o
 .debug_line    0x00009177       0x99 /tmp/cc2uqT3k.debug.temp.o
 .debug_line    0x00009210       0x9e /tmp/ccASXX3A.debug.temp.o
 .debug_line    0x000092ae       0x71 /tmp/ccHLGzbb.debug.temp.o
 .debug_line    0x0000931f       0x99 /tmp/ccyLmnXv.debug.temp.o
 .debug_line    0x000093b8       0x8a /tmp/ccgjMuZs.debug.temp.o
 .debug_line    0x00009442       0xbb /tmp/ccgZbrBZ.debug.temp.o
 .debug_line    0x000094fd       0x99 /tmp/cckoU8AR.debug.temp.o
 .debug_line    0x00009596       0x69 /tmp/cceOP696.debug.temp.o
 .debug_line    0x000095ff       0xff /tmp/cc9knz7b.debug.temp.o
 .debug_line    0x000096fe      0x1e0 /usr/lib/gcc/arm-none-eabi/14.2.1/../../../arm-none-eabi/lib/thumb/v7e-m/nofp/libm.a(libm_a-sf_sin.o)
 .debug_line    0x000098de      0x1be /usr/lib/gcc/arm-none-eabi/14.2.1/../../../arm-none-eabi/lib/thumb/v7e-m/nofp/libm.a(libm_a-kf_sin.o)
 .debug_line    0x00009a9c      0x528 /usr/lib/gcc/arm-none-eabi/14.2.1/../../../arm-none-eabi/lib/thumb/v7e-m/nofp/libm.a(libm_a-ef_rem_pio2.o)
 .debug_line    0x00009fc4      0x15c /usr/lib/gcc/arm-none-eabi/14.2.1/../../../arm-none-eabi/lib/thumb/v7e-m/nofp/libm.a(libm_a-sf_fabs.o)
 .debug_line    0x0000a120      0xa92 /usr/lib/gcc/arm-none-eabi/14.2.1/../../../arm-none-eabi/lib/thumb/v7e-m/nofp/libm.a(libm_a-kf_rem_pio2.o)
 .debug_line    0x0000abb2      0x24a /usr/lib/gcc/arm-none-eabi/14.2.1/../../../arm-none-eabi/lib/thumb/v7e-m/nofp/libm.a(libm_a-sf_scalbn.o)
 .debug_line    0x0000adfc      0x218 /usr/lib/gcc/arm-none-eabi/14.2.1/../../../arm-none-eabi/lib/thumb/v7e-m/nofp/libm.a(libm_a-kf_cos.o)
 .debug_line    0x0000b014      0x252 /usr/lib/gcc/arm-none-eabi/14.2.1/../../../arm-none-eabi/lib/thumb/v7e-m/nofp/libm.a(libm_a-sf_floor.o)
 .debug_line    0x0000b266       0xbd /usr/lib/gcc/arm-none-eabi/14.2.1/thumb/v7e-m/nofp/libgcc.a(_arm_mulsf3.o)
 .debug_line    0x0000b323      0x103 /usr/lib/gcc/arm-none-eabi/14.2.1/thumb/v7e-m/nofp/libgcc.a(_arm_addsubsf3.o)
 .debug_line    0x0000b426       0x9a /usr/lib/gcc/arm-none-eabi/14.2.1/thumb/v7e-m/nofp/libgcc.a(_arm_cmpsf2.o)
 .debug_line    0x0000b4c0       0x62 /usr/lib/gcc/arm-none-eabi/14.2.1/thumb/v7e-m/nofp/libgcc.a(_arm_fixsfsi.o)
 .debug_line    0x0000b522      0x16f /usr/lib/gcc/arm-none-eabi/14.2.1/thumb/v7e-m/nofp/libgcc.a(_arm_addsubdf3.o)
 .debug_line    0x0000b691      0x184 /usr/lib/gcc/arm-none-eabi/14.2.1/thumb/v7e-m/nofp/libgcc.a(_arm_muldivdf3.o)
 .debug_line    0x0000b815       0x76 /usr/lib/gcc/arm-none-eabi/14.2.1/thumb/v7e-m/nofp/libgcc.a(_arm_truncdfsf2.o)
 .debug_line    0x0000b88b      0x1ba /usr/lib/gcc/arm-none-eabi/14.2.1/../../../arm-none-eabi/lib/thumb/v7e-m/nofp/libg.a(libc_a-memset.o)
 .debug_line    0x0000ba45       0xb9 /usr/lib/gcc/arm-none-eabi/14.2.1/../../../arm-none-eabi/lib/thumb/v7e-m/nofp/libg.a(libc_a-memcpy.o)

.debug_line_str
                0x00000000     0x13df
 .debug_line_str
                0x00000000     0x13df ./build/obj/crt0_v7m.o
                                 0x83 (size before relaxing)
 .debug_line_str
                0x000013df       0x82 ./build/obj/vectors.o
 .debug_line_str
                0x000013df       0x83 ./build/obj/chcoreasm.o
 .debug_line_str
                0x000013df      0x146 /tmp/ccDMXaXV.debug.temp.o
 .debug_line_str
                0x000013df      0x1ce /tmp/ccNZmhOD.debug.temp.o
 .debug_line_str
                0x000013df      0x16e /tmp/cc4FfkTE.debug.temp.o
 .debug_line_str
                0x000013df      0x22b /tmp/ccGS4NiY.debug.temp.o
 .debug_line_str
                0x000013df      0x326 /tmp/ccD8Rj1w.debug.temp.o
 .debug_line_str
                0x000013df      0x21d /tmp/ccdgNFOu.debug.temp.o
 .debug_line_str
                0x000013df      0x30b /tmp/ccQh8YtS.debug.temp.o
 .debug_line_str
                0x000013df      0x3c8 /tmp/ccqZorls.debug.temp.o
 .debug_line_str
                0x000013df      0x122 /tmp/ccxcGVav.debug.temp.o
 .debug_line_str
                0x000013df      0x719 /tmp/ccSWnuJE.debug.temp.o
 .debug_line_str
                0x000013df      0x1ce /tmp/ccJZrx8d.debug.temp.o
 .debug_line_str
                0x000013df      0x285 /tmp/ccdqnFQy.debug.temp.o
 .debug_line_str
                0x000013df      0x35e /tmp/ccaCknil.debug.temp.o
 .debug_line_str
                0x000013df      0x280 /tmp/ccinJIDE.debug.temp.o
 .debug_line_str
                0x000013df      0x10c /tmp/ccVB9f1p.debug.temp.o
 .debug_line_str
                0x000013df      0x42f /tmp/ccaTAUqY.debug.temp.o
 .debug_line_str
                0x000013df      0x285 /tmp/cctOuJUJ.debug.temp.o
 .debug_line_str
                0x000013df      0x1b3 /tmp/ccfmGbEQ.debug.temp.o
 .debug_line_str
                0x000013df      0x33c /tmp/cc3xyUk0.debug.temp.o
 .debug_line_str
                0x000013df      0x1b3 /tmp/ccd2ow8g.debug.temp.o
 .debug_line_str
                0x000013df      0x27e /tmp/cc8feFNn.debug.temp.o
 .debug_line_str
                0x000013df      0x1ae /tmp/ccUCOdUs.debug.temp.o
 .debug_line_str
                0x000013df      0x22e /tmp/ccBrpfXf.debug.temp.o
 .debug_line_str
                0x000013df      0x1fb /tmp/cc544Dp3.debug.temp.o
 .debug_line_str
                0x000013df      0x216 /tmp/ccj2XdBW.debug.temp.o
 .debug_line_str
                0x000013df      0x256 /tmp/cczYxHXI.debug.temp.o
 .debug_line_str
                0x000013df      0x1f6 /tmp/cc9q4hLe.debug.temp.o
 .debug_line_str
                0x000013df      0x207 /tmp/cc2uqT3k.debug.temp.o
 .debug_line_str
                0x000013df      0x218 /tmp/ccASXX3A.debug.temp.o
 .debug_line_str
                0x000013df      0x1bb /tmp/ccHLGzbb.debug.temp.o
 .debug_line_str
                0x000013df      0x20a /tmp/ccyLmnXv.debug.temp.o
 .debug_line_str
                0x000013df      0x1ea /tmp/ccgjMuZs.debug.temp.o
 .debug_line_str
                0x000013df      0x260 /tmp/ccgZbrBZ.debug.temp.o
 .debug_line_str
                0x000013df      0x22d /tmp/cckoU8AR.debug.temp.o
 .debug_line_str
                0x000013df      0x15e /tmp/cceOP696.debug.temp.o
 .debug_line_str
                0x000013df      0x3cf /tmp/cc9knz7b.debug.temp.o
 .debug_line_str
                0x000013df       0x92 /usr/lib/gcc/arm-none-eabi/14.2.1/thumb/v7e-m/nofp/libgcc.a(_arm_mulsf3.o)
 .debug_line_str
                0x000013df       0x92 /usr/lib/gcc/arm-none-eabi/14.2.1/thumb/v7e-m/nofp/libgcc.a(_arm_addsubsf3.o)
 .debug_line_str
                0x000013df       0x92 /usr/lib/gcc/arm-none-eabi/14.2.1/thumb/v7e-m/nofp/libgcc.a(_arm_cmpsf2.o)
 .debug_line_str
                0x000013df       0x92 /usr/lib/gcc/arm-none-eabi/14.2.1/thumb/v7e-m/nofp/libgcc.a(_arm_fixsfsi.o)
 .debug_line_str
                0x000013df       0x92 /usr/lib/gcc/arm-none-eabi/14.2.1/thumb/v7e-m/nofp/libgcc.a(_arm_addsubdf3.o)
 .debug_line_str
                0x000013df       0x92 /usr/lib/gcc/arm-none-eabi/14.2.1/thumb/v7e-m/nofp/libgcc.a(_arm_muldivdf3.o)
 .debug_line_str
                0x000013df       0x92 /usr/lib/gcc/arm-none-eabi/14.2.1/thumb/v7e-m/nofp/libgcc.a(_arm_truncdfsf2.o)
 .debug_line_str
                0x000013df       0x95 /usr/lib/gcc/arm-none-eabi/14.2.1/../../../arm-none-eabi/lib/thumb/v7e-m/nofp/libg.a(libc_a-memcpy.o)

.debug_info     0x00000000    0x257fe
 .debug_info    0x00000000       0x25 ./build/obj/crt0_v7m.o
 .debug_info    0x00000025       0x24 ./build/obj/vectors.o
 .debug_info    0x00000049       0x24 ./build/obj/chcoreasm.o
 .debug_info    0x0000006d     0x9500 /tmp/cccADbZ4.ltrans0.ltrans.o
 .debug_info    0x0000956d      0x64f /tmp/ccDMXaXV.debug.temp.o
                0x0000956d                crt1.c.85f0efe8
 .debug_info    0x00009bbc       0xcd /tmp/ccNZmhOD.debug.temp.o
                0x00009bbc                hal.c.0af7e7f4
 .debug_info    0x00009c89      0x2d6 /tmp/cc4FfkTE.debug.temp.o
                0x00009c89                hal_st.c.53ec5547
 .debug_info    0x00009f5f      0x7ea /tmp/ccGS4NiY.debug.temp.o
                0x00009f5f                hal_queues.c.eaa0576e
 .debug_info    0x0000a749     0x11ce /tmp/ccD8Rj1w.debug.temp.o
                0x0000a749                hal_dac.c.1ab5ae79
 .debug_info    0x0000b917      0x62e /tmp/ccdgNFOu.debug.temp.o
                0x0000b917                hal_gpt.c.6437132e
 .debug_info    0x0000bf45     0x11ba /tmp/ccQh8YtS.debug.temp.o
                0x0000bf45                hal_serial.c.894d271d
 .debug_info    0x0000d0ff     0x1556 /tmp/ccqZorls.debug.temp.o
                0x0000d0ff                hal_spi.c.1d830b65
 .debug_info    0x0000e655      0x5d6 /tmp/ccxcGVav.debug.temp.o
                0x0000e655                nvic.c.14744dad
 .debug_info    0x0000ec2b     0x1138 /tmp/ccSWnuJE.debug.temp.o
                0x0000ec2b                stm32_isr.c.bd6fbf37
 .debug_info    0x0000fd63      0xbb6 /tmp/ccJZrx8d.debug.temp.o
                0x0000fd63                hal_lld.c.996f2bfa
 .debug_info    0x00010919      0x6e8 /tmp/ccdqnFQy.debug.temp.o
                0x00010919                stm32_bdma.c.0ec1eb1a
 .debug_info    0x00011001     0x10b1 /tmp/ccaCknil.debug.temp.o
                0x00011001                hal_dac_lld.c.31d7e79a
 .debug_info    0x000120b2      0x7f0 /tmp/ccinJIDE.debug.temp.o
                0x000120b2                stm32_dma.c.6f3a9933
 .debug_info    0x000128a2      0x230 /tmp/ccVB9f1p.debug.temp.o
                0x000128a2                hal_pal_lld.c.8ed6331b
 .debug_info    0x00012ad2     0x1a0e /tmp/ccaTAUqY.debug.temp.o
                0x00012ad2                hal_spi_v2_lld.c.7807463e
 .debug_info    0x000144e0      0x4ff /tmp/cctOuJUJ.debug.temp.o
                0x000144e0                hal_st_lld.c.ca39c5d5
 .debug_info    0x000149df      0x9ea /tmp/ccfmGbEQ.debug.temp.o
                0x000149df                hal_gpt_lld.c.d4d4142e
 .debug_info    0x000153c9     0x1107 /tmp/cc3xyUk0.debug.temp.o
                0x000153c9                hal_serial_lld.c.6077e3f0
 .debug_info    0x000164d0      0x7dd /tmp/ccd2ow8g.debug.temp.o
                0x000164d0                board.c.597f9f71
 .debug_info    0x00016cad      0xe2e /tmp/cc8feFNn.debug.temp.o
                0x00016cad                chsys.c.9fd1563d
 .debug_info    0x00017adb      0x77c /tmp/ccUCOdUs.debug.temp.o
                0x00017adb                chrfcu.c.79873f48
 .debug_info    0x00018257      0xe34 /tmp/ccBrpfXf.debug.temp.o
                0x00018257                chvt.c.0518c2e4
 .debug_info    0x0001908b      0xc96 /tmp/cc544Dp3.debug.temp.o
                0x0001908b                chschd.c.61c56104
 .debug_info    0x00019d21      0xa73 /tmp/ccj2XdBW.debug.temp.o
                0x00019d21                chinstances.c.606538ee
 .debug_info    0x0001a794     0x1203 /tmp/cczYxHXI.debug.temp.o
                0x0001a794                chthreads.c.c3557a56
 .debug_info    0x0001b997      0xb1b /tmp/cc9q4hLe.debug.temp.o
                0x0001b997                chtm.c.5a619f66
 .debug_info    0x0001c4b2      0xad4 /tmp/cc2uqT3k.debug.temp.o
                0x0001c4b2                chmtx.c.fcc8524b
 .debug_info    0x0001cf86      0xd8c /tmp/ccASXX3A.debug.temp.o
                0x0001cf86                chevents.c.c11d5aa6
 .debug_info    0x0001dd12      0x2f3 /tmp/ccHLGzbb.debug.temp.o
                0x0001dd12                chmemcore.c.f88b5a12
 .debug_info    0x0001e005      0xbcc /tmp/ccyLmnXv.debug.temp.o
                0x0001e005                chmemheaps.c.76731bbe
 .debug_info    0x0001ebd1      0x605 /tmp/ccgjMuZs.debug.temp.o
                0x0001ebd1                chmempools.c.201a98a1
 .debug_info    0x0001f1d6     0x15f5 /tmp/ccgZbrBZ.debug.temp.o
                0x0001f1d6                chfactory.c.44df7d42
 .debug_info    0x000207cb     0x1436 /tmp/cckoU8AR.debug.temp.o
                0x000207cb                chcore.c.27f149ff
 .debug_info    0x00021c01      0x50b /tmp/cceOP696.debug.temp.o
                0x00021c01                chprintf.c.4419cd27
 .debug_info    0x0002210c     0x180a /tmp/cc9knz7b.debug.temp.o
                0x0002210c                dac_ex.c.69e95b03
 .debug_info    0x00023916      0x236 /usr/lib/gcc/arm-none-eabi/14.2.1/../../../arm-none-eabi/lib/thumb/v7e-m/nofp/libm.a(libm_a-sf_sin.o)
 .debug_info    0x00023b4c      0x2db /usr/lib/gcc/arm-none-eabi/14.2.1/../../../arm-none-eabi/lib/thumb/v7e-m/nofp/libm.a(libm_a-kf_sin.o)
 .debug_info    0x00023e27      0x610 /usr/lib/gcc/arm-none-eabi/14.2.1/../../../arm-none-eabi/lib/thumb/v7e-m/nofp/libm.a(libm_a-ef_rem_pio2.o)
 .debug_info    0x00024437      0x13e /usr/lib/gcc/arm-none-eabi/14.2.1/../../../arm-none-eabi/lib/thumb/v7e-m/nofp/libm.a(libm_a-sf_fabs.o)
 .debug_info    0x00024575      0x5ce /usr/lib/gcc/arm-none-eabi/14.2.1/../../../arm-none-eabi/lib/thumb/v7e-m/nofp/libm.a(libm_a-kf_rem_pio2.o)
 .debug_info    0x00024b43      0x25d /usr/lib/gcc/arm-none-eabi/14.2.1/../../../arm-none-eabi/lib/thumb/v7e-m/nofp/libm.a(libm_a-sf_scalbn.o)
 .debug_info    0x00024da0      0x39c /usr/lib/gcc/arm-none-eabi/14.2.1/../../../arm-none-eabi/lib/thumb/v7e-m/nofp/libm.a(libm_a-kf_cos.o)
 .debug_info    0x0002513c      0x1d1 /usr/lib/gcc/arm-none-eabi/14.2.1/../../../arm-none-eabi/lib/thumb/v7e-m/nofp/libm.a(libm_a-sf_floor.o)
 .debug_info    0x0002530d       0x3f /usr/lib/gcc/arm-none-eabi/14.2.1/thumb/v7e-m/nofp/libgcc.a(_arm_mulsf3.o)
 .debug_info    0x0002534c       0xca /usr/lib/gcc/arm-none-eabi/14.2.1/thumb/v7e-m/nofp/libgcc.a(_arm_addsubsf3.o)
 .debug_info    0x00025416       0xdb /usr/lib/gcc/arm-none-eabi/14.2.1/thumb/v7e-m/nofp/libgcc.a(_arm_cmpsf2.o)
 .debug_info    0x000254f1       0x3c /usr/lib/gcc/arm-none-eabi/14.2.1/thumb/v7e-m/nofp/libgcc.a(_arm_fixsfsi.o)
 .debug_info    0x0002552d       0xd3 /usr/lib/gcc/arm-none-eabi/14.2.1/thumb/v7e-m/nofp/libgcc.a(_arm_addsubdf3.o)
 .debug_info    0x00025600       0x57 /usr/lib/gcc/arm-none-eabi/14.2.1/thumb/v7e-m/nofp/libgcc.a(_arm_muldivdf3.o)
 .debug_info    0x00025657       0x3f /usr/lib/gcc/arm-none-eabi/14.2.1/thumb/v7e-m/nofp/libgcc.a(_arm_truncdfsf2.o)
 .debug_info    0x00025696      0x135 /usr/lib/gcc/arm-none-eabi/14.2.1/../../../arm-none-eabi/lib/thumb/v7e-m/nofp/libg.a(libc_a-memset.o)
 .debug_info    0x000257cb       0x33 /usr/lib/gcc/arm-none-eabi/14.2.1/../../../arm-none-eabi/lib/thumb/v7e-m/nofp/libg.a(libc_a-memcpy.o)

.debug_abbrev   0x00000000     0x5c91
 .debug_abbrev  0x00000000       0x14 ./build/obj/crt0_v7m.o
 .debug_abbrev  0x00000014       0x14 ./build/obj/vectors.o
 .debug_abbrev  0x00000028       0x14 ./build/obj/chcoreasm.o
 .debug_abbrev  0x0000003c      0x32a /tmp/cccADbZ4.ltrans0.ltrans.o
 .debug_abbrev  0x00000366      0x17d /tmp/ccDMXaXV.debug.temp.o
 .debug_abbrev  0x000004e3       0x6d /tmp/ccNZmhOD.debug.temp.o
 .debug_abbrev  0x00000550      0x15c /tmp/cc4FfkTE.debug.temp.o
 .debug_abbrev  0x000006ac      0x20e /tmp/ccGS4NiY.debug.temp.o
 .debug_abbrev  0x000008ba      0x2ce /tmp/ccD8Rj1w.debug.temp.o
 .debug_abbrev  0x00000b88      0x1bd /tmp/ccdgNFOu.debug.temp.o
 .debug_abbrev  0x00000d45      0x2ca /tmp/ccQh8YtS.debug.temp.o
 .debug_abbrev  0x0000100f      0x2f9 /tmp/ccqZorls.debug.temp.o
 .debug_abbrev  0x00001308      0x13f /tmp/ccxcGVav.debug.temp.o
 .debug_abbrev  0x00001447      0x1ee /tmp/ccSWnuJE.debug.temp.o
 .debug_abbrev  0x00001635      0x1be /tmp/ccJZrx8d.debug.temp.o
 .debug_abbrev  0x000017f3      0x205 /tmp/ccdqnFQy.debug.temp.o
 .debug_abbrev  0x000019f8      0x2a6 /tmp/ccaCknil.debug.temp.o
 .debug_abbrev  0x00001c9e      0x202 /tmp/ccinJIDE.debug.temp.o
 .debug_abbrev  0x00001ea0       0xf2 /tmp/ccVB9f1p.debug.temp.o
 .debug_abbrev  0x00001f92      0x319 /tmp/ccaTAUqY.debug.temp.o
 .debug_abbrev  0x000022ab      0x14c /tmp/cctOuJUJ.debug.temp.o
 .debug_abbrev  0x000023f7      0x1c6 /tmp/ccfmGbEQ.debug.temp.o
 .debug_abbrev  0x000025bd      0x2ad /tmp/cc3xyUk0.debug.temp.o
 .debug_abbrev  0x0000286a      0x1e6 /tmp/ccd2ow8g.debug.temp.o
 .debug_abbrev  0x00002a50      0x389 /tmp/cc8feFNn.debug.temp.o
 .debug_abbrev  0x00002dd9      0x174 /tmp/ccUCOdUs.debug.temp.o
 .debug_abbrev  0x00002f4d      0x2bb /tmp/ccBrpfXf.debug.temp.o
 .debug_abbrev  0x00003208      0x25d /tmp/cc544Dp3.debug.temp.o
 .debug_abbrev  0x00003465      0x26a /tmp/ccj2XdBW.debug.temp.o
 .debug_abbrev  0x000036cf      0x30a /tmp/cczYxHXI.debug.temp.o
 .debug_abbrev  0x000039d9      0x206 /tmp/cc9q4hLe.debug.temp.o
 .debug_abbrev  0x00003bdf      0x2c3 /tmp/cc2uqT3k.debug.temp.o
 .debug_abbrev  0x00003ea2      0x2b5 /tmp/ccASXX3A.debug.temp.o
 .debug_abbrev  0x00004157      0x15c /tmp/ccHLGzbb.debug.temp.o
 .debug_abbrev  0x000042b3      0x292 /tmp/ccyLmnXv.debug.temp.o
 .debug_abbrev  0x00004545      0x208 /tmp/ccgjMuZs.debug.temp.o
 .debug_abbrev  0x0000474d      0x29f /tmp/ccgZbrBZ.debug.temp.o
 .debug_abbrev  0x000049ec      0x288 /tmp/cckoU8AR.debug.temp.o
 .debug_abbrev  0x00004c74      0x1c9 /tmp/cceOP696.debug.temp.o
 .debug_abbrev  0x00004e3d      0x2d8 /tmp/cc9knz7b.debug.temp.o
 .debug_abbrev  0x00005115      0x162 /usr/lib/gcc/arm-none-eabi/14.2.1/../../../arm-none-eabi/lib/thumb/v7e-m/nofp/libm.a(libm_a-sf_sin.o)
 .debug_abbrev  0x00005277      0x10e /usr/lib/gcc/arm-none-eabi/14.2.1/../../../arm-none-eabi/lib/thumb/v7e-m/nofp/libm.a(libm_a-kf_sin.o)
 .debug_abbrev  0x00005385      0x191 /usr/lib/gcc/arm-none-eabi/14.2.1/../../../arm-none-eabi/lib/thumb/v7e-m/nofp/libm.a(libm_a-ef_rem_pio2.o)
 .debug_abbrev  0x00005516       0xd4 /usr/lib/gcc/arm-none-eabi/14.2.1/../../../arm-none-eabi/lib/thumb/v7e-m/nofp/libm.a(libm_a-sf_fabs.o)
 .debug_abbrev  0x000055ea      0x16f /usr/lib/gcc/arm-none-eabi/14.2.1/../../../arm-none-eabi/lib/thumb/v7e-m/nofp/libm.a(libm_a-kf_rem_pio2.o)
 .debug_abbrev  0x00005759      0x127 /usr/lib/gcc/arm-none-eabi/14.2.1/../../../arm-none-eabi/lib/thumb/v7e-m/nofp/libm.a(libm_a-sf_scalbn.o)
 .debug_abbrev  0x00005880      0x109 /usr/lib/gcc/arm-none-eabi/14.2.1/../../../arm-none-eabi/lib/thumb/v7e-m/nofp/libm.a(libm_a-kf_cos.o)
 .debug_abbrev  0x00005989      0x113 /usr/lib/gcc/arm-none-eabi/14.2.1/../../../arm-none-eabi/lib/thumb/v7e-m/nofp/libm.a(libm_a-sf_floor.o)
 .debug_abbrev  0x00005a9c       0x26 /usr/lib/gcc/arm-none-eabi/14.2.1/thumb/v7e-m/nofp/libgcc.a(_arm_mulsf3.o)
 .debug_abbrev  0x00005ac2       0x28 /usr/lib/gcc/arm-none-eabi/14.2.1/thumb/v7e-m/nofp/libgcc.a(_arm_addsubsf3.o)
 .debug_abbrev  0x00005aea       0x28 /usr/lib/gcc/arm-none-eabi/14.2.1/thumb/v7e-m/nofp/libgcc.a(_arm_cmpsf2.o)
 .debug_abbrev  0x00005b12       0x28 /usr/lib/gcc/arm-none-eabi/14.2.1/thumb/v7e-m/nofp/libgcc.a(_arm_fixsfsi.o)
 .debug_abbrev  0x00005b3a       0x28 /usr/lib/gcc/arm-none-eabi/14.2.1/thumb/v7e-m/nofp/libgcc.a(_arm_addsubdf3.o)
 .debug_abbrev  0x00005b62       0x28 /usr/lib/gcc/arm-none-eabi/14.2.1/thumb/v7e-m/nofp/libgcc.a(_arm_muldivdf3.o)
 .debug_abbrev  0x00005b8a       0x28 /usr/lib/gcc/arm-none-eabi/14.2.1/thumb/v7e-m/nofp/libgcc.a(_arm_truncdfsf2.o)
 .debug_abbrev  0x00005bb2       0xb7 /usr/lib/gcc/arm-none-eabi/14.2.1/../../../arm-none-eabi/lib/thumb/v7e-m/nofp/libg.a(libc_a-memset.o)
 .debug_abbrev  0x00005c69       0x28 /usr/lib/gcc/arm-none-eabi/14.2.1/../../../arm-none-eabi/lib/thumb/v7e-m/nofp/libg.a(libc_a-memcpy.o)

.debug_aranges  0x00000000      0x4c8
 .debug_aranges
                0x00000000       0x20 ./build/obj/crt0_v7m.o
 .debug_aranges
                0x00000020       0x20 ./build/obj/vectors.o
 .debug_aranges
                0x00000040       0x20 ./build/obj/chcoreasm.o
 .debug_aranges
                0x00000060      0x248 /tmp/cccADbZ4.ltrans0.ltrans.o
 .debug_aranges
                0x000002a8       0x20 /usr/lib/gcc/arm-none-eabi/14.2.1/../../../arm-none-eabi/lib/thumb/v7e-m/nofp/libm.a(libm_a-sf_sin.o)
 .debug_aranges
                0x000002c8       0x20 /usr/lib/gcc/arm-none-eabi/14.2.1/../../../arm-none-eabi/lib/thumb/v7e-m/nofp/libm.a(libm_a-kf_sin.o)
 .debug_aranges
                0x000002e8       0x20 /usr/lib/gcc/arm-none-eabi/14.2.1/../../../arm-none-eabi/lib/thumb/v7e-m/nofp/libm.a(libm_a-ef_rem_pio2.o)
 .debug_aranges
                0x00000308       0x20 /usr/lib/gcc/arm-none-eabi/14.2.1/../../../arm-none-eabi/lib/thumb/v7e-m/nofp/libm.a(libm_a-sf_fabs.o)
 .debug_aranges
                0x00000328       0x20 /usr/lib/gcc/arm-none-eabi/14.2.1/../../../arm-none-eabi/lib/thumb/v7e-m/nofp/libm.a(libm_a-kf_rem_pio2.o)
 .debug_aranges
                0x00000348       0x20 /usr/lib/gcc/arm-none-eabi/14.2.1/../../../arm-none-eabi/lib/thumb/v7e-m/nofp/libm.a(libm_a-sf_scalbn.o)
 .debug_aranges
                0x00000368       0x20 /usr/lib/gcc/arm-none-eabi/14.2.1/../../../arm-none-eabi/lib/thumb/v7e-m/nofp/libm.a(libm_a-kf_cos.o)
 .debug_aranges
                0x00000388       0x20 /usr/lib/gcc/arm-none-eabi/14.2.1/../../../arm-none-eabi/lib/thumb/v7e-m/nofp/libm.a(libm_a-sf_floor.o)
 .debug_aranges
                0x000003a8       0x20 /usr/lib/gcc/arm-none-eabi/14.2.1/thumb/v7e-m/nofp/libgcc.a(_arm_mulsf3.o)
 .debug_aranges
                0x000003c8       0x20 /usr/lib/gcc/arm-none-eabi/14.2.1/thumb/v7e-m/nofp/libgcc.a(_arm_addsubsf3.o)
 .debug_aranges
                0x000003e8       0x20 /usr/lib/gcc/arm-none-eabi/14.2.1/thumb/v7e-m/nofp/libgcc.a(_arm_cmpsf2.o)
 .debug_aranges
                0x00000408       0x20 /usr/lib/gcc/arm-none-eabi/14.2.1/thumb/v7e-m/nofp/libgcc.a(_arm_fixsfsi.o)
 .debug_aranges
                0x00000428       0x20 /usr/lib/gcc/arm-none-eabi/14.2.1/thumb/v7e-m/nofp/libgcc.a(_arm_addsubdf3.o)
 .debug_aranges
                0x00000448       0x20 /usr/lib/gcc/arm-none-eabi/14.2.1/thumb/v7e-m/nofp/libgcc.a(_arm_muldivdf3.o)
 .debug_aranges
                0x00000468       0x20 /usr/lib/gcc/arm-none-eabi/14.2.1/thumb/v7e-m/nofp/libgcc.a(_arm_truncdfsf2.o)
 .debug_aranges
                0x00000488       0x20 /usr/lib/gcc/arm-none-eabi/14.2.1/../../../arm-none-eabi/lib/thumb/v7e-m/nofp/libg.a(libc_a-memset.o)
 .debug_aranges
                0x000004a8       0x20 /usr/lib/gcc/arm-none-eabi/14.2.1/../../../arm-none-eabi/lib/thumb/v7e-m/nofp/libg.a(libc_a-memcpy.o)

.debug_str      0x00000000     0x5d51
 .debug_str     0x00000000     0x5d51 ./build/obj/crt0_v7m.o
                                 0x8f (size before relaxing)
 .debug_str     0x00005d51       0x8e ./build/obj/vectors.o
 .debug_str     0x00005d51       0x8f ./build/obj/chcoreasm.o
 .debug_str     0x00005d51      0x22b /tmp/cccADbZ4.ltrans0.ltrans.o
 .debug_str     0x00005d51      0x611 /tmp/ccDMXaXV.debug.temp.o
 .debug_str     0x00005d51      0x214 /tmp/ccNZmhOD.debug.temp.o
 .debug_str     0x00005d51      0x2eb /tmp/cc4FfkTE.debug.temp.o
 .debug_str     0x00005d51      0x492 /tmp/ccGS4NiY.debug.temp.o
 .debug_str     0x00005d51      0xb10 /tmp/ccD8Rj1w.debug.temp.o
 .debug_str     0x00005d51      0x435 /tmp/ccdgNFOu.debug.temp.o
 .debug_str     0x00005d51      0x987 /tmp/ccQh8YtS.debug.temp.o
 .debug_str     0x00005d51      0xb23 /tmp/ccqZorls.debug.temp.o
 .debug_str     0x00005d51      0x3f5 /tmp/ccxcGVav.debug.temp.o
 .debug_str     0x00005d51      0xe3f /tmp/ccSWnuJE.debug.temp.o
 .debug_str     0x00005d51      0x71d /tmp/ccJZrx8d.debug.temp.o
 .debug_str     0x00005d51      0x50b /tmp/ccdqnFQy.debug.temp.o
 .debug_str     0x00005d51      0xb63 /tmp/ccaCknil.debug.temp.o
 .debug_str     0x00005d51      0x554 /tmp/ccinJIDE.debug.temp.o
 .debug_str     0x00005d51      0x2a5 /tmp/ccVB9f1p.debug.temp.o
 .debug_str     0x00005d51      0xe93 /tmp/ccaTAUqY.debug.temp.o
 .debug_str     0x00005d51      0x466 /tmp/cctOuJUJ.debug.temp.o
 .debug_str     0x00005d51      0x5f6 /tmp/ccfmGbEQ.debug.temp.o
 .debug_str     0x00005d51      0xa3f /tmp/cc3xyUk0.debug.temp.o
 .debug_str     0x00005d51      0x581 /tmp/ccd2ow8g.debug.temp.o
 .debug_str     0x00005d51      0xa57 /tmp/cc8feFNn.debug.temp.o
 .debug_str     0x00005d51      0x5af /tmp/ccUCOdUs.debug.temp.o
 .debug_str     0x00005d51      0x8b0 /tmp/ccBrpfXf.debug.temp.o
 .debug_str     0x00005d51      0x7fb /tmp/cc544Dp3.debug.temp.o
 .debug_str     0x00005d51      0x7b6 /tmp/ccj2XdBW.debug.temp.o
 .debug_str     0x00005d51      0xa10 /tmp/cczYxHXI.debug.temp.o
 .debug_str     0x00005d51      0x7bf /tmp/cc9q4hLe.debug.temp.o
 .debug_str     0x00005d51      0x70b /tmp/cc2uqT3k.debug.temp.o
 .debug_str     0x00005d51      0x849 /tmp/ccASXX3A.debug.temp.o
 .debug_str     0x00005d51      0x2fe /tmp/ccHLGzbb.debug.temp.o
 .debug_str     0x00005d51      0x762 /tmp/ccyLmnXv.debug.temp.o
 .debug_str     0x00005d51      0x477 /tmp/ccgjMuZs.debug.temp.o
 .debug_str     0x00005d51      0xc75 /tmp/ccgZbrBZ.debug.temp.o
 .debug_str     0x00005d51     0x1246 /tmp/cckoU8AR.debug.temp.o
 .debug_str     0x00005d51      0x358 /tmp/cceOP696.debug.temp.o
 .debug_str     0x00005d51      0xd39 /tmp/cc9knz7b.debug.temp.o
 .debug_str     0x00005d51      0x20c /usr/lib/gcc/arm-none-eabi/14.2.1/../../../arm-none-eabi/lib/thumb/v7e-m/nofp/libm.a(libm_a-sf_sin.o)
 .debug_str     0x00005d51      0x211 /usr/lib/gcc/arm-none-eabi/14.2.1/../../../arm-none-eabi/lib/thumb/v7e-m/nofp/libm.a(libm_a-kf_sin.o)
 .debug_str     0x00005d51      0x2ae /usr/lib/gcc/arm-none-eabi/14.2.1/../../../arm-none-eabi/lib/thumb/v7e-m/nofp/libm.a(libm_a-ef_rem_pio2.o)
 .debug_str     0x00005d51      0x1cc /usr/lib/gcc/arm-none-eabi/14.2.1/../../../arm-none-eabi/lib/thumb/v7e-m/nofp/libm.a(libm_a-sf_fabs.o)
 .debug_str     0x00005d51      0x256 /usr/lib/gcc/arm-none-eabi/14.2.1/../../../arm-none-eabi/lib/thumb/v7e-m/nofp/libm.a(libm_a-kf_rem_pio2.o)
 .debug_str     0x00005d51      0x224 /usr/lib/gcc/arm-none-eabi/14.2.1/../../../arm-none-eabi/lib/thumb/v7e-m/nofp/libm.a(libm_a-sf_scalbn.o)
 .debug_str     0x00005d51      0x211 /usr/lib/gcc/arm-none-eabi/14.2.1/../../../arm-none-eabi/lib/thumb/v7e-m/nofp/libm.a(libm_a-kf_cos.o)
 .debug_str     0x00005d51      0x200 /usr/lib/gcc/arm-none-eabi/14.2.1/../../../arm-none-eabi/lib/thumb/v7e-m/nofp/libm.a(libm_a-sf_floor.o)
 .debug_str     0x00005d51       0xb7 /usr/lib/gcc/arm-none-eabi/14.2.1/thumb/v7e-m/nofp/libgcc.a(_arm_mulsf3.o)
 .debug_str     0x00005d51      0x141 /usr/lib/gcc/arm-none-eabi/14.2.1/thumb/v7e-m/nofp/libgcc.a(_arm_addsubsf3.o)
 .debug_str     0x00005d51      0x156 /usr/lib/gcc/arm-none-eabi/14.2.1/thumb/v7e-m/nofp/libgcc.a(_arm_cmpsf2.o)
 .debug_str     0x00005d51       0xb8 /usr/lib/gcc/arm-none-eabi/14.2.1/thumb/v7e-m/nofp/libgcc.a(_arm_fixsfsi.o)
 .debug_str     0x00005d51      0x14d /usr/lib/gcc/arm-none-eabi/14.2.1/thumb/v7e-m/nofp/libgcc.a(_arm_addsubdf3.o)
 .debug_str     0x00005d51       0xcd /usr/lib/gcc/arm-none-eabi/14.2.1/thumb/v7e-m/nofp/libgcc.a(_arm_muldivdf3.o)
 .debug_str     0x00005d51       0xba /usr/lib/gcc/arm-none-eabi/14.2.1/thumb/v7e-m/nofp/libgcc.a(_arm_truncdfsf2.o)
 .debug_str     0x00005d51      0x1a6 /usr/lib/gcc/arm-none-eabi/14.2.1/../../../arm-none-eabi/lib/thumb/v7e-m/nofp/libg.a(libc_a-memset.o)
 .debug_str     0x00005d51       0xab /usr/lib/gcc/arm-none-eabi/14.2.1/../../../arm-none-eabi/lib/thumb/v7e-m/nofp/libg.a(libc_a-memcpy.o)

.debug_loclists
                0x00000000     0x6487
 .debug_loclists
                0x00000000     0x4db2 /tmp/cccADbZ4.ltrans0.ltrans.o
 .debug_loclists
                0x00004db2       0x85 /usr/lib/gcc/arm-none-eabi/14.2.1/../../../arm-none-eabi/lib/thumb/v7e-m/nofp/libm.a(libm_a-sf_sin.o)
 .debug_loclists
                0x00004e37       0xe9 /usr/lib/gcc/arm-none-eabi/14.2.1/../../../arm-none-eabi/lib/thumb/v7e-m/nofp/libm.a(libm_a-kf_sin.o)
 .debug_loclists
                0x00004f20      0x560 /usr/lib/gcc/arm-none-eabi/14.2.1/../../../arm-none-eabi/lib/thumb/v7e-m/nofp/libm.a(libm_a-ef_rem_pio2.o)
 .debug_loclists
                0x00005480       0x57 /usr/lib/gcc/arm-none-eabi/14.2.1/../../../arm-none-eabi/lib/thumb/v7e-m/nofp/libm.a(libm_a-sf_fabs.o)
 .debug_loclists
                0x000054d7      0x9cd /usr/lib/gcc/arm-none-eabi/14.2.1/../../../arm-none-eabi/lib/thumb/v7e-m/nofp/libm.a(libm_a-kf_rem_pio2.o)
 .debug_loclists
                0x00005ea4      0x213 /usr/lib/gcc/arm-none-eabi/14.2.1/../../../arm-none-eabi/lib/thumb/v7e-m/nofp/libm.a(libm_a-sf_scalbn.o)
 .debug_loclists
                0x000060b7      0x14d /usr/lib/gcc/arm-none-eabi/14.2.1/../../../arm-none-eabi/lib/thumb/v7e-m/nofp/libm.a(libm_a-kf_cos.o)
 .debug_loclists
                0x00006204       0xc1 /usr/lib/gcc/arm-none-eabi/14.2.1/../../../arm-none-eabi/lib/thumb/v7e-m/nofp/libm.a(libm_a-sf_floor.o)
 .debug_loclists
                0x000062c5      0x1c2 /usr/lib/gcc/arm-none-eabi/14.2.1/../../../arm-none-eabi/lib/thumb/v7e-m/nofp/libg.a(libc_a-memset.o)

.debug_rnglists
                0x00000000     0x1601
 .debug_rnglists
                0x00000000     0x1555 /tmp/cccADbZ4.ltrans0.ltrans.o
 .debug_rnglists
                0x00001555       0x13 /usr/lib/gcc/arm-none-eabi/14.2.1/../../../arm-none-eabi/lib/thumb/v7e-m/nofp/libm.a(libm_a-sf_sin.o)
 .debug_rnglists
                0x00001568       0x13 /usr/lib/gcc/arm-none-eabi/14.2.1/../../../arm-none-eabi/lib/thumb/v7e-m/nofp/libm.a(libm_a-kf_sin.o)
 .debug_rnglists
                0x0000157b       0x29 /usr/lib/gcc/arm-none-eabi/14.2.1/../../../arm-none-eabi/lib/thumb/v7e-m/nofp/libm.a(libm_a-ef_rem_pio2.o)
 .debug_rnglists
                0x000015a4       0x13 /usr/lib/gcc/arm-none-eabi/14.2.1/../../../arm-none-eabi/lib/thumb/v7e-m/nofp/libm.a(libm_a-sf_fabs.o)
 .debug_rnglists
                0x000015b7       0x21 /usr/lib/gcc/arm-none-eabi/14.2.1/../../../arm-none-eabi/lib/thumb/v7e-m/nofp/libm.a(libm_a-sf_scalbn.o)
 .debug_rnglists
                0x000015d8       0x13 /usr/lib/gcc/arm-none-eabi/14.2.1/../../../arm-none-eabi/lib/thumb/v7e-m/nofp/libm.a(libm_a-kf_cos.o)
 .debug_rnglists
                0x000015eb       0x16 /usr/lib/gcc/arm-none-eabi/14.2.1/../../../arm-none-eabi/lib/thumb/v7e-m/nofp/libm.a(libm_a-sf_floor.o)

.debug_frame    0x00000000      0xba4
 .debug_frame   0x00000000      0x72c /tmp/cccADbZ4.ltrans0.ltrans.o
 .debug_frame   0x0000072c       0x38 /usr/lib/gcc/arm-none-eabi/14.2.1/../../../arm-none-eabi/lib/thumb/v7e-m/nofp/libm.a(libm_a-sf_sin.o)
 .debug_frame   0x00000764       0x34 /usr/lib/gcc/arm-none-eabi/14.2.1/../../../arm-none-eabi/lib/thumb/v7e-m/nofp/libm.a(libm_a-kf_sin.o)
 .debug_frame   0x00000798       0x40 /usr/lib/gcc/arm-none-eabi/14.2.1/../../../arm-none-eabi/lib/thumb/v7e-m/nofp/libm.a(libm_a-ef_rem_pio2.o)
 .debug_frame   0x000007d8       0x20 /usr/lib/gcc/arm-none-eabi/14.2.1/../../../arm-none-eabi/lib/thumb/v7e-m/nofp/libm.a(libm_a-sf_fabs.o)
 .debug_frame   0x000007f8       0x50 /usr/lib/gcc/arm-none-eabi/14.2.1/../../../arm-none-eabi/lib/thumb/v7e-m/nofp/libm.a(libm_a-kf_rem_pio2.o)
 .debug_frame   0x00000848       0x28 /usr/lib/gcc/arm-none-eabi/14.2.1/../../../arm-none-eabi/lib/thumb/v7e-m/nofp/libm.a(libm_a-sf_scalbn.o)
 .debug_frame   0x00000870       0x34 /usr/lib/gcc/arm-none-eabi/14.2.1/../../../arm-none-eabi/lib/thumb/v7e-m/nofp/libm.a(libm_a-kf_cos.o)
 .debug_frame   0x000008a4       0x30 /usr/lib/gcc/arm-none-eabi/14.2.1/../../../arm-none-eabi/lib/thumb/v7e-m/nofp/libm.a(libm_a-sf_floor.o)
 .debug_frame   0x000008d4       0x24 /usr/lib/gcc/arm-none-eabi/14.2.1/thumb/v7e-m/nofp/libgcc.a(_arm_mulsf3.o)
 .debug_frame   0x000008f8       0x4c /usr/lib/gcc/arm-none-eabi/14.2.1/thumb/v7e-m/nofp/libgcc.a(_arm_addsubsf3.o)
 .debug_frame   0x00000944       0xc8 /usr/lib/gcc/arm-none-eabi/14.2.1/thumb/v7e-m/nofp/libgcc.a(_arm_cmpsf2.o)
 .debug_frame   0x00000a0c       0x24 /usr/lib/gcc/arm-none-eabi/14.2.1/thumb/v7e-m/nofp/libgcc.a(_arm_fixsfsi.o)
 .debug_frame   0x00000a30       0xac /usr/lib/gcc/arm-none-eabi/14.2.1/thumb/v7e-m/nofp/libgcc.a(_arm_addsubdf3.o)
 .debug_frame   0x00000adc       0x50 /usr/lib/gcc/arm-none-eabi/14.2.1/thumb/v7e-m/nofp/libgcc.a(_arm_muldivdf3.o)
 .debug_frame   0x00000b2c       0x24 /usr/lib/gcc/arm-none-eabi/14.2.1/thumb/v7e-m/nofp/libgcc.a(_arm_truncdfsf2.o)
 .debug_frame   0x00000b50       0x2c /usr/lib/gcc/arm-none-eabi/14.2.1/../../../arm-none-eabi/lib/thumb/v7e-m/nofp/libg.a(libc_a-memset.o)
 .debug_frame   0x00000b7c       0x28 /usr/lib/gcc/arm-none-eabi/14.2.1/../../../arm-none-eabi/lib/thumb/v7e-m/nofp/libg.a(libc_a-memcpy.o)

Cross Reference Table

Symbol                                            File
BusFault_Handler                                  ./build/obj/vectors.o
DACD1                                             ./build/obj/hal_dac_lld.o (symbol from plugin)
                                                  ./build/obj/dac_ex.o (symbol from plugin)
DACD2                                             ./build/obj/hal_dac_lld.o (symbol from plugin)
                                                  ./build/obj/dac_ex.o (symbol from plugin)
DebugMon_Handler                                  ./build/obj/vectors.o
GPTD6                                             ./build/obj/hal_gpt_lld.o (symbol from plugin)
                                                  ./build/obj/stm32_isr.o (symbol from plugin)
HardFault_Handler                                 ./build/obj/vectors.o
MemManage_Handler                                 ./build/obj/vectors.o
NMI_Handler                                       ./build/obj/vectors.o
PendSV_Handler                                    ./build/obj/vectors.o
Reset_Handler                                     ./build/obj/vectors.o
SD3                                               ./build/obj/hal_serial_lld.o (symbol from plugin)
                                                  ./build/obj/stm32_isr.o (symbol from plugin)
SD5                                               ./build/obj/hal_serial_lld.o (symbol from plugin)
                                                  ./build/obj/dac_ex.o (symbol from plugin)
                                                  ./build/obj/stm32_isr.o (symbol from plugin)
SPID1                                             ./build/obj/hal_spi_v2_lld.o (symbol from plugin)
SPID6                                             ./build/obj/hal_spi_v2_lld.o (symbol from plugin)
SVC_Handler                                       /tmp/cccADbZ4.ltrans0.ltrans.o
                                                  ./build/obj/chcore.o (symbol from plugin)
                                                  ./build/obj/vectors.o
SecureFault_Handler                               ./build/obj/vectors.o
SysTick_Handler                                   ./build/obj/vectors.o
SystemCoreClock                                   ./build/obj/hal_lld.o (symbol from plugin)
UsageFault_Handler                                ./build/obj/vectors.o
Vector100                                         ./build/obj/vectors.o
Vector104                                         ./build/obj/vectors.o
Vector108                                         ./build/obj/vectors.o
Vector10C                                         ./build/obj/vectors.o
Vector110                                         ./build/obj/vectors.o
Vector114                                         /tmp/cccADbZ4.ltrans0.ltrans.o
                                                  ./build/obj/stm32_isr.o (symbol from plugin)
                                                  ./build/obj/vectors.o
Vector118                                         /tmp/cccADbZ4.ltrans0.ltrans.o
                                                  ./build/obj/stm32_isr.o (symbol from plugin)
                                                  ./build/obj/vectors.o
Vector11C                                         ./build/obj/vectors.o
Vector120                                         /tmp/cccADbZ4.ltrans0.ltrans.o
                                                  ./build/obj/stm32_dma.o (symbol from plugin)
                                                  ./build/obj/vectors.o
Vector124                                         /tmp/cccADbZ4.ltrans0.ltrans.o
                                                  ./build/obj/stm32_dma.o (symbol from plugin)
                                                  ./build/obj/vectors.o
Vector128                                         /tmp/cccADbZ4.ltrans0.ltrans.o
                                                  ./build/obj/stm32_dma.o (symbol from plugin)
                                                  ./build/obj/vectors.o
Vector12C                                         /tmp/cccADbZ4.ltrans0.ltrans.o
                                                  ./build/obj/stm32_dma.o (symbol from plugin)
                                                  ./build/obj/vectors.o
Vector130                                         /tmp/cccADbZ4.ltrans0.ltrans.o
                                                  ./build/obj/stm32_dma.o (symbol from plugin)
                                                  ./build/obj/vectors.o
Vector134                                         ./build/obj/vectors.o
Vector138                                         ./build/obj/vectors.o
Vector13C                                         ./build/obj/vectors.o
Vector140                                         ./build/obj/vectors.o